---
source: crates/stylex-shared/tests/transform_stylex_define_consts_test/define_consts_in_stylex_create.rs
assertion_line: 57
expression: output
---
import * as stylex from '@stylexjs/stylex';
import { colors } from './constants.stylex';
export const styles = {
    root: {
        kWkggS: "xtkzszc",
        $$css: true
    }
};
