---
source: crates/stylex-shared/tests/transform_stylex_define_consts_test/define_consts.rs
expression: output
---
import * as stylex from '@stylexjs/stylex';
import { breakpoints } from './input.stylex';
export const styles = {
    root: {
        kMwMTN: "x1e2nbdu x1h416lx xb4xsky",
        $$css: true
    }
};
