   Compiling proc-macro2 v1.0.106
   Compiling unicode-ident v1.0.24
   Compiling quote v1.0.47
   Compiling cfg-if v1.0.4
   Compiling memchr v2.8.0
   Compiling serde_core v1.0.229
   Compiling once_cell v1.21.4
   Compiling allocator-api2 v0.2.21
   Compiling libc v0.2.186
   Compiling equivalent v1.0.2
   Compiling stable_deref_trait v1.2.1
   Compiling foldhash v0.2.0
   Compiling serde v1.0.229
   Compiling siphasher v1.0.2
   Compiling itoa v1.0.18
   Compiling version_check v0.9.5
   Compiling rustc-hash v2.1.3
   Compiling smallvec v1.15.1
   Compiling hashbrown v0.17.1
   Compiling writeable v0.6.4
   Compiling autocfg v1.5.0
   Compiling litemap v0.8.2
   Compiling pin-project-lite v0.2.17
   Compiling zmij v1.0.21
   Compiling zerocopy v0.8.48
   Compiling serde_json v1.0.151
   Compiling syn v2.0.117
   Compiling syn v3.0.4
   Compiling ahash v0.8.12
   Compiling utf8_iter v1.0.4
   Compiling icu_properties_data v2.3.0
   Compiling icu_normalizer_data v2.3.0
   Compiling write16 v1.0.0
   Compiling utf16_iter v1.0.5
   Compiling num-traits v0.2.19
   Compiling parking_lot_core v0.9.12
   Compiling scopeguard v1.2.0
   Compiling regex-syntax v0.8.10
   Compiling percent-encoding v2.3.2
   Compiling lock_api v0.4.14
   Compiling anyhow v1.0.104
   Compiling tracing-core v0.1.36
   Compiling termcolor v1.4.1
   Compiling indexmap v2.14.0
   Compiling num-integer v0.1.47
   Compiling radium v0.7.0
   Compiling tap v1.0.1
   Compiling either v1.15.0
   Compiling wyz v0.5.1
   Compiling form_urlencoded v1.2.2
   Compiling aho-corasick v1.1.4
   Compiling heck v0.5.0
   Compiling uuid v1.23.1
   Compiling bitflags v2.13.1
   Compiling new_debug_unreachable v1.0.6
   Compiling vsimd v0.8.0
   Compiling bytes v1.11.1
   Compiling outref v0.5.2
   Compiling funty v2.0.0
   Compiling base64-simd v0.8.0
   Compiling if_chain v1.0.3
   Compiling regex-automata v0.4.16
   Compiling synstructure v0.13.2
   Compiling hashbrown v0.14.5
   Compiling swc_macros_common v1.0.1
   Compiling bitvec v1.0.1
   Compiling unicode-id-start v1.4.0
   Compiling data-encoding v2.11.0
   Compiling unicode-width v0.2.2
   Compiling find-msvc-tools v0.1.9
   Compiling scoped-tls v1.0.1
   Compiling cbor4ii v1.2.2
   Compiling shlex v1.3.0
   Compiling cc v1.2.61
   Compiling better_scoped_tls v1.0.1
   Compiling swc_visit v2.0.1
   Compiling parking_lot v0.12.5
   Compiling static_assertions v1.1.0
   Compiling siphasher v0.3.11
   Compiling rand_core v0.6.4
   Compiling rustversion v1.0.22
   Compiling rand v0.8.6
   Compiling phf_shared v0.11.3
   Compiling regex v1.12.3
   Compiling phf_generator v0.11.3
   Compiling object v0.37.3
   Compiling ryu v1.0.23
   Compiling crossbeam-utils v0.8.21
   Compiling log v0.4.33
   Compiling fastrand v2.3.0
   Compiling hashbrown v0.16.1
   Compiling typenum v1.19.0
   Compiling generic-array v0.14.9
   Compiling dragonbox_ecma v0.1.12
   Compiling par-core v2.0.0
   Compiling dashmap v6.2.1
   Compiling num_cpus v1.17.0
   Compiling castaway v0.2.4
   Compiling phf_shared v0.14.0
   Compiling compact_str v0.7.1
   Compiling phf_generator v0.14.0
   Compiling regress v0.11.1
   Compiling seq-macro v0.3.6
   Compiling crypto-common v0.1.6
   Compiling block-buffer v0.10.4
   Compiling owo-colors v4.2.2
   Compiling digest v0.10.7
   Compiling cpufeatures v0.2.17
   Compiling bstr v1.12.1
   Compiling rustix v1.1.4
   Compiling ar_archive_writer v0.5.1
   Compiling camino v1.1.11
   Compiling thiserror v1.0.69
   Compiling stacker v0.1.24
   Compiling unicode-linebreak v0.1.5
   Compiling textwrap v0.16.2
   Compiling globset v0.4.18
   Compiling errno v0.3.14
   Compiling bumpalo v3.20.2
   Compiling lazy_static v1.5.0
   Compiling unicode-width v0.1.14
   Compiling psm v0.1.31
   Compiling sharded-slab v0.1.7
   Compiling swc_allocator v5.0.0
   Compiling tracing-log v0.2.0
   Compiling matchers v0.2.0
   Compiling semver v1.0.28
   Compiling thread_local v1.1.9
   Compiling diff v0.1.13
   Compiling glob v0.3.4
   Compiling relative-path v1.9.3
   Compiling nu-ansi-term v0.50.1
   Compiling yansi v1.0.1
   Compiling ascii v1.1.0
   Compiling base64 v0.22.1
   Compiling getrandom v0.3.4
   Compiling pretty_assertions v1.4.1
   Compiling difference v2.0.0
   Compiling sha2 v0.10.9
   Compiling sha1 v0.10.6
   Compiling hex v0.4.3
   Compiling swc_core v75.0.0
   Compiling ansi_term v0.12.1
   Compiling tempfile v3.21.0
   Compiling swc_plugin v1.0.1
   Compiling colored v3.1.1
   Compiling arrayvec v0.7.8
   Compiling radix_fmt v1.0.0
   Compiling futures-core v0.3.32
   Compiling strsim v0.11.1
   Compiling unicode-segmentation v1.13.2
   Compiling xxhash-rust v0.8.18
   Compiling ryu-js v1.0.3
   Compiling murmur2 v0.1.0
   Compiling futures-io v0.3.32
   Compiling icu_locale_fallback_data v2.3.0
   Compiling ident_case v1.0.1
   Compiling thiserror v2.0.20
   Compiling fnv v1.0.7
   Compiling futures-sink v0.3.32
   Compiling darling_core v0.20.11
   Compiling fixedbitset v0.5.7
   Compiling libm v0.2.16
   Compiling napi-build v2.4.0
   Compiling futures-channel v0.3.32
   Compiling synstructure v0.14.0
   Compiling phf_shared v0.13.1
   Compiling link-section v0.19.2
   Compiling parking v2.2.1
   Compiling fast-float2 v0.2.4
   Compiling utf8parse v0.2.2
   Compiling slab v0.4.12
   Compiling cow-utils v0.1.3
   Compiling linktime-proc-macro v0.2.2
   Compiling winnow v1.0.4
   Compiling pastey v0.2.3
   Compiling futures-task v0.3.32
   Compiling bit-vec v0.8.0
   Compiling crc32fast v1.5.0
   Compiling toml_parser v1.1.3+spec-1.1.0
   Compiling bit-set v0.8.0
   Compiling boa_string v0.22.0
   Compiling anstyle-parse v1.0.0
   Compiling ctor v1.0.12
   Compiling phf_generator v0.13.1
   Compiling is-terminal v0.4.15
   Compiling icu_calendar_data v2.3.0
   Compiling zlib-rs v0.5.4
   Compiling humantime v2.1.0
   Compiling colorchoice v1.0.3
   Compiling anstyle-query v1.1.2
   Compiling anstyle v1.0.14
   Compiling thin-vec v0.2.19
   Compiling is_terminal_polyfill v1.70.1
   Compiling toml_datetime v1.1.1+spec-1.1.0
   Compiling pathdiff v0.2.3
   Compiling anstream v1.0.0
   Compiling core_maths v0.1.1
   Compiling env_logger v0.10.2
   Compiling toml_edit v0.25.13+spec-1.1.0
   Compiling fancy-regex v0.19.0
   Compiling zerofrom-derive v0.1.7
   Compiling yoke-derive v0.8.2
   Compiling displaydoc v0.2.5
   Compiling serde_derive v1.0.229
   Compiling zerovec-derive v0.11.6
   Compiling tracing-attributes v0.1.31
   Compiling ast_node v6.1.0
   Compiling swc_eq_ignore_macros v1.0.1
   Compiling from_variant v3.0.0
   Compiling phf_macros v0.11.3
   Compiling string_enum v1.0.2
   Compiling is-macro v0.3.7
   Compiling phf_macros v0.14.0
   Compiling swc_config_macro v1.0.1
   Compiling miette-derive v7.6.0
   Compiling tracing v0.1.44
   Compiling zerofrom v0.1.7
   Compiling yoke v0.8.3
   Compiling thiserror-impl v1.0.69
   Compiling phf v0.11.3
   Compiling swc_ecma_codegen_macros v2.0.2
   Compiling tracing-subscriber v0.3.20
   Compiling zerovec v0.11.8
   Compiling zerotrie v0.2.5
   Compiling testing_macros v1.0.1
   Compiling swc_plugin_macro v1.1.1
   Compiling tinystr v0.8.4
   Compiling icu_locale_core v2.3.0
   Compiling potential_utf v0.1.5
   Compiling icu_collections v2.3.0
   Compiling phf v0.14.0
   Compiling stylex_constants v0.18.6-rc.1 (/Users/vladislavbuinovski/Projects/Facebook/stylex-swc-plugin.git/bugfix/crates/stylex-constants)
   Compiling icu_provider v2.3.1
   Compiling thiserror-impl v2.0.20
   Compiling darling_macro v0.20.11
   Compiling icu_properties v2.3.0
   Compiling icu_normalizer v2.3.0
   Compiling bytes-str v0.2.7
   Compiling debugid v0.8.0
   Compiling idna_adapter v1.2.2
   Compiling idna v1.1.0
   Compiling triomphe v0.1.15
   Compiling url v2.5.8
   Compiling hstr v4.0.0
   Compiling swc_atoms v10.0.0
   Compiling swc_sourcemap v10.0.2
   Compiling num-bigint v0.4.6
   Compiling swc_config v6.0.0
   Compiling miette v7.6.0
   Compiling swc_common v24.0.0
   Compiling cargo-platform v0.1.9
   Compiling cargo_metadata v0.18.1
   Compiling stylex_macros v0.18.6-rc.1 (/Users/vladislavbuinovski/Projects/Facebook/stylex-swc-plugin.git/bugfix/crates/stylex-macros)
   Compiling futures-macro v0.3.32
   Compiling swc_ecma_ast v27.0.0
   Compiling swc_error_reporters v26.0.0
   Compiling testing v25.0.0
   Compiling swc_ecma_testing v25.0.0
   Compiling swc_transform_common v18.0.0
   Compiling darling v0.20.11
   Compiling icu_locale_fallback v2.3.0
   Compiling boa_macros v0.22.0
   Compiling derive_builder_core v0.20.2
   Compiling libz-rs-sys v0.5.4
   Compiling strum_macros v0.28.0
   Compiling phf_macros v0.13.1
   Compiling futures-util v0.3.32
   Compiling napi v3.12.0
   Compiling petgraph v0.7.1
   Compiling swc_ecma_visit v27.0.0
   Compiling swc_plugin_proxy v28.0.0
   Compiling futures-executor v0.3.32
   Compiling rustc_version v0.4.1
   Compiling convert_case v0.11.0
   Compiling convert_case v0.10.0
   Compiling halfbrown v0.4.0
   Compiling swc_ecma_utils v33.0.0
   Compiling swc_ecma_parser v43.0.0
   Compiling swc_ecma_hooks v0.11.0
   Compiling float-cmp v0.10.0
   Compiling nibble_vec v0.1.0
   Compiling swc_ecma_codegen v30.0.0
   Compiling libloading v0.9.0
   Compiling icu_collator_data v2.3.0
   Compiling dtoa v1.0.10
   Compiling endian-type v0.2.0
   Compiling rand_core v0.10.1
   Compiling getrandom v0.4.3
   Compiling unicode-xid v0.2.6
   Compiling radix_trie v0.3.0
   Compiling derive_more-impl v2.1.1
   Compiling dtoa-short v0.3.5
   Compiling napi-sys v3.3.0
   Compiling phf v0.13.1
   Compiling value-trait v0.12.1
   Compiling boa_gc v0.22.0
   Compiling derive_builder_macro v0.20.2
   Compiling float16 v0.1.7
   Compiling boa_interner v0.22.0
   Compiling napi-derive-backend v6.1.1
   Compiling futures v0.3.32
   Compiling flate2 v1.1.5
   Compiling swc_ecma_transforms_base v47.0.0
   Compiling strum v0.28.0
   Compiling num-bigint v0.5.1
   Compiling calendrical_calculations v0.2.4
   Compiling proc-macro-crate v3.5.0
   Compiling cssparser-macros v0.7.0
   Compiling swc_ecma_transforms_react v53.0.0
   Compiling swc_ecma_transforms_testing v51.0.0
   Compiling swc_ecma_transforms_typescript v53.0.0
   Compiling swc_ecma_transforms_optimization v50.0.0
   Compiling pin-project-internal v1.1.13
   Compiling equator-macro v0.4.2
   Compiling pretty_env_logger v0.5.0
   Compiling event-listener v5.4.2
   Compiling libmimalloc-sys v0.1.49
   Compiling par-iter v2.0.0
   Compiling concurrent_lru v0.2.0
   Compiling nodejs-built-in-modules v1.0.0
   Compiling byteorder v1.5.0
   Compiling nohash-hasher v0.2.0
   Compiling time-core v0.1.9
   Compiling num-conv v0.2.2
   Compiling simdutf8 v0.1.5
   Compiling portable-atomic v1.15.0
   Compiling simd-json v0.17.0
   Compiling time-macros v0.2.32
   Compiling pin-project v1.1.13
   Compiling swc_ecma_minifier v59.0.0
   Compiling napi-derive v3.6.2
   Compiling pnp v0.12.11
   Compiling event-listener-strategy v0.5.4
   Compiling equator v0.4.2
   Compiling icu_calendar v2.3.0
   Compiling derive_more v2.1.1
   Compiling num_enum_derive v0.7.6
   Compiling cssparser v0.37.0
   Compiling boa_ast v0.22.0
   Compiling derive_builder v0.20.2
   Compiling chacha20 v0.10.2
   Compiling timezone_provider v0.2.6
   Compiling bytemuck_derive v1.12.0
   Compiling dynify-macros v0.1.2
   Compiling futures-lite v2.6.1
   Compiling fast-glob v1.0.0
   Compiling compact_str v0.9.0
   Compiling concurrent-queue v2.5.0
   Compiling num_threads v0.1.7
   Compiling regress v0.12.0
   Compiling json-strip-comments v3.1.0
   Compiling powerfmt v0.2.0
   Compiling gimli v0.32.3
   Compiling ixdtf v0.6.6
   Compiling node-builtins v0.1.0
   Compiling adler2 v2.0.0
   Compiling self_cell v1.2.1
   Compiling deranged v0.5.8
   Compiling oxc_resolver v11.24.2
   Compiling bytemuck v1.25.2
   Compiling addr2line v0.25.1
   Compiling miniz_oxide v0.8.5
   Compiling dynify v0.1.2
   Compiling time v0.3.55
   Compiling node-resolve v2.2.0
   Compiling temporal_rs v0.2.6
   Compiling boa_parser v0.22.0
   Compiling async-channel v2.5.0
   Compiling futures-concurrency v7.7.1
   Compiling stylex_utils v0.18.6-rc.1 (/Users/vladislavbuinovski/Projects/Facebook/stylex-swc-plugin.git/bugfix/crates/stylex-utils)
   Compiling stylex_ast v0.18.6-rc.1 (/Users/vladislavbuinovski/Projects/Facebook/stylex-swc-plugin.git/bugfix/crates/stylex-ast)
   Compiling stylex_enums v0.18.6-rc.1 (/Users/vladislavbuinovski/Projects/Facebook/stylex-swc-plugin.git/bugfix/crates/stylex-enums)
   Compiling stylex_css_parser v0.18.6-rc.1 (/Users/vladislavbuinovski/Projects/Facebook/stylex-swc-plugin.git/bugfix/crates/stylex-css-parser)
   Compiling num_enum v0.7.6
   Compiling rand v0.10.2
   Compiling stylex_structures v0.18.6-rc.1 (/Users/vladislavbuinovski/Projects/Facebook/stylex-swc-plugin.git/bugfix/crates/stylex-structures)
   Compiling icu_collator v2.3.1
   Compiling package-json v0.5.0
   Compiling swc_compiler_base v62.0.0
   Compiling aligned-vec v0.6.4
   Compiling stylex_types v0.18.6-rc.1 (/Users/vladislavbuinovski/Projects/Facebook/stylex-swc-plugin.git/bugfix/crates/stylex-types)
   Compiling stylex_regex v0.18.6-rc.1 (/Users/vladislavbuinovski/Projects/Facebook/stylex-swc-plugin.git/bugfix/crates/stylex-regex)
   Compiling small_btree v0.1.0
   Compiling env_filter v2.0.0
   Compiling itertools v0.15.0
   Compiling oneshot v0.2.1
   Compiling postcss_value_parser v0.18.6-rc.1 (/Users/vladislavbuinovski/Projects/Facebook/stylex-swc-plugin.git/bugfix/crates/postcss-value-parser)
   Compiling jiff v0.2.23
   Compiling tag_ptr v0.1.0
   Compiling rustc-demangle v0.1.27
   Compiling path-clean v1.0.1
   Compiling clap_lex v1.0.0
   Compiling xsum v0.1.6
   Compiling intrusive-collections v0.10.3
   Compiling clap_builder v4.6.6
   Compiling backtrace v0.3.76
   Compiling stylex_evaluator v0.18.6-rc.1 (/Users/vladislavbuinovski/Projects/Facebook/stylex-swc-plugin.git/bugfix/crates/stylex-evaluator)
   Compiling mimalloc v0.1.52
   Compiling stylex_atoms v0.18.6-rc.1 (/Users/vladislavbuinovski/Projects/Facebook/stylex-swc-plugin.git/bugfix/crates/stylex-atoms)
   Compiling stylex_path_resolver v0.18.6-rc.1 (/Users/vladislavbuinovski/Projects/Facebook/stylex-swc-plugin.git/bugfix/crates/stylex-path-resolver)
   Compiling stylex_js v0.18.6-rc.1 (/Users/vladislavbuinovski/Projects/Facebook/stylex-swc-plugin.git/bugfix/crates/stylex-js)
   Compiling stylex_styleq v0.18.6-rc.1 (/Users/vladislavbuinovski/Projects/Facebook/stylex-swc-plugin.git/bugfix/crates/stylex-styleq)
   Compiling env_logger v0.11.11
   Compiling clap_derive v4.6.4
   Compiling stylex_compiler_rs v0.18.6-rc.1 (/Users/vladislavbuinovski/Projects/Facebook/stylex-swc-plugin.git/bugfix/crates/stylex-rs-compiler)
   Compiling same-file v1.0.6
   Compiling color-backtrace v0.7.4
   Compiling walkdir v2.5.0
   Compiling swc_malloc v1.2.5
   Compiling serde_plain v1.0.2
   Compiling stylex_css v0.18.6-rc.1 (/Users/vladislavbuinovski/Projects/Facebook/stylex-swc-plugin.git/bugfix/crates/stylex-css)
   Compiling boa_engine v0.22.0
   Compiling clap v4.6.6
   Compiling stylex_logs v0.18.6-rc.1 (/Users/vladislavbuinovski/Projects/Facebook/stylex-swc-plugin.git/bugfix/crates/stylex-logs)
   Compiling stylex_test_parser v0.18.6-rc.1 (/Users/vladislavbuinovski/Projects/Facebook/stylex-swc-plugin.git/bugfix/crates/stylex-test-parser)
   Compiling stylex_transform v0.18.6-rc.1 (/Users/vladislavbuinovski/Projects/Facebook/stylex-swc-plugin.git/bugfix/crates/stylex-transform)
    Finished `dev` profile [unoptimized + debuginfo] target(s) in 1m 49s
real 109.88
user 849.65
sys 38.82
build exit=0
