---
source: crates/stylex-transform/tests/transform_import_export_test/commonjs_require_shapes.rs
expression: output
---
import stylex from '@stylexjs/stylex';
export const [firstAtom] = require('@stylexjs/atoms');
const { ...everyAtom } = require('@stylexjs/atoms');
const { color } = require('@stylexjs/atoms');
({
    className: "xju2f9n"
});
