---
source: crates/stylex-transform/tests/transform_import_export_test/commonjs_require_shapes.rs
expression: output
---
export const whole = require('react-strict-dom');
export const { html } = require('react-strict-dom');
const { css } = require('react-strict-dom');
export const styles = {
    base: {
        kMwMTN: "x1e2nbdu",
        $$css: true
    }
};
