$ node --import tsx/esm benchmark/bench.ts
Running StyleX benchmarks...

Node v24.11.0 | Darwin 25.6.0 arm64 | Apple M1 Max x10 | plugin v0.18.6-rc.1

buttons-demo: median 210.5 µs, p95 227.12 µs, 4,688.66 ops/sec ±1.94% (4608 runs sampled)
card: median 97.42 µs, p95 99.54 µs, 10,222.8 ops/sec ±0.09% (10211 runs sampled)
consts: median 68.17 µs, p95 71 µs, 14,555.9 ops/sec ±0.28% (14473 runs sampled)
counter: median 395.58 µs, p95 413.08 µs, 2,505.21 ops/sec ±0.90% (2491 runs sampled)
counter-with-dynamic-styles: median 551.25 µs, p95 565.17 µs, 1,805.34 ops/sec ±0.14% (1805 runs sampled)
global-tokens: median 1.23 ms, p95 1.51 ms, 791.9 ops/sec ±1.18% (783 runs sampled)
global-tokens-xs: median 238.12 µs, p95 251.67 µs, 4,155.98 ops/sec ±0.26% (4141 runs sampled)
namespace-cleaning: median 378.71 µs, p95 387.67 µs, 2,626.86 ops/sec ±0.15% (2625 runs sampled)
namespace-cleaning-no-unused: median 348.29 µs, p95 363.21 µs, 2,848.77 ops/sec ±0.87% (2834 runs sampled)
page: median 119.13 µs, p95 127.63 µs, 8,288.31 ops/sec ±0.19% (8254 runs sampled)
page-tsx: median 1.16 ms, p95 1.26 ms, 851.19 ops/sec ±0.81% (847 runs sampled)
page-with-keyframes: median 1.13 ms, p95 1.19 ms, 878.91 ops/sec ±0.20% (879 runs sampled)
spot-loader: median 369.67 µs, p95 390.21 µs, 2,680.44 ops/sec ±0.22% (2675 runs sampled)
typography: median 590.12 µs, p95 644.71 µs, 1,671.82 ops/sec ±0.73% (1662 runs sampled)
use-memo: median 130 µs, p95 135.33 µs, 7,637.03 ops/sec ±0.15% (7620 runs sampled)
Performance - Colors StyleX transformation: median 162.08 µs, p95 172.75 µs, 6,099.56 ops/sec ±0.94% (6051 runs sampled)
Performance - Basic theme transformation: median 170.67 µs, p95 189.33 µs, 5,756.11 ops/sec ±0.58% (5706 runs sampled)
Performance - Complex theme transformation: median 2.87 ms, p95 3 ms, 345.96 ops/sec ±0.25% (346 runs sampled)
Performance - Basic create transformation: median 123.46 µs, p95 128.46 µs, 8,042.68 ops/sec ±0.34% (8009 runs sampled)
Performance - Complex create transformation: median 2.71 ms, p95 2.94 ms, 364.58 ops/sec ±0.33% (365 runs sampled)
Debug data - lotsOfStyles.js (100 creates, dev): median 8.82 ms, p95 9.27 ms, 113.18 ops/sec ±0.43% (114 runs sampled)
Rollup plugin - lotsOfStyles.js: median 1.45 s, p95 1.52 s, 0.69 ops/sec ±1.62% (10 runs sampled)
Rollup plugin - lotsOfStylesDynamic.js: median 10.35 ms, p95 10.58 ms, 95.42 ops/sec ±3.67% (48 runs sampled)
Feature - dynamic styles: median 941.46 µs, p95 1 ms, 1,051.84 ops/sec ±0.55% (1049 runs sampled)
Feature - dynamic styles (dev): median 1.1 ms, p95 1.34 ms, 884.87 ops/sec ±0.82% (877 runs sampled)
Feature - nested conditions: median 362.67 µs, p95 438.79 µs, 2,697.6 ops/sec ±1.02% (2666 runs sampled)
Feature - nested conditions (dev): median 463.5 µs, p95 516.79 µs, 2,124.37 ops/sec ±0.23% (2120 runs sampled)
Feature - media queries: median 321.75 µs, p95 331.54 µs, 3,093.48 ops/sec ±0.09% (3092 runs sampled)
Feature - media queries (dev): median 411.67 µs, p95 458.46 µs, 2,391.53 ops/sec ±0.69% (2373 runs sampled)
Feature - media query order: median 971.83 µs, p95 988.75 µs, 1,025.54 ops/sec ±0.10% (1026 runs sampled)
Feature - media query order off: median 435.29 µs, p95 456.25 µs, 2,278.06 ops/sec ±1.02% (2263 runs sampled)
Feature - keyframes and animations: median 211.96 µs, p95 222.58 µs, 4,675.24 ops/sec ±0.61% (4645 runs sampled)
Feature - keyframes and animations (dev): median 316.25 µs, p95 330.17 µs, 3,139.09 ops/sec ±0.16% (3135 runs sampled)
Feature - theme tokens: median 149.5 µs, p95 162.83 µs, 6,596.64 ops/sec ±0.36% (6553 runs sampled)
Feature - theme tokens (dev): median 240.33 µs, p95 249.25 µs, 4,129.55 ops/sec ±0.16% (4122 runs sampled)
Feature - logical and RTL: median 258.83 µs, p95 271.79 µs, 3,830.03 ops/sec ±0.16% (3823 runs sampled)
Feature - logical and RTL (dev): median 367.29 µs, p95 395.17 µs, 2,689.65 ops/sec ±0.55% (2675 runs sampled)
Feature - CSS value normalization: median 289.79 µs, p95 296.5 µs, 3,434.44 ops/sec ±0.13% (3431 runs sampled)
Feature - CSS value normalization (dev): median 400.17 µs, p95 429.21 µs, 2,469.1 ops/sec ±1.14% (2449 runs sampled)
Feature - view transitions: median 146.42 µs, p95 149.71 µs, 6,798.26 ops/sec ±0.17% (6785 runs sampled)
Feature - view transitions (dev): median 242.38 µs, p95 253.71 µs, 4,093.9 ops/sec ±0.16% (4087 runs sampled)
Feature - token definitions: median 95.38 µs, p95 101.96 µs, 10,372.38 ops/sec ±0.97% (10289 runs sampled)
Feature - debug class names over many namespaces: median 458.33 µs, p95 476.54 µs, 2,169.06 ops/sec ±0.16% (2167 runs sampled)
Feature - unminified debug keys: median 238.92 µs, p95 253.63 µs, 4,138.11 ops/sec ±0.78% (4105 runs sampled)
Feature - source text read from disk: median 400.21 µs, p95 424 µs, 2,471.69 ops/sec ±0.66% (2456 runs sampled)
Feature - legacy shorthand expansion: median 429.67 µs, p95 465.29 µs, 2,301.33 ops/sec ±0.20% (2298 runs sampled)
Feature - legacy value flipping: median 259.75 µs, p95 271.5 µs, 3,817 ops/sec ±0.73% (3793 runs sampled)
Feature - font size px to rem: median 289.75 µs, p95 297.25 µs, 3,434.15 ops/sec ±0.13% (3431 runs sampled)
Feature - props and attrs: median 239.67 µs, p95 263.92 µs, 4,101.72 ops/sec ±0.32% (4076 runs sampled)
Feature - props and attrs (dev): median 361.79 µs, p95 383.58 µs, 2,731.09 ops/sec ±0.97% (2704 runs sampled)
Feature - debug data prop: median 362.04 µs, p95 381.87 µs, 2,738.84 ops/sec ±0.18% (2735 runs sampled)
Feature - debug without the data prop: median 241.96 µs, p95 251.37 µs, 4,100.13 ops/sec ±0.37% (4081 runs sampled)
Feature - debug and dev class names: median 390.08 µs, p95 443.75 µs, 2,516.64 ops/sec ±0.85% (2491 runs sampled)
Feature - inlined conditional merge off: median 237.08 µs, p95 242.08 µs, 4,197.5 ops/sec ±0.14% (4192 runs sampled)
Feature - runtime injection: median 245.37 µs, p95 256.5 µs, 4,040.05 ops/sec ±0.80% (4014 runs sampled)
Feature - readable test class names: median 332.54 µs, p95 342.38 µs, 2,989.85 ops/sec ±0.17% (2986 runs sampled)
Feature - stylex side effects injected: median 149.67 µs, p95 154.71 µs, 6,637.23 ops/sec ±0.82% (6587 runs sampled)
Feature - source maps inline: median 241.5 µs, p95 269.21 µs, 4,069.33 ops/sec ±1.40% (4002 runs sampled)
Feature - source maps without columns: median 236.54 µs, p95 245.29 µs, 4,201.39 ops/sec ±0.15% (4195 runs sampled)
Feature - source maps without source text: median 234.92 µs, p95 250.25 µs, 4,210.7 ops/sec ±0.72% (4182 runs sampled)
Feature - engine fold: median 304.67 µs, p95 350.67 µs, 3,209.08 ops/sec ±0.44% (3183 runs sampled)
Feature - engine fold (dev): median 425.69 µs, p95 525.21 µs, 2,293.54 ops/sec ±0.55% (2272 runs sampled)
Feature - calls that do not fold: median 4.57 ms, p95 4.91 ms, 216.45 ops/sec ±1.06% (216 runs sampled)
Feature - calls that do not fold (dev): median 4.95 ms, p95 5.53 ms, 198.77 ops/sec ±0.57% (199 runs sampled)
Feature - class name prefix: median 348.04 µs, p95 370.25 µs, 2,845.2 ops/sec ±0.88% (2828 runs sampled)

All benchmarks completed.

Results saved to /Users/vladislavbuinovski/Projects/Facebook/stylex-swc-plugin.git/bugfix/crates/stylex-rs-compiler/benchmark/results
