$ node --import tsx/esm benchmark/bench.ts
Running StyleX benchmarks...

Node v24.11.0 | Darwin 25.6.0 arm64 | Apple M1 Max x10 | plugin v0.18.6-rc.1

buttons-demo: median 211.42 µs, p95 226.38 µs, 4,679.16 ops/sec ±2.95% (4584 runs sampled)
card: median 97.88 µs, p95 104.29 µs, 10,115.26 ops/sec ±0.20% (10078 runs sampled)
consts: median 68.42 µs, p95 71.42 µs, 14,527.97 ops/sec ±0.10% (14502 runs sampled)
counter: median 395.96 µs, p95 429.75 µs, 2,497.53 ops/sec ±0.26% (2491 runs sampled)
counter-with-dynamic-styles: median 550.46 µs, p95 559.29 µs, 1,813.22 ops/sec ±0.06% (1813 runs sampled)
global-tokens: median 1.22 ms, p95 1.45 ms, 801.48 ops/sec ±1.20% (793 runs sampled)
global-tokens-xs: median 237.71 µs, p95 248.63 µs, 4,172.77 ops/sec ±0.22% (4162 runs sampled)
namespace-cleaning: median 379.13 µs, p95 399.71 µs, 2,610.53 ops/sec ±0.45% (2598 runs sampled)
namespace-cleaning-no-unused: median 347.25 µs, p95 473.5 µs, 2,774.75 ops/sec ±1.11% (2721 runs sampled)
page: median 119.17 µs, p95 123.37 µs, 8,335.64 ops/sec ±0.13% (8320 runs sampled)
page-tsx: median 1.16 ms, p95 1.26 ms, 851.37 ops/sec ±1.04% (846 runs sampled)
page-with-keyframes: median 1.13 ms, p95 1.25 ms, 871.1 ops/sec ±1.06% (866 runs sampled)
spot-loader: median 370.58 µs, p95 390.12 µs, 2,677 ops/sec ±0.18% (2673 runs sampled)
typography: median 589.33 µs, p95 616.58 µs, 1,680.46 ops/sec ±0.67% (1673 runs sampled)
use-memo: median 130.08 µs, p95 133.29 µs, 7,654.42 ops/sec ±0.13% (7643 runs sampled)
Performance - Colors StyleX transformation: median 161.42 µs, p95 165.33 µs, 6,165.29 ops/sec ±0.11% (6158 runs sampled)
Performance - Basic theme transformation: median 170.17 µs, p95 193.29 µs, 5,765.1 ops/sec ±0.43% (5727 runs sampled)
Performance - Complex theme transformation: median 2.87 ms, p95 3.28 ms, 343.59 ops/sec ±0.65% (343 runs sampled)
Performance - Basic create transformation: median 123.25 µs, p95 128.38 µs, 8,048.59 ops/sec ±0.29% (8013 runs sampled)
Performance - Complex create transformation: median 2.69 ms, p95 2.85 ms, 367.88 ops/sec ±0.54% (368 runs sampled)
Debug data - lotsOfStyles.js (100 creates, dev): median 8.48 ms, p95 9.64 ms, 115.57 ops/sec ±1.02% (116 runs sampled)
Rollup plugin - lotsOfStyles.js: median 1.41 s, p95 1.47 s, 0.71 ops/sec ±1.21% (10 runs sampled)
Rollup plugin - lotsOfStylesDynamic.js: median 10.4 ms, p95 10.67 ms, 95.91 ops/sec ±0.26% (48 runs sampled)
Feature - dynamic styles: median 939.04 µs, p95 951.63 µs, 1,062.31 ops/sec ±0.10% (1063 runs sampled)
Feature - dynamic styles (dev): median 1.09 ms, p95 1.14 ms, 909.75 ops/sec ±0.27% (909 runs sampled)
Feature - nested conditions: median 348.46 µs, p95 365.46 µs, 2,842.11 ops/sec ±0.37% (2830 runs sampled)
Feature - nested conditions (dev): median 462.25 µs, p95 472.67 µs, 2,154.36 ops/sec ±0.16% (2153 runs sampled)
Feature - media queries: median 322.71 µs, p95 329.12 µs, 3,086.61 ops/sec ±0.11% (3085 runs sampled)
Feature - media queries (dev): median 407.96 µs, p95 424.71 µs, 2,429.12 ops/sec ±0.64% (2416 runs sampled)
Feature - media query order: median 975.75 µs, p95 1.03 ms, 1,016.27 ops/sec ±0.18% (1016 runs sampled)
Feature - media query order off: median 435.54 µs, p95 472.25 µs, 2,266.14 ops/sec ±0.96% (2248 runs sampled)
Feature - keyframes and animations: median 212.71 µs, p95 224.25 µs, 4,659.91 ops/sec ±0.18% (4649 runs sampled)
Feature - keyframes and animations (dev): median 319.06 µs, p95 392.25 µs, 3,049.38 ops/sec ±1.02% (2992 runs sampled)
Feature - theme tokens: median 149.92 µs, p95 161.83 µs, 6,591.96 ops/sec ±0.21% (6569 runs sampled)
Feature - theme tokens (dev): median 240.38 µs, p95 252.08 µs, 4,118.44 ops/sec ±0.48% (4092 runs sampled)
Feature - logical and RTL: median 258 µs, p95 271.83 µs, 3,845.42 ops/sec ±0.15% (3840 runs sampled)
Feature - logical and RTL (dev): median 366.21 µs, p95 375.54 µs, 2,716.83 ops/sec ±0.15% (2714 runs sampled)
Feature - CSS value normalization: median 289.87 µs, p95 298.13 µs, 3,433.67 ops/sec ±0.11% (3431 runs sampled)
Feature - CSS value normalization (dev): median 400.02 µs, p95 420.33 µs, 2,477.08 ops/sec ±1.01% (2460 runs sampled)
Feature - view transitions: median 147.33 µs, p95 151.12 µs, 6,757.59 ops/sec ±0.12% (6749 runs sampled)
Feature - view transitions (dev): median 243.46 µs, p95 278.96 µs, 4,022.12 ops/sec ±0.90% (3961 runs sampled)
Feature - token definitions: median 95.21 µs, p95 101.79 µs, 10,381.26 ops/sec ±0.59% (10283 runs sampled)
Feature - debug class names over many namespaces: median 460.04 µs, p95 489.63 µs, 2,153.51 ops/sec ±0.27% (2149 runs sampled)
Feature - unminified debug keys: median 238.37 µs, p95 253.25 µs, 4,126.59 ops/sec ±0.63% (4072 runs sampled)
Feature - source text read from disk: median 400.79 µs, p95 414.79 µs, 2,476.59 ops/sec ±0.46% (2469 runs sampled)
Feature - legacy shorthand expansion: median 429.21 µs, p95 441.83 µs, 2,316.98 ops/sec ±0.14% (2315 runs sampled)
Feature - legacy value flipping: median 258.33 µs, p95 267 µs, 3,842.39 ops/sec ±1.02% (3813 runs sampled)
Feature - font size px to rem: median 288.25 µs, p95 294.33 µs, 3,455.44 ops/sec ±0.07% (3455 runs sampled)
Feature - props and attrs: median 239.25 µs, p95 250.46 µs, 4,146.25 ops/sec ±0.18% (4137 runs sampled)
Feature - props and attrs (dev): median 361.25 µs, p95 376.58 µs, 2,746.2 ops/sec ±0.19% (2742 runs sampled)
Feature - debug data prop: median 361.73 µs, p95 373.04 µs, 2,748.7 ops/sec ±0.15% (2746 runs sampled)
Feature - debug without the data prop: median 241.46 µs, p95 246.58 µs, 4,126.75 ops/sec ±0.11% (4124 runs sampled)
Feature - debug and dev class names: median 389.62 µs, p95 411.21 µs, 2,544.08 ops/sec ±0.28% (2537 runs sampled)
Feature - inlined conditional merge off: median 238.75 µs, p95 277.54 µs, 4,107.11 ops/sec ±0.98% (4065 runs sampled)
Feature - runtime injection: median 246.75 µs, p95 257.25 µs, 4,017.31 ops/sec ±0.56% (3995 runs sampled)
Feature - readable test class names: median 333.96 µs, p95 340.75 µs, 2,983.54 ops/sec ±0.12% (2982 runs sampled)
Feature - stylex side effects injected: median 150.04 µs, p95 156.37 µs, 6,609.15 ops/sec ±0.78% (6549 runs sampled)
Feature - source maps inline: median 242.79 µs, p95 251.5 µs, 4,095.87 ops/sec ±0.12% (4092 runs sampled)
Feature - source maps without columns: median 237.58 µs, p95 246.04 µs, 4,181.43 ops/sec ±0.15% (4175 runs sampled)
Feature - source maps without source text: median 236.17 µs, p95 245.38 µs, 4,194.66 ops/sec ±0.56% (4160 runs sampled)
Feature - engine fold: median 301.83 µs, p95 314.62 µs, 3,281.88 ops/sec ±0.33% (3269 runs sampled)
Feature - engine fold (dev): median 423.33 µs, p95 440.83 µs, 2,333.94 ops/sec ±0.88% (2307 runs sampled)
Feature - calls that do not fold: median 4.53 ms, p95 4.58 ms, 220.3 ops/sec ±0.07% (221 runs sampled)
Feature - calls that do not fold (dev): median 4.92 ms, p95 5.52 ms, 197.98 ops/sec ±0.84% (198 runs sampled)
Feature - class name prefix: median 360.21 µs, p95 432.33 µs, 2,720.51 ops/sec ±0.91% (2683 runs sampled)

All benchmarks completed.

Results saved to /Users/vladislavbuinovski/Projects/Facebook/stylex-swc-plugin.git/bugfix/crates/stylex-rs-compiler/benchmark/results
