$ node --import tsx/esm benchmark/bench.ts
Running StyleX benchmarks...

Node v24.11.0 | Darwin 25.6.0 arm64 | Apple M1 Max x10 | plugin v0.18.6-rc.1

buttons-demo: median 179.04 µs, p95 187.42 µs, 5,528.45 ops/sec ±1.44% (5458 runs sampled)
card: median 83.79 µs, p95 85.58 µs, 11,888.62 ops/sec ±0.09% (11874 runs sampled)
consts: median 61.67 µs, p95 63.71 µs, 16,123.71 ops/sec ±0.39% (16032 runs sampled)
counter: median 311.13 µs, p95 315.46 µs, 3,208.47 ops/sec ±0.05% (3208 runs sampled)
counter-with-dynamic-styles: median 419.04 µs, p95 574.5 µs, 2,287.21 ops/sec ±2.01% (2205 runs sampled)
global-tokens: median 1.01 ms, p95 1.21 ms, 963.05 ops/sec ±0.78% (954 runs sampled)
global-tokens-xs: median 196.17 µs, p95 200.75 µs, 5,080.79 ops/sec ±0.16% (5074 runs sampled)
namespace-cleaning: median 320.42 µs, p95 345.29 µs, 3,083.43 ops/sec ±0.29% (3073 runs sampled)
namespace-cleaning-no-unused: median 294.08 µs, p95 302.33 µs, 3,383.76 ops/sec ±0.14% (3380 runs sampled)
page: median 103.42 µs, p95 107 µs, 9,612.86 ops/sec ±0.11% (9598 runs sampled)
page-tsx: median 904.77 µs, p95 982.5 µs, 1,091.43 ops/sec ±1.11% (1084 runs sampled)
page-with-keyframes: median 884.21 µs, p95 967.71 µs, 1,118.27 ops/sec ±0.29% (1117 runs sampled)
spot-loader: median 291.96 µs, p95 299.75 µs, 3,406.13 ops/sec ±0.14% (3403 runs sampled)
typography: median 463.67 µs, p95 489.33 µs, 2,134.08 ops/sec ±0.56% (2123 runs sampled)
use-memo: median 113.5 µs, p95 116.33 µs, 8,774.45 ops/sec ±0.11% (8763 runs sampled)
Performance - Colors StyleX transformation: median 147.33 µs, p95 151.5 µs, 6,748.85 ops/sec ±0.12% (6739 runs sampled)
Performance - Basic theme transformation: median 140.54 µs, p95 145.38 µs, 7,078.31 ops/sec ±0.10% (7071 runs sampled)
Performance - Complex theme transformation: median 2.59 ms, p95 2.71 ms, 383.15 ops/sec ±0.23% (383 runs sampled)
Performance - Basic create transformation: median 105.08 µs, p95 109.17 µs, 9,448.87 ops/sec ±0.44% (9389 runs sampled)
Performance - Complex create transformation: median 1.65 ms, p95 1.71 ms, 603.45 ops/sec ±0.16% (604 runs sampled)
Debug data - lotsOfStyles.js (100 creates, dev): median 7.41 ms, p95 7.8 ms, 133.39 ops/sec ±1.20% (133 runs sampled)
Rollup plugin - lotsOfStyles.js: median 1.24 s, p95 1.28 s, 0.81 ops/sec ±1.08% (10 runs sampled)
Rollup plugin - lotsOfStylesDynamic.js: median 6.66 ms, p95 7.71 ms, 147.91 ops/sec ±1.43% (74 runs sampled)
Feature - dynamic styles: median 585.46 µs, p95 648.08 µs, 1,679.84 ops/sec ±1.28% (1667 runs sampled)
Feature - dynamic styles (dev): median 723.63 µs, p95 805.5 µs, 1,356.67 ops/sec ±0.80% (1348 runs sampled)
Feature - nested conditions: median 283.17 µs, p95 290 µs, 3,516.88 ops/sec ±0.24% (3511 runs sampled)
Feature - nested conditions (dev): median 389.67 µs, p95 414.71 µs, 2,537.87 ops/sec ±0.67% (2521 runs sampled)
Feature - media queries: median 286.83 µs, p95 307.62 µs, 3,441.16 ops/sec ±0.97% (3415 runs sampled)
Feature - media queries (dev): median 376.13 µs, p95 420.33 µs, 2,613.11 ops/sec ±0.25% (2605 runs sampled)
Feature - media query order: median 849.5 µs, p95 879.38 µs, 1,166.75 ops/sec ±0.59% (1162 runs sampled)
Feature - media query order off: median 355.38 µs, p95 360.46 µs, 2,806.95 ops/sec ±0.07% (2807 runs sampled)
Feature - keyframes and animations: median 174.17 µs, p95 177.71 µs, 5,717.28 ops/sec ±0.12% (5711 runs sampled)
Feature - keyframes and animations (dev): median 275.37 µs, p95 284.75 µs, 3,605.66 ops/sec ±0.20% (3598 runs sampled)
Feature - theme tokens: median 124.46 µs, p95 129.04 µs, 7,986 ops/sec ±0.12% (7973 runs sampled)
Feature - theme tokens (dev): median 213.25 µs, p95 220.08 µs, 4,650.75 ops/sec ±0.75% (4617 runs sampled)
Feature - logical and RTL: median 205.33 µs, p95 209.71 µs, 4,846.1 ops/sec ±0.15% (4839 runs sampled)
Feature - logical and RTL (dev): median 307.67 µs, p95 316.54 µs, 3,233.95 ops/sec ±0.16% (3230 runs sampled)
Feature - CSS value normalization: median 230.37 µs, p95 233.88 µs, 4,330.97 ops/sec ±0.10% (4329 runs sampled)
Feature - CSS value normalization (dev): median 337.29 µs, p95 343.96 µs, 2,953.57 ops/sec ±0.12% (2952 runs sampled)
Feature - view transitions: median 123.29 µs, p95 126.46 µs, 8,068.37 ops/sec ±0.24% (8049 runs sampled)
Feature - view transitions (dev): median 215.25 µs, p95 226.08 µs, 4,599.99 ops/sec ±1.03% (4564 runs sampled)
Feature - token definitions: median 83.5 µs, p95 85.58 µs, 11,931.61 ops/sec ±0.11% (11915 runs sampled)
Feature - debug class names over many namespaces: median 390.25 µs, p95 419.75 µs, 2,531.23 ops/sec ±0.21% (2526 runs sampled)
Feature - unminified debug keys: median 211.96 µs, p95 219.83 µs, 4,685.9 ops/sec ±0.16% (4678 runs sampled)
Feature - source text read from disk: median 333.67 µs, p95 343.71 µs, 2,981 ops/sec ±0.11% (2979 runs sampled)
Feature - legacy shorthand expansion: median 319.63 µs, p95 333.92 µs, 3,100.78 ops/sec ±0.53% (3084 runs sampled)
Feature - legacy value flipping: median 206.63 µs, p95 209.71 µs, 4,825.26 ops/sec ±0.10% (4822 runs sampled)
Feature - font size px to rem: median 231.17 µs, p95 237.29 µs, 4,298.01 ops/sec ±0.18% (4290 runs sampled)
Feature - props and attrs: median 200.42 µs, p95 213.46 µs, 4,933.42 ops/sec ±1.03% (4889 runs sampled)
Feature - props and attrs (dev): median 317.42 µs, p95 326 µs, 3,133.61 ops/sec ±0.11% (3132 runs sampled)
Feature - debug data prop: median 318.25 µs, p95 334.25 µs, 3,110.53 ops/sec ±0.25% (3102 runs sampled)
Feature - debug without the data prop: median 201.75 µs, p95 206.25 µs, 4,934.46 ops/sec ±0.13% (4928 runs sampled)
Feature - debug and dev class names: median 341.38 µs, p95 361.75 µs, 2,900.75 ops/sec ±0.20% (2895 runs sampled)
Feature - inlined conditional merge off: median 199.04 µs, p95 203.71 µs, 4,992.24 ops/sec ±0.21% (4980 runs sampled)
Feature - runtime injection: median 207.21 µs, p95 211.42 µs, 4,807.37 ops/sec ±0.11% (4804 runs sampled)
Feature - readable test class names: median 275.92 µs, p95 281.83 µs, 3,607.08 ops/sec ±0.11% (3605 runs sampled)
Feature - stylex side effects injected: median 125.42 µs, p95 127.96 µs, 7,937.01 ops/sec ±0.12% (7925 runs sampled)
Feature - source maps inline: median 201.5 µs, p95 207.13 µs, 4,940.26 ops/sec ±0.09% (4937 runs sampled)
Feature - source maps without columns: median 198.71 µs, p95 212.75 µs, 4,969.88 ops/sec ±0.80% (4923 runs sampled)
Feature - source maps without source text: median 196.08 µs, p95 201.13 µs, 5,076.73 ops/sec ±0.10% (5072 runs sampled)
Feature - engine fold: median 231.12 µs, p95 242.92 µs, 4,276.24 ops/sec ±0.57% (4236 runs sampled)
Feature - engine fold (dev): median 350.92 µs, p95 363.96 µs, 2,823.54 ops/sec ±0.36% (2810 runs sampled)
Feature - calls that do not fold: median 2.8 ms, p95 2.91 ms, 355.55 ops/sec ±0.35% (356 runs sampled)
Feature - calls that do not fold (dev): median 3.13 ms, p95 3.33 ms, 315.83 ops/sec ±0.90% (315 runs sampled)
Feature - class name prefix: median 283.21 µs, p95 294.42 µs, 3,504.71 ops/sec ±0.15% (3500 runs sampled)

All benchmarks completed.

Results saved to /Users/vladislavbuinovski/Projects/Facebook/stylex-swc-plugin.git/bugfix/crates/stylex-rs-compiler/benchmark/results
