$ node --import tsx/esm benchmark/bench.ts
Running StyleX benchmarks...

Node v24.11.0 | Darwin 25.6.0 arm64 | Apple M1 Max x10 | plugin v0.18.6-rc.1

buttons-demo: median 179 µs, p95 184.33 µs, 5,558.81 ops/sec ±1.47% (5510 runs sampled)
card: median 83.87 µs, p95 87.92 µs, 11,832.2 ops/sec ±0.36% (11762 runs sampled)
consts: median 61.75 µs, p95 63.71 µs, 16,115.08 ops/sec ±0.23% (16064 runs sampled)
counter: median 313 µs, p95 338.54 µs, 3,150.27 ops/sec ±0.78% (3126 runs sampled)
counter-with-dynamic-styles: median 412 µs, p95 426.29 µs, 2,405.57 ops/sec ±0.61% (2393 runs sampled)
global-tokens: median 1 ms, p95 1.14 ms, 973.59 ops/sec ±0.70% (966 runs sampled)
global-tokens-xs: median 197.17 µs, p95 209.42 µs, 5,018.8 ops/sec ±1.00% (4974 runs sampled)
namespace-cleaning: median 320.58 µs, p95 328.46 µs, 3,103.05 ops/sec ±0.15% (3100 runs sampled)
namespace-cleaning-no-unused: median 293.54 µs, p95 301.62 µs, 3,389.16 ops/sec ±0.12% (3387 runs sampled)
page: median 103.46 µs, p95 107.04 µs, 9,601.01 ops/sec ±0.13% (9581 runs sampled)
page-tsx: median 894.38 µs, p95 923.58 µs, 1,112.63 ops/sec ±0.16% (1112 runs sampled)
page-with-keyframes: median 875.04 µs, p95 942.42 µs, 1,131.12 ops/sec ±0.37% (1129 runs sampled)
spot-loader: median 291.46 µs, p95 302.13 µs, 3,398.76 ops/sec ±0.51% (3379 runs sampled)
typography: median 458.42 µs, p95 474.5 µs, 2,168.88 ops/sec ±0.14% (2168 runs sampled)
use-memo: median 113.21 µs, p95 116.33 µs, 8,785.17 ops/sec ±0.12% (8772 runs sampled)
Performance - Colors StyleX transformation: median 146.71 µs, p95 149.58 µs, 6,790.5 ops/sec ±0.11% (6783 runs sampled)
Performance - Basic theme transformation: median 140.46 µs, p95 146.21 µs, 7,070.58 ops/sec ±0.57% (7029 runs sampled)
Performance - Complex theme transformation: median 2.59 ms, p95 2.73 ms, 382.43 ops/sec ±0.89% (382 runs sampled)
Performance - Basic create transformation: median 104.71 µs, p95 107.92 µs, 9,507.35 ops/sec ±0.11% (9494 runs sampled)
Performance - Complex create transformation: median 1.66 ms, p95 1.78 ms, 595.29 ops/sec ±0.74% (593 runs sampled)
Debug data - lotsOfStyles.js (100 creates, dev): median 7.34 ms, p95 7.66 ms, 135.43 ops/sec ±0.35% (136 runs sampled)
Rollup plugin - lotsOfStyles.js: median 1.23 s, p95 1.28 s, 0.81 ops/sec ±1.43% (10 runs sampled)
Rollup plugin - lotsOfStylesDynamic.js: median 6.68 ms, p95 7.06 ms, 147.36 ops/sec ±3.34% (73 runs sampled)
Feature - dynamic styles: median 583 µs, p95 598.79 µs, 1,704.46 ops/sec ±0.20% (1703 runs sampled)
Feature - dynamic styles (dev): median 722 µs, p95 771.25 µs, 1,372.93 ops/sec ±0.25% (1371 runs sampled)
Feature - nested conditions: median 289.29 µs, p95 345.79 µs, 3,382.02 ops/sec ±1.18% (3339 runs sampled)
Feature - nested conditions (dev): median 391.13 µs, p95 416.08 µs, 2,531.78 ops/sec ±0.21% (2527 runs sampled)
Feature - media queries: median 286.46 µs, p95 294.62 µs, 3,473.1 ops/sec ±0.11% (3471 runs sampled)
Feature - media queries (dev): median 372.75 µs, p95 388.79 µs, 2,661.77 ops/sec ±0.23% (2657 runs sampled)
Feature - media query order: median 848.67 µs, p95 867.79 µs, 1,173.83 ops/sec ±0.10% (1174 runs sampled)
Feature - media query order off: median 356.04 µs, p95 364.46 µs, 2,792.87 ops/sec ±0.18% (2789 runs sampled)
Feature - keyframes and animations: median 173.67 µs, p95 178 µs, 5,723.06 ops/sec ±0.14% (5714 runs sampled)
Feature - keyframes and animations (dev): median 275 µs, p95 281 µs, 3,621.45 ops/sec ±0.13% (3618 runs sampled)
Feature - theme tokens: median 125.04 µs, p95 128.75 µs, 7,952.16 ops/sec ±0.15% (7937 runs sampled)
Feature - theme tokens (dev): median 212.88 µs, p95 218.25 µs, 4,676.45 ops/sec ±0.11% (4673 runs sampled)
Feature - logical and RTL: median 204.71 µs, p95 212.83 µs, 4,848.15 ops/sec ±0.13% (4842 runs sampled)
Feature - logical and RTL (dev): median 306.92 µs, p95 325.29 µs, 3,228.94 ops/sec ±0.19% (3224 runs sampled)
Feature - CSS value normalization: median 229.25 µs, p95 231.71 µs, 4,355.82 ops/sec ±0.06% (4355 runs sampled)
Feature - CSS value normalization (dev): median 337.5 µs, p95 348.21 µs, 2,939.51 ops/sec ±0.81% (2921 runs sampled)
Feature - view transitions: median 122.58 µs, p95 129.17 µs, 8,101.91 ops/sec ±0.11% (8090 runs sampled)
Feature - view transitions (dev): median 214.33 µs, p95 220.79 µs, 4,639.31 ops/sec ±0.11% (4635 runs sampled)
Feature - token definitions: median 83.54 µs, p95 87.5 µs, 11,870.53 ops/sec ±0.86% (11769 runs sampled)
Feature - debug class names over many namespaces: median 388.17 µs, p95 400.79 µs, 2,560.66 ops/sec ±0.13% (2559 runs sampled)
Feature - unminified debug keys: median 211.79 µs, p95 233.04 µs, 4,645.04 ops/sec ±0.82% (4599 runs sampled)
Feature - source text read from disk: median 337.75 µs, p95 372.5 µs, 2,908.79 ops/sec ±1.06% (2882 runs sampled)
Feature - legacy shorthand expansion: median 317.67 µs, p95 323.96 µs, 3,135.98 ops/sec ±0.09% (3135 runs sampled)
Feature - legacy value flipping: median 207.71 µs, p95 224.75 µs, 4,733.14 ops/sec ±0.17% (4723 runs sampled)
Feature - font size px to rem: median 230.79 µs, p95 235.5 µs, 4,321.85 ops/sec ±0.11% (4319 runs sampled)
Feature - props and attrs: median 199.38 µs, p95 204.33 µs, 4,989.64 ops/sec ±0.15% (4982 runs sampled)
Feature - props and attrs (dev): median 318.92 µs, p95 356.46 µs, 3,062.7 ops/sec ±0.35% (3047 runs sampled)
Feature - debug data prop: median 318.33 µs, p95 327.25 µs, 3,123.12 ops/sec ±0.17% (3119 runs sampled)
Feature - debug without the data prop: median 201.67 µs, p95 209.04 µs, 4,918.48 ops/sec ±0.98% (4880 runs sampled)
Feature - debug and dev class names: median 339.38 µs, p95 351.33 µs, 2,922.75 ops/sec ±0.22% (2917 runs sampled)
Feature - inlined conditional merge off: median 199.04 µs, p95 205.33 µs, 4,994.05 ops/sec ±0.11% (4989 runs sampled)
Feature - runtime injection: median 206.92 µs, p95 216.25 µs, 4,796.48 ops/sec ±0.16% (4788 runs sampled)
Feature - readable test class names: median 275.37 µs, p95 282.42 µs, 3,612.61 ops/sec ±0.12% (3610 runs sampled)
Feature - stylex side effects injected: median 125.33 µs, p95 129.12 µs, 7,927.84 ops/sec ±0.16% (7908 runs sampled)
Feature - source maps inline: median 201.63 µs, p95 207.5 µs, 4,925.3 ops/sec ±0.77% (4890 runs sampled)
Feature - source maps without columns: median 197.46 µs, p95 200.29 µs, 5,054.77 ops/sec ±0.06% (5054 runs sampled)
Feature - source maps without source text: median 196.42 µs, p95 208 µs, 5,034.26 ops/sec ±0.48% (5001 runs sampled)
Feature - engine fold: median 230.75 µs, p95 240 µs, 4,297.93 ops/sec ±0.34% (4277 runs sampled)
Feature - engine fold (dev): median 352.13 µs, p95 394.25 µs, 2,787.92 ops/sec ±0.41% (2769 runs sampled)
Feature - calls that do not fold: median 2.78 ms, p95 2.92 ms, 356.09 ops/sec ±1.02% (355 runs sampled)
Feature - calls that do not fold (dev): median 3.13 ms, p95 3.24 ms, 318.52 ops/sec ±0.22% (319 runs sampled)
Feature - class name prefix: median 280.87 µs, p95 286.46 µs, 3,544.71 ops/sec ±0.08% (3543 runs sampled)

All benchmarks completed.

Results saved to /Users/vladislavbuinovski/Projects/Facebook/stylex-swc-plugin.git/bugfix/crates/stylex-rs-compiler/benchmark/results
