// Jest Snapshot v1, https://jestjs.io/docs/snapshot-testing

exports[`Home render styles successfully 1`] = `
<div>
  <main
    class="x78zum5 xdt5ytf x1fvziza x6s0dn4 xl56j7k xg6iff7 xr4q2nv xagq9hg x14kayco xaxnm0k xd7j3vh xpwtakk x1x20ko0 x1fhxoeq xkjcvkp xpmlbbg"
  >
    <div
      class="x78zum5 xdt5ytf x17e51qk x6s0dn4 xl56j7k xh8yej3 x17fpy1y"
    >
      <h1
        class="xwlf911 x1q0g3np x1pmkfg8 xs4a3dk x1xlr1w8 xo5v014 x2b8uid x18sf2q7 xuxw1ft"
      >
        Next.js 
        <span
          class="x1iikomf x1ibgqcj x1d8287x xt3l3uh"
        >
          +
        </span>
         StyleX
      </h1>
      <p
        class="x1mrxg6j x1pmkfg8 xtyu05a x1dbl2gt x1t2h6uu x1re1341 x2b8uid x1w2vvpw"
      >
        The expressive styling system for ambitious interfaces
      </p>
      <div
        class="x78zum5 xdt5ytf xb3j2ct xh8yej3 x1j9u4d2 xcjxby4 x1pmkfg8 x1iuv16f xp4y62t x1y0btm7 xdh2fpr x1azadol xhvtex3 x1d8287x x12zzom9"
      >
        <div
          class="xj1gpu9 x1xlr1w8 x1ibgqcj xtvhhri x2ujxvm x1d8287x xt3l3uh"
        >
          Theme
        </div>
        <div
          class="x78zum5 x1ipj079 xl56j7k"
        >
          <button
            class="x78zum5 xqy4zar x6s0dn4 x1it15ma xx7ihp2 x1pmkfg8 xdnka2l x1heor9g x1ypdohk xjbqb8w x1208mx2 x1cgt01t x1ax9od1 x18rihpg x1y0btm7 xmkeg23 xcsupl4 x13dflua xts7igz"
          >
            <span
              class="xn8etce x1fhxoeq x2lah0s x1fsd2vl x170jfvy xm54sti x16rqkct"
            />
            Red
          </button>
          <button
            class="x78zum5 xqy4zar x6s0dn4 x1it15ma xx7ihp2 x1pmkfg8 xdnka2l x1heor9g x1ypdohk xjbqb8w x1208mx2 x1cgt01t x1ax9od1 x18rihpg x1y0btm7 xmkeg23 xcsupl4 x13dflua xts7igz"
          >
            <span
              class="x1d3bwut x1fhxoeq x2lah0s x1fsd2vl x170jfvy xm54sti x16rqkct"
            />
            Green
          </button>
          <button
            class="x78zum5 xqy4zar x6s0dn4 x1it15ma xx7ihp2 x1pmkfg8 xdnka2l x1heor9g x1ypdohk x1y0btm7 xmkeg23 xcsupl4 x13dflua xts7igz x1s688f x1mym9ec xp4y62t"
          >
            <span
              class="x1x20ko0 x1fhxoeq x2lah0s x1fsd2vl x170jfvy xm54sti x16rqkct"
            />
            Blue
          </button>
        </div>
        <div
          class="x36qwtl xbijhvh x1bfkycy x1nj7uno x1d8287x x15406qy"
        />
        <div
          class="xj1gpu9 x1xlr1w8 x1ibgqcj xtvhhri x2ujxvm x1d8287x xt3l3uh"
        >
          Mode
        </div>
        <div
          class="x78zum5 x1ipj079 xl56j7k"
        >
          <button
            class="x78zum5 xqy4zar x6s0dn4 x1it15ma xx7ihp2 x1pmkfg8 xdnka2l x1heor9g x1ypdohk x1y0btm7 xmkeg23 xcsupl4 x13dflua xts7igz x1s688f x1mym9ec xp4y62t"
          >
            Light
          </button>
          <button
            class="x78zum5 xqy4zar x6s0dn4 x1it15ma xx7ihp2 x1pmkfg8 xdnka2l x1heor9g x1ypdohk xjbqb8w x1208mx2 x1cgt01t x1ax9od1 x18rihpg x1y0btm7 xmkeg23 xcsupl4 x13dflua xts7igz"
          >
            Dark
          </button>
        </div>
        <div
          class="x36qwtl xbijhvh x1bfkycy x1nj7uno x1d8287x x15406qy"
        />
        <div
          class="xj1gpu9 x1xlr1w8 x1ibgqcj xtvhhri x2ujxvm x1d8287x xt3l3uh"
        >
          Counter
        </div>
        <div
          class="x78zum5 xmjkwu9 x6s0dn4 xl56j7k"
        >
          <button
            class="x78zum5 x6s0dn4 xl56j7k x1useyqa xsdox4t x1pmkfg8 x1pe7niw x1iikomf x1ibgqcj x1ypdohk xjbqb8w x1208mx2 x1cgt01t xp4y62t x1y0btm7 xmkeg23 xcsupl4 x1jplu5e x13dflua x10oofgx"
          >
            -
          </button>
          <div
            class="x6c5l4p x1y8sf5l xmc08wn x1ny7uwr x1ibgqcj x2b8uid x1d8287x xt3l3uh"
          >
            0
          </div>
          <button
            class="x78zum5 x6s0dn4 xl56j7k x1useyqa xsdox4t x1pmkfg8 x1pe7niw x1iikomf x1ibgqcj x1ypdohk xjbqb8w x1208mx2 x1cgt01t xp4y62t x1y0btm7 xmkeg23 xcsupl4 x1jplu5e x13dflua x10oofgx"
          >
            +
          </button>
        </div>
      </div>
    </div>
    <a
      class="x78zum5 xmjkwu9 x6s0dn4 xh8yej3 x17fpy1y x1xe3or2 x1wj1jo6 x1pmkfg8 xdnka2l x37zpob x1heor9g x1hl2dhg x1mym9ec xpjnirm xp4y62t x1y0btm7 xdh2fpr x1rw4wi x1lz31oe x13dflua x1lxufdw"
      href="/theming-demos"
    >
      <span
        class="x2lah0s x1pe7niw"
      >
        🎨
      </span>
      <span>
        <strong>
          Theming Demos
        </strong>
        <br />
        <span
          class="xj1gpu9 x197sbye"
        >
          Experimental APIs for expressing nested design tokens · Design system theming
        </span>
      </span>
      <span
        class="x8x9d4c x1rlx6u6 x1ibgqcj x13dflua x11xpdln"
      >
        →
      </span>
    </a>
    <div
      class="xrvj5dj xtp8ymz xx3cr9d xtffbmy xb3j2ct x7gess9 xl858mc x193iq5w x15hltav"
    >
      <a
        class="x1ymzxv2 x78zum5 xdt5ytf x6s0dn4 x1nhvcw1 xoha5jd x1pmkfg8 x1heor9g x2b8uid x1hl2dhg xjbqb8w x5kgt76 x1ax9od1 xm9xpfe xc5pyvz x1bzav2f x1y0btm7 xmkeg23 x1rw4wi x1gnnqk1 x1rfyatg x1lz31oe x1d8287x xmz27jc x1s3telo"
        href="https://stylexjs.com/docs/learn/"
        rel="noopener noreferrer"
        target="_blank"
      >
        <h2
          class="x4dkmba x1ozsttx x1pe7niw x1s688f x1ibgqcj x1d8287x xt3l3uh x1s3telo"
        >
          Docs
           
          <span
            class="x1rg5ohu xfujts0 x12w9bfk x13dflua x11xpdln"
          >
            →
          </span>
        </h2>
        <p
          class="x1u8bs6r x1ghz6dp xtyu05a x1evy7pa x1w2vvpw x197sbye"
        >
          Learn how to use StyleX to build UIs
        </p>
      </a>
      <a
        class="x1ymzxv2 x78zum5 xdt5ytf x6s0dn4 x1nhvcw1 xoha5jd x1pmkfg8 x1heor9g x2b8uid x1hl2dhg xjbqb8w x5kgt76 x1ax9od1 xm9xpfe xc5pyvz x1bzav2f x1y0btm7 xmkeg23 x1rw4wi x1gnnqk1 x1rfyatg x1lz31oe x1d8287x xmz27jc x1s3telo"
        href="https://stylexjs.com/docs/api/"
        rel="noopener noreferrer"
        target="_blank"
      >
        <h2
          class="x4dkmba x1ozsttx x1pe7niw x1s688f x1ibgqcj x1d8287x xt3l3uh x1s3telo"
        >
          API
           
          <span
            class="x1rg5ohu xfujts0 x12w9bfk x13dflua x11xpdln"
          >
            →
          </span>
        </h2>
        <p
          class="x1u8bs6r x1ghz6dp xtyu05a x1evy7pa x1w2vvpw x197sbye"
        >
          Browse through the StyleX API reference
        </p>
      </a>
      <a
        class="x1ymzxv2 x78zum5 xdt5ytf x6s0dn4 x1nhvcw1 xoha5jd x1pmkfg8 x1heor9g x2b8uid x1hl2dhg xjbqb8w x5kgt76 x1ax9od1 xm9xpfe xc5pyvz x1bzav2f x1y0btm7 xmkeg23 x1rw4wi x1gnnqk1 x1rfyatg x1lz31oe x1d8287x xmz27jc x1s3telo"
        href="https://stylexjs.com/playground/"
        rel="noopener noreferrer"
        target="_blank"
      >
        <h2
          class="x4dkmba x1ozsttx x1pe7niw x1s688f x1ibgqcj x1d8287x xt3l3uh x1s3telo"
        >
          Playground
           
          <span
            class="x1rg5ohu xfujts0 x12w9bfk x13dflua x11xpdln"
          >
            →
          </span>
        </h2>
        <p
          class="x1u8bs6r x1ghz6dp xtyu05a x1evy7pa x1w2vvpw x197sbye"
        >
          Play with StyleX and look at the compile outputs
        </p>
      </a>
      <a
        class="x1ymzxv2 x78zum5 xdt5ytf x6s0dn4 x1nhvcw1 xoha5jd x1pmkfg8 x1heor9g x2b8uid x1hl2dhg xjbqb8w x5kgt76 x1ax9od1 xm9xpfe xc5pyvz x1bzav2f x1y0btm7 xmkeg23 x1rw4wi x1gnnqk1 x1rfyatg x1lz31oe x1d8287x xmz27jc x1s3telo"
        href="https://github.com/nmn/nextjs-app-dir-stylex"
        rel="noopener noreferrer"
        target="_blank"
      >
        <h2
          class="x4dkmba x1ozsttx x1pe7niw x1s688f x1ibgqcj x1d8287x xt3l3uh x1s3telo"
        >
          Templates
           
          <span
            class="x1rg5ohu xfujts0 x12w9bfk x13dflua x11xpdln"
          >
            →
          </span>
        </h2>
        <p
          class="x1u8bs6r x1ghz6dp xtyu05a x1evy7pa x1w2vvpw x197sbye"
        >
          Get started with a NextJS+StyleX project
        </p>
      </a>
    </div>
    <div
      class="x78zum5 x6s0dn4 xl56j7k xq5fvzb x1jwldgz x1jf6z3d x1ox8vie xvcfkjc x18mbai7"
    >
      <div
        class="x1awj2ng xfebpd xusmn32"
      >
        Local visual test imports
      </div>
    </div>
    <div
      class="xq5fvzb x18mbai7 xl56j7k x6s0dn4 x1jwldgz xvnzane x1s85apg x1k4oyu6"
    >
      <div
        class="x1awj2ng xfebpd xusmn32"
      >
        Pink rounded rectangle with blue text
      </div>
    </div>
    <div
      class="xq5fvzb x18mbai7 xl56j7k x6s0dn4 x1jwldgz xvcfkjc x1s85apg x8ceulb"
    >
      <div
        class="x1awj2ng xfebpd xusmn32"
      >
        Red rounded rectangle with green text
      </div>
    </div>
  </main>
</div>
`;
