   Compiling proc-macro2 v1.0.106
   Compiling unicode-ident v1.0.24
   Compiling quote v1.0.47
   Compiling cfg-if v1.0.4
   Compiling serde_core v1.0.229
   Compiling allocator-api2 v0.2.21
   Compiling memchr v2.8.0
   Compiling libc v0.2.186
   Compiling once_cell v1.21.4
   Compiling serde v1.0.229
   Compiling stable_deref_trait v1.2.1
   Compiling equivalent v1.0.2
   Compiling foldhash v0.2.0
   Compiling itoa v1.0.18
   Compiling version_check v0.9.5
   Compiling smallvec v1.15.1
   Compiling hashbrown v0.17.1
   Compiling rustc-hash v2.1.3
   Compiling autocfg v1.5.0
   Compiling writeable v0.6.4
   Compiling siphasher v1.0.2
   Compiling litemap v0.8.2
   Compiling pin-project-lite v0.2.17
   Compiling zmij v1.0.21
   Compiling num-traits v0.2.19
   Compiling zerocopy v0.8.48
   Compiling serde_json v1.0.151
   Compiling ahash v0.8.12
   Compiling utf8_iter v1.0.4
   Compiling icu_properties_data v2.3.0
   Compiling icu_normalizer_data v2.3.0
   Compiling anyhow v1.0.104
   Compiling write16 v1.0.0
   Compiling syn v2.0.117
   Compiling syn v3.0.4
   Compiling parking_lot_core v0.9.12
   Compiling utf16_iter v1.0.5
   Compiling either v1.15.0
   Compiling scopeguard v1.2.0
   Compiling percent-encoding v2.3.2
   Compiling tracing-core v0.1.36
   Compiling lock_api v0.4.14
   Compiling find-msvc-tools v0.1.9
   Compiling shlex v1.3.0
   Compiling radium v0.7.0
   Compiling num-integer v0.1.47
   Compiling tap v1.0.1
   Compiling cc v1.2.61
   Compiling bitflags v2.13.1
   Compiling wyz v0.5.1
   Compiling form_urlencoded v1.2.2
   Compiling indexmap v2.14.0
   Compiling new_debug_unreachable v1.0.6
   Compiling bytes v1.11.1
   Compiling termcolor v1.4.1
   Compiling funty v2.0.0
   Compiling vsimd v0.8.0
   Compiling outref v0.5.2
   Compiling uuid v1.23.1
   Compiling bitvec v1.0.1
   Compiling base64-simd v0.8.0
   Compiling unicode-id-start v1.4.0
   Compiling data-encoding v2.11.0
   Compiling unicode-width v0.2.2
   Compiling if_chain v1.0.3
   Compiling aho-corasick v1.1.4
   Compiling regex-syntax v0.8.10
   Compiling scoped-tls v1.0.1
   Compiling cbor4ii v1.2.2
   Compiling synstructure v0.13.2
   Compiling swc_macros_common v1.0.1
   Compiling heck v0.5.0
   Compiling better_scoped_tls v1.0.1
   Compiling swc_visit v2.0.1
   Compiling hashbrown v0.14.5
   Compiling parking_lot v0.12.5
   Compiling static_assertions v1.1.0
   Compiling serde_derive v1.0.229
   Compiling zerovec-derive v0.11.6
   Compiling zerofrom-derive v0.1.7
   Compiling yoke-derive v0.8.2
   Compiling displaydoc v0.2.5
   Compiling tracing-attributes v0.1.31
   Compiling zerofrom v0.1.7
   Compiling ast_node v6.1.0
   Compiling swc_eq_ignore_macros v1.0.1
   Compiling yoke v0.8.3
   Compiling from_variant v3.0.0
   Compiling regex-automata v0.4.16
   Compiling zerovec v0.11.8
   Compiling zerotrie v0.2.5
   Compiling siphasher v0.3.11
   Compiling crossbeam-utils v0.8.21
   Compiling tracing v0.1.44
   Compiling rand_core v0.6.4
   Compiling rustversion v1.0.22
   Compiling rand v0.8.6
   Compiling phf_shared v0.11.3
   Compiling object v0.37.3
   Compiling tinystr v0.8.4
   Compiling potential_utf v0.1.5
   Compiling phf_generator v0.11.3
   Compiling ryu v1.0.23
   Compiling icu_locale_core v2.3.0
   Compiling icu_collections v2.3.0
   Compiling phf_macros v0.11.3
   Compiling is-macro v0.3.7
   Compiling string_enum v1.0.2
   Compiling triomphe v0.1.15
   Compiling debugid v0.8.0
   Compiling bytes-str v0.2.7
   Compiling hstr v4.0.0
   Compiling num-bigint v0.4.6
   Compiling phf v0.11.3
   Compiling castaway v0.2.4
   Compiling fastrand v2.3.0
   Compiling hashbrown v0.16.1
   Compiling typenum v1.19.0
   Compiling icu_provider v2.3.1
   Compiling swc_atoms v10.0.0
   Compiling generic-array v0.14.9
   Compiling icu_properties v2.3.0
   Compiling icu_normalizer v2.3.0
   Compiling dragonbox_ecma v0.1.12
   Compiling regex v1.12.3
   Compiling stacker v0.1.24
   Compiling par-core v2.0.0
   Compiling idna_adapter v1.2.2
   Compiling idna v1.1.0
   Compiling log v0.4.33
   Compiling url v2.5.8
   Compiling compact_str v0.7.1
   Compiling ar_archive_writer v0.5.1
   Compiling swc_sourcemap v10.0.2
   Compiling dashmap v6.2.1
   Compiling num_cpus v1.17.0
   Compiling phf_shared v0.14.0
   Compiling regress v0.11.1
   Compiling phf_generator v0.14.0
   Compiling psm v0.1.31
   Compiling seq-macro v0.3.6
   Compiling phf_macros v0.14.0
   Compiling crypto-common v0.1.6
   Compiling block-buffer v0.10.4
   Compiling rustix v1.1.4
   Compiling owo-colors v4.2.2
   Compiling swc_common v24.0.0
   Compiling phf v0.14.0
   Compiling digest v0.10.7
   Compiling errno v0.3.14
   Compiling cpufeatures v0.2.17
   Compiling bstr v1.12.1
   Compiling unicode-linebreak v0.1.5
   Compiling camino v1.1.11
   Compiling thiserror v1.0.69
   Compiling globset v0.4.18
   Compiling textwrap v0.16.2
   Compiling miette-derive v7.6.0
   Compiling swc_ecma_ast v27.0.0
   Compiling thiserror-impl v1.0.69
   Compiling swc_config_macro v1.0.1
   Compiling bumpalo v3.20.2
   Compiling unicode-width v0.1.14
   Compiling getrandom v0.3.4
   Compiling lazy_static v1.5.0
   Compiling sharded-slab v0.1.7
   Compiling swc_allocator v5.0.0
   Compiling miette v7.6.0
   Compiling swc_config v6.0.0
   Compiling tracing-log v0.2.0
   Compiling matchers v0.2.0
   Compiling cargo-platform v0.1.9
   Compiling swc_ecma_codegen_macros v2.0.2
   Compiling semver v1.0.28
   Compiling thread_local v1.1.9
   Compiling nu-ansi-term v0.50.1
   Compiling base64 v0.22.1
   Compiling glob v0.3.4
   Compiling relative-path v1.9.3
   Compiling yansi v1.0.1
   Compiling diff v0.1.13
   Compiling ascii v1.1.0
   Compiling testing_macros v1.0.1
   Compiling pretty_assertions v1.4.1
   Compiling tracing-subscriber v0.3.20
   Compiling cargo_metadata v0.18.1
   Compiling swc_error_reporters v26.0.0
   Compiling difference v2.0.0
   Compiling tempfile v3.21.0
   Compiling testing v25.0.0
   Compiling sha2 v0.10.9
   Compiling sha1 v0.10.6
   Compiling swc_ecma_visit v27.0.0
   Compiling hex v0.4.3
   Compiling swc_ecma_testing v25.0.0
   Compiling stylex_constants v0.18.6-rc.1 (/Users/vladislavbuinovski/Projects/Facebook/stylex-swc-plugin.git/bugfix/crates/stylex-constants)
   Compiling swc_core v75.0.0
   Compiling ansi_term v0.12.1
   Compiling swc_plugin_proxy v28.0.0
   Compiling swc_transform_common v18.0.0
   Compiling swc_plugin_macro v1.1.1
   Compiling swc_plugin v1.0.1
   Compiling colored v3.1.1
   Compiling radix_fmt v1.0.0
   Compiling arrayvec v0.7.8
   Compiling futures-core v0.3.32
   Compiling xxhash-rust v0.8.18
   Compiling stylex_macros v0.18.6-rc.1 (/Users/vladislavbuinovski/Projects/Facebook/stylex-swc-plugin.git/bugfix/crates/stylex-macros)
   Compiling murmur2 v0.1.0
   Compiling unicode-segmentation v1.13.2
   Compiling ryu-js v1.0.3
   Compiling futures-io v0.3.32
   Compiling fnv v1.0.7
   Compiling thiserror v2.0.20
   Compiling ident_case v1.0.1
   Compiling strsim v0.11.1
   Compiling thiserror-impl v2.0.20
   Compiling darling_core v0.20.11
   Compiling swc_ecma_utils v33.0.0
   Compiling swc_ecma_parser v43.0.0
   Compiling swc_ecma_hooks v0.11.0
   Compiling fixedbitset v0.5.7
   Compiling swc_ecma_codegen v30.0.0
   Compiling futures-sink v0.3.32
   Compiling futures-channel v0.3.32
   Compiling futures-macro v0.3.32
   Compiling icu_locale_fallback_data v2.3.0
   Compiling bit-vec v0.8.0
   Compiling crc32fast v1.5.0
   Compiling slab v0.4.12
   Compiling futures-task v0.3.32
   Compiling darling_macro v0.20.11
   Compiling bit-set v0.8.0
   Compiling napi-build v2.4.0
   Compiling linktime-proc-macro v0.2.2
   Compiling zlib-rs v0.5.4
   Compiling futures-util v0.3.32
   Compiling libm v0.2.16
   Compiling darling v0.20.11
   Compiling pathdiff v0.2.3
   Compiling link-section v0.19.2
   Compiling derive_builder_core v0.20.2
   Compiling napi v3.12.0
   Compiling fancy-regex v0.19.0
   Compiling ctor v1.0.12
   Compiling petgraph v0.7.1
   Compiling convert_case v0.11.0
   Compiling convert_case v0.10.0
   Compiling halfbrown v0.4.0
   Compiling synstructure v0.14.0
   Compiling float-cmp v0.10.0
   Compiling nibble_vec v0.1.0
   Compiling libloading v0.9.0
   Compiling cow-utils v0.1.3
   Compiling winnow v1.0.4
   Compiling pastey v0.2.3
   Compiling swc_ecma_transforms_base v47.0.0
   Compiling libz-rs-sys v0.5.4
   Compiling futures-executor v0.3.32
   Compiling fast-float2 v0.2.4
   Compiling endian-type v0.2.0
   Compiling unicode-xid v0.2.6
   Compiling parking v2.2.1
   Compiling radix_trie v0.3.0
   Compiling derive_more-impl v2.1.1
   Compiling boa_string v0.22.0
   Compiling futures v0.3.32
   Compiling toml_parser v1.1.3+spec-1.1.0
   Compiling flate2 v1.1.5
   Compiling swc_ecma_transforms_react v53.0.0
   Compiling swc_ecma_transforms_testing v51.0.0
   Compiling swc_ecma_transforms_optimization v50.0.0
   Compiling boa_macros v0.22.0
   Compiling napi-sys v3.3.0
   Compiling value-trait v0.12.1
   Compiling swc_ecma_transforms_typescript v53.0.0
   Compiling napi-derive-backend v6.1.1
   Compiling derive_builder_macro v0.20.2
   Compiling icu_locale_fallback v2.3.0
   Compiling par-iter v2.0.0
   Compiling is-terminal v0.4.15
   Compiling phf_shared v0.13.1
   Compiling concurrent_lru v0.2.0
   Compiling humantime v2.1.0
   Compiling nohash-hasher v0.2.0
   Compiling nodejs-built-in-modules v1.0.0
   Compiling simdutf8 v0.1.5
   Compiling icu_calendar_data v2.3.0
   Compiling toml_datetime v1.1.1+spec-1.1.0
   Compiling byteorder v1.5.0
   Compiling thin-vec v0.2.19
   Compiling pnp v0.12.11
   Compiling toml_edit v0.25.13+spec-1.1.0
   Compiling swc_ecma_minifier v59.0.0
   Compiling boa_gc v0.22.0
   Compiling simd-json v0.17.0
   Compiling env_logger v0.10.2
   Compiling napi-derive v3.6.2
   Compiling phf_generator v0.13.1
   Compiling stylex_regex v0.18.6-rc.1 (/Users/vladislavbuinovski/Projects/Facebook/stylex-swc-plugin.git/bugfix/crates/stylex-regex)
   Compiling core_maths v0.1.1
   Compiling derive_builder v0.20.2
   Compiling derive_more v2.1.1
   Compiling rustc_version v0.4.1
   Compiling fast-glob v1.0.0
   Compiling compact_str v0.9.0
   Compiling strum_macros v0.28.0
   Compiling json-strip-comments v3.1.0
   Compiling rand_core v0.10.1
   Compiling crossbeam-epoch v0.9.20
   Compiling getrandom v0.4.3
   Compiling self_cell v1.2.1
   Compiling oxc_resolver v11.24.2
   Compiling swc_compiler_base v62.0.0
   Compiling strum v0.28.0
   Compiling float16 v0.1.7
   Compiling package-json v0.5.0
   Compiling calendrical_calculations v0.2.4
   Compiling phf_macros v0.13.1
   Compiling pretty_env_logger v0.5.0
   Compiling boa_interner v0.22.0
   Compiling proc-macro-crate v3.5.0
   Compiling event-listener v5.4.2
   Compiling num-bigint v0.5.1
   Compiling equator-macro v0.4.2
   Compiling pin-project-internal v1.1.13
   Compiling path-clean v1.0.1
   Compiling icu_collator_data v2.3.0
   Compiling dtoa v1.0.10
   Compiling num-conv v0.2.2
   Compiling portable-atomic v1.15.0
   Compiling time-core v0.1.9
   Compiling pin-project v1.1.13
   Compiling time-macros v0.2.32
   Compiling dtoa-short v0.3.5
   Compiling boa_ast v0.22.0
   Compiling equator v0.4.2
   Compiling phf v0.13.1
   Compiling event-listener-strategy v0.5.4
   Compiling num_enum_derive v0.7.6
   Compiling icu_calendar v2.3.0
   Compiling chacha20 v0.10.2
   Compiling futures-lite v2.6.1
   Compiling stylex_styleq v0.18.6-rc.1 (/Users/vladislavbuinovski/Projects/Facebook/stylex-swc-plugin.git/bugfix/crates/stylex-styleq)
   Compiling timezone_provider v0.2.6
   Compiling concurrent-queue v2.5.0
   Compiling cssparser-macros v0.7.0
   Compiling dynify-macros v0.1.2
   Compiling bytemuck_derive v1.12.0
   Compiling libmimalloc-sys v0.1.49
   Compiling num_threads v0.1.7
   Compiling regress v0.12.0
   Compiling powerfmt v0.2.0
   Compiling deranged v0.5.8
   Compiling rayon-core v1.13.0
   Compiling ixdtf v0.6.6
   Compiling bytemuck v1.25.2
   Compiling temporal_rs v0.2.6
   Compiling time v0.3.55
   Compiling dynify v0.1.2
   Compiling cssparser v0.37.0
   Compiling boa_parser v0.22.0
   Compiling futures-concurrency v7.7.1
   Compiling async-channel v2.5.0
   Compiling stylex_path_resolver v0.18.6-rc.1 (/Users/vladislavbuinovski/Projects/Facebook/stylex-swc-plugin.git/bugfix/crates/stylex-path-resolver)
   Compiling rand v0.10.2
   Compiling crossbeam-deque v0.8.6
   Compiling num_enum v0.7.6
   Compiling aligned-vec v0.6.4
   Compiling small_btree v0.1.0
   Compiling alloca v0.4.0
   Compiling itertools v0.15.0
   Compiling half v2.6.0
   Compiling intrusive-collections v0.10.3
   Compiling plotters-backend v0.3.7
   Compiling oneshot v0.2.1
   Compiling tag_ptr v0.1.0
   Compiling xsum v0.1.6
   Compiling clap_lex v1.0.0
   Compiling anstyle v1.0.14
   Compiling ciborium-io v0.2.2
   Compiling ciborium-ll v0.2.2
   Compiling clap_builder v4.6.6
   Compiling plotters-svg v0.3.7
   Compiling icu_collator v2.3.1
   Compiling itertools v0.13.0
   Compiling postcss_value_parser v0.18.6-rc.1 (/Users/vladislavbuinovski/Projects/Facebook/stylex-swc-plugin.git/bugfix/crates/postcss-value-parser)
   Compiling cast v0.3.0
   Compiling same-file v1.0.6
   Compiling walkdir v2.5.0
   Compiling clap v4.6.6
   Compiling rayon v1.11.0
   Compiling mimalloc v0.1.52
   Compiling criterion-plot v0.8.2
   Compiling plotters v0.3.7
   Compiling ciborium v0.2.2
   Compiling tinytemplate v1.2.1
   Compiling page_size v0.6.0
   Compiling console v0.16.3
   Compiling anes v0.1.6
   Compiling similar v2.7.0
   Compiling oorandom v11.1.5
   Compiling swc_malloc v1.2.5
   Compiling insta v1.48.0
   Compiling criterion v0.8.2
   Compiling boa_engine v0.22.0
   Compiling stylex_utils v0.18.6-rc.1 (/Users/vladislavbuinovski/Projects/Facebook/stylex-swc-plugin.git/bugfix/crates/stylex-utils)
   Compiling stylex_enums v0.18.6-rc.1 (/Users/vladislavbuinovski/Projects/Facebook/stylex-swc-plugin.git/bugfix/crates/stylex-enums)
   Compiling stylex_ast v0.18.6-rc.1 (/Users/vladislavbuinovski/Projects/Facebook/stylex-swc-plugin.git/bugfix/crates/stylex-ast)
   Compiling stylex_css_parser v0.18.6-rc.1 (/Users/vladislavbuinovski/Projects/Facebook/stylex-swc-plugin.git/bugfix/crates/stylex-css-parser)
   Compiling stylex_js v0.18.6-rc.1 (/Users/vladislavbuinovski/Projects/Facebook/stylex-swc-plugin.git/bugfix/crates/stylex-js)
   Compiling stylex_structures v0.18.6-rc.1 (/Users/vladislavbuinovski/Projects/Facebook/stylex-swc-plugin.git/bugfix/crates/stylex-structures)
   Compiling stylex_state_index v0.18.6-rc.1 (/Users/vladislavbuinovski/Projects/Facebook/stylex-swc-plugin.git/bugfix/crates/stylex-state-index)
   Compiling stylex_atoms v0.18.6-rc.1 (/Users/vladislavbuinovski/Projects/Facebook/stylex-swc-plugin.git/bugfix/crates/stylex-atoms)
   Compiling stylex_types v0.18.6-rc.1 (/Users/vladislavbuinovski/Projects/Facebook/stylex-swc-plugin.git/bugfix/crates/stylex-types)
   Compiling stylex_nested_config v0.18.6-rc.1 (/Users/vladislavbuinovski/Projects/Facebook/stylex-swc-plugin.git/bugfix/crates/stylex-nested-config)
   Compiling stylex_css v0.18.6-rc.1 (/Users/vladislavbuinovski/Projects/Facebook/stylex-swc-plugin.git/bugfix/crates/stylex-css)
   Compiling stylex_diagnostics v0.18.6-rc.1 (/Users/vladislavbuinovski/Projects/Facebook/stylex-swc-plugin.git/bugfix/crates/stylex-diagnostics)
   Compiling stylex_state v0.18.6-rc.1 (/Users/vladislavbuinovski/Projects/Facebook/stylex-swc-plugin.git/bugfix/crates/stylex-state)
   Compiling stylex_declarations v0.18.6-rc.1 (/Users/vladislavbuinovski/Projects/Facebook/stylex-swc-plugin.git/bugfix/crates/stylex-declarations)
   Compiling stylex_evaluator v0.18.6-rc.1 (/Users/vladislavbuinovski/Projects/Facebook/stylex-swc-plugin.git/bugfix/crates/stylex-evaluator)
   Compiling stylex_transform v0.18.6-rc.1 (/Users/vladislavbuinovski/Projects/Facebook/stylex-swc-plugin.git/bugfix/crates/stylex-transform)
    Finished `bench` profile [optimized + debuginfo] target(s) in 11m 10s
     Running benches/evaluate_bench.rs (target-bench-branch/release/deps/evaluate_bench-248be71f1d1ae9ac)
Benchmarking EvaluatePerfFixtures/colors.stylex.js
Benchmarking EvaluatePerfFixtures/colors.stylex.js: Warming up for 2.0000 s
Benchmarking EvaluatePerfFixtures/colors.stylex.js: Collecting 20 samples in estimated 4.0065 s (105k iterations)
Benchmarking EvaluatePerfFixtures/colors.stylex.js: Analyzing
EvaluatePerfFixtures/colors.stylex.js
                        time:   [31.987 µs 33.358 µs 35.844 µs]
                        change: [+5.5400% +8.2958% +13.041%] (p = 0.00 < 0.05)
                        Performance has regressed.
Found 1 outliers among 20 measurements (5.00%)
  1 (5.00%) high severe
Benchmarking EvaluatePerfFixtures/sizes.stylex.js
Benchmarking EvaluatePerfFixtures/sizes.stylex.js: Warming up for 2.0000 s
Benchmarking EvaluatePerfFixtures/sizes.stylex.js: Collecting 20 samples in estimated 4.0035 s (184k iterations)
Benchmarking EvaluatePerfFixtures/sizes.stylex.js: Analyzing
EvaluatePerfFixtures/sizes.stylex.js
                        time:   [18.732 µs 19.033 µs 19.462 µs]
                        change: [+6.9924% +9.8273% +12.762%] (p = 0.00 < 0.05)
                        Performance has regressed.
Benchmarking EvaluatePerfFixtures/create-basic.js
Benchmarking EvaluatePerfFixtures/create-basic.js: Warming up for 2.0000 s
Benchmarking EvaluatePerfFixtures/create-basic.js: Collecting 20 samples in estimated 4.0014 s (326k iterations)
Benchmarking EvaluatePerfFixtures/create-basic.js: Analyzing
EvaluatePerfFixtures/create-basic.js
                        time:   [9.5236 µs 9.6138 µs 9.7604 µs]
                        change: [+5.8176% +7.5915% +9.9779%] (p = 0.00 < 0.05)
                        Performance has regressed.
Found 5 outliers among 20 measurements (25.00%)
  3 (15.00%) low mild
  2 (10.00%) high severe
Benchmarking EvaluatePerfFixtures/create-complex.js
Benchmarking EvaluatePerfFixtures/create-complex.js: Warming up for 2.0000 s
Benchmarking EvaluatePerfFixtures/create-complex.js: Collecting 20 samples in estimated 4.0072 s (104k iterations)
Benchmarking EvaluatePerfFixtures/create-complex.js: Analyzing
EvaluatePerfFixtures/create-complex.js
                        time:   [20.644 µs 20.762 µs 20.888 µs]
                        change: [+6.9967% +8.8535% +10.552%] (p = 0.00 < 0.05)
                        Performance has regressed.
Found 4 outliers among 20 measurements (20.00%)
  1 (5.00%) low severe
  1 (5.00%) low mild
  2 (10.00%) high mild
Benchmarking EvaluatePerfFixtures/createTheme-basic.js
Benchmarking EvaluatePerfFixtures/createTheme-basic.js: Warming up for 2.0000 s
Benchmarking EvaluatePerfFixtures/createTheme-basic.js: Collecting 20 samples in estimated 4.0069 s (117k iterations)
Benchmarking EvaluatePerfFixtures/createTheme-basic.js: Analyzing
EvaluatePerfFixtures/createTheme-basic.js
                        time:   [26.601 µs 26.816 µs 27.102 µs]
                        change: [+6.7218% +8.0761% +9.4017%] (p = 0.00 < 0.05)
                        Performance has regressed.
Found 3 outliers among 20 measurements (15.00%)
  1 (5.00%) low mild
  2 (10.00%) high mild
Benchmarking EvaluatePerfFixtures/createTheme-complex.js
Benchmarking EvaluatePerfFixtures/createTheme-complex.js: Warming up for 2.0000 s
Benchmarking EvaluatePerfFixtures/createTheme-complex.js: Collecting 20 samples in estimated 4.2420 s (1260 iterations)
Benchmarking EvaluatePerfFixtures/createTheme-complex.js: Analyzing
EvaluatePerfFixtures/createTheme-complex.js
                        time:   [3.2057 ms 3.2301 ms 3.2705 ms]
                        change: [+3.4925% +5.1245% +7.1753%] (p = 0.00 < 0.05)
                        Performance has regressed.
Found 3 outliers among 20 measurements (15.00%)
  1 (5.00%) high mild
  2 (10.00%) high severe
Benchmarking EvaluatePerfFixtures/dynamic-param-shadows-import
Benchmarking EvaluatePerfFixtures/dynamic-param-shadows-import: Warming up for 2.0000 s
Benchmarking EvaluatePerfFixtures/dynamic-param-shadows-import: Collecting 20 samples in estimated 4.0001 s (996k iterations)
Benchmarking EvaluatePerfFixtures/dynamic-param-shadows-import: Analyzing
EvaluatePerfFixtures/dynamic-param-shadows-import
                        time:   [2.6235 µs 2.6685 µs 2.6994 µs]
                        change: [+0.9004% +3.2866% +5.7189%] (p = 0.01 < 0.05)
                        Change within noise threshold.
Benchmarking EvaluatePerfFixtures/dynamic-param-shadows-import-edges
Benchmarking EvaluatePerfFixtures/dynamic-param-shadows-import-edges: Warming up for 2.0000 s
Benchmarking EvaluatePerfFixtures/dynamic-param-shadows-import-edges: Collecting 20 samples in estimated 4.0022 s (274k iterations)
Benchmarking EvaluatePerfFixtures/dynamic-param-shadows-import-edges: Analyzing
EvaluatePerfFixtures/dynamic-param-shadows-import-edges
                        time:   [8.6520 µs 8.9846 µs 9.3633 µs]
                        change: [+6.7329% +11.301% +16.355%] (p = 0.00 < 0.05)
                        Performance has regressed.
Found 2 outliers among 20 measurements (10.00%)
  2 (10.00%) high mild

   Compiling stylex_transform v0.18.6-rc.1 (/Users/vladislavbuinovski/Projects/Facebook/stylex-swc-plugin.git/bugfix/crates/stylex-transform)
    Finished `bench` profile [optimized + debuginfo] target(s) in 4m 52s
     Running benches/evaluate_depth_bench.rs (target-bench-branch/release/deps/evaluate_depth_bench-862482b375d2eaa8)
Benchmarking EvaluateDepth/arithmetic/30
Benchmarking EvaluateDepth/arithmetic/30: Warming up for 2.0000 s
Benchmarking EvaluateDepth/arithmetic/30: Collecting 20 samples in estimated 4.0034 s (216k iterations)
Benchmarking EvaluateDepth/arithmetic/30: Analyzing
EvaluateDepth/arithmetic/30
                        time:   [18.151 µs 18.483 µs 18.969 µs]
                        change: [−1.4459% +0.7554% +2.8015%] (p = 0.53 > 0.05)
                        No change in performance detected.
Found 2 outliers among 20 measurements (10.00%)
  1 (5.00%) high mild
  1 (5.00%) high severe
Benchmarking EvaluateDepth/arithmetic/60
Benchmarking EvaluateDepth/arithmetic/60: Warming up for 2.0000 s
Benchmarking EvaluateDepth/arithmetic/60: Collecting 20 samples in estimated 4.0106 s (66k iterations)
Benchmarking EvaluateDepth/arithmetic/60: Analyzing
EvaluateDepth/arithmetic/60
                        time:   [60.426 µs 60.601 µs 60.746 µs]
                        change: [−1.8654% −0.6016% +0.4189%] (p = 0.36 > 0.05)
                        No change in performance detected.
Benchmarking EvaluateDepth/arithmetic/120
Benchmarking EvaluateDepth/arithmetic/120: Warming up for 2.0000 s
Benchmarking EvaluateDepth/arithmetic/120: Collecting 20 samples in estimated 4.0119 s (18k iterations)
Benchmarking EvaluateDepth/arithmetic/120: Analyzing
EvaluateDepth/arithmetic/120
                        time:   [216.12 µs 218.01 µs 222.12 µs]
                        change: [−0.0664% +2.1996% +4.8293%] (p = 0.10 > 0.05)
                        No change in performance detected.
Found 4 outliers among 20 measurements (20.00%)
  2 (10.00%) low mild
  1 (5.00%) high mild
  1 (5.00%) high severe
Benchmarking EvaluateDepth/arithmetic/240
Benchmarking EvaluateDepth/arithmetic/240: Warming up for 2.0000 s
Benchmarking EvaluateDepth/arithmetic/240: Collecting 20 samples in estimated 4.1478 s (5040 iterations)
Benchmarking EvaluateDepth/arithmetic/240: Analyzing
EvaluateDepth/arithmetic/240
                        time:   [824.54 µs 909.67 µs 1.0597 ms]
                        change: [+1.2415% +6.1589% +14.956%] (p = 0.10 > 0.05)
                        No change in performance detected.
Found 4 outliers among 20 measurements (20.00%)
  2 (10.00%) high mild
  2 (10.00%) high severe

Benchmarking StructuralKeyDepth/arithmetic/30
Benchmarking StructuralKeyDepth/arithmetic/30: Warming up for 2.0000 s
Benchmarking StructuralKeyDepth/arithmetic/30: Collecting 20 samples in estimated 4.0001 s (5.9M iterations)
Benchmarking StructuralKeyDepth/arithmetic/30: Analyzing
StructuralKeyDepth/arithmetic/30
                        time:   [670.72 ns 672.39 ns 673.95 ns]
                        change: [+2.6890% +4.2972% +5.7773%] (p = 0.00 < 0.05)
                        Performance has regressed.
Found 2 outliers among 20 measurements (10.00%)
  1 (5.00%) low mild
  1 (5.00%) high mild
Benchmarking StructuralKeyDepth/arithmetic/60
Benchmarking StructuralKeyDepth/arithmetic/60: Warming up for 2.0000 s
Benchmarking StructuralKeyDepth/arithmetic/60: Collecting 20 samples in estimated 4.0001 s (2.4M iterations)
Benchmarking StructuralKeyDepth/arithmetic/60: Analyzing
StructuralKeyDepth/arithmetic/60
                        time:   [1.6298 µs 1.6500 µs 1.6893 µs]
                        change: [+5.2989% +7.1121% +9.2960%] (p = 0.00 < 0.05)
                        Performance has regressed.
Found 2 outliers among 20 measurements (10.00%)
  2 (10.00%) high severe
Benchmarking StructuralKeyDepth/arithmetic/120
Benchmarking StructuralKeyDepth/arithmetic/120: Warming up for 2.0000 s
Benchmarking StructuralKeyDepth/arithmetic/120: Collecting 20 samples in estimated 4.0003 s (1.2M iterations)
Benchmarking StructuralKeyDepth/arithmetic/120: Analyzing
StructuralKeyDepth/arithmetic/120
                        time:   [3.2838 µs 3.3120 µs 3.3489 µs]
                        change: [+3.4707% +6.0335% +7.7756%] (p = 0.00 < 0.05)
                        Performance has regressed.
Benchmarking StructuralKeyDepth/arithmetic/240
Benchmarking StructuralKeyDepth/arithmetic/240: Warming up for 2.0000 s
Benchmarking StructuralKeyDepth/arithmetic/240: Collecting 20 samples in estimated 4.0002 s (595k iterations)
Benchmarking StructuralKeyDepth/arithmetic/240: Analyzing
StructuralKeyDepth/arithmetic/240
                        time:   [6.7306 µs 6.9410 µs 7.2781 µs]
                        change: [+6.5228% +7.8505% +10.067%] (p = 0.00 < 0.05)
                        Performance has regressed.
Found 2 outliers among 20 measurements (10.00%)
  1 (5.00%) high mild
  1 (5.00%) high severe

Benchmarking StructuralKeyFallback/object/128
Benchmarking StructuralKeyFallback/object/128: Warming up for 2.0000 s
Benchmarking StructuralKeyFallback/object/128: Collecting 20 samples in estimated 4.0001 s (1.4M iterations)
Benchmarking StructuralKeyFallback/object/128: Analyzing
StructuralKeyFallback/object/128
                        time:   [2.8494 µs 2.9729 µs 3.1529 µs]
                        change: [+13.867% +17.878% +22.283%] (p = 0.00 < 0.05)
                        Performance has regressed.
Found 2 outliers among 20 measurements (10.00%)
  1 (5.00%) high mild
  1 (5.00%) high severe
Benchmarking StructuralKeyFallback/object/129
Benchmarking StructuralKeyFallback/object/129: Warming up for 2.0000 s
Benchmarking StructuralKeyFallback/object/129: Collecting 20 samples in estimated 4.0004 s (433k iterations)
Benchmarking StructuralKeyFallback/object/129: Analyzing
StructuralKeyFallback/object/129
                        time:   [8.7733 µs 8.8398 µs 8.9145 µs]
                        change: [+2.5660% +3.8138% +5.4345%] (p = 0.00 < 0.05)
                        Performance has regressed.
Found 1 outliers among 20 measurements (5.00%)
  1 (5.00%) high severe

   Compiling stylex_transform v0.18.6-rc.1 (/Users/vladislavbuinovski/Projects/Facebook/stylex-swc-plugin.git/bugfix/crates/stylex-transform)
    Finished `bench` profile [optimized + debuginfo] target(s) in 4m 54s
     Running benches/engine_fold_bench.rs (target-bench-branch/release/deps/engine_fold_bench-9243e1aab1a82320)
Benchmarking EngineFoldColdStart/build-and-answer
Benchmarking EngineFoldColdStart/build-and-answer: Warming up for 2.0000 s
Benchmarking EngineFoldColdStart/build-and-answer: Collecting 20 samples in estimated 4.0239 s (24k iterations)
Benchmarking EngineFoldColdStart/build-and-answer: Analyzing
EngineFoldColdStart/build-and-answer
                        time:   [160.04 µs 161.02 µs 161.98 µs]
                        change: [−3.9078% −2.6090% −1.4282%] (p = 0.00 < 0.05)
                        Performance has improved.
Found 1 outliers among 20 measurements (5.00%)
  1 (5.00%) high mild

Benchmarking EngineFoldRoundTrip/engine/string
Benchmarking EngineFoldRoundTrip/engine/string: Warming up for 2.0000 s
Benchmarking EngineFoldRoundTrip/engine/string: Collecting 20 samples in estimated 4.0000 s (1.7M iterations)
Benchmarking EngineFoldRoundTrip/engine/string: Analyzing
EngineFoldRoundTrip/engine/string
                        time:   [2.3494 µs 2.3929 µs 2.4534 µs]
                        change: [−1.3344% +0.7221% +3.2983%] (p = 0.62 > 0.05)
                        No change in performance detected.
Found 2 outliers among 20 measurements (10.00%)
  2 (10.00%) high severe
Benchmarking EngineFoldRoundTrip/fold/string
Benchmarking EngineFoldRoundTrip/fold/string: Warming up for 2.0000 s
Benchmarking EngineFoldRoundTrip/fold/string: Collecting 20 samples in estimated 4.0001 s (4.0M iterations)
Benchmarking EngineFoldRoundTrip/fold/string: Analyzing
EngineFoldRoundTrip/fold/string
                        time:   [771.08 ns 774.85 ns 777.95 ns]
                        change: [−1.3301% −0.7024% −0.0746%] (p = 0.03 < 0.05)
                        Change within noise threshold.
Benchmarking EngineFoldRoundTrip/engine/callback
Benchmarking EngineFoldRoundTrip/engine/callback: Warming up for 2.0000 s
Benchmarking EngineFoldRoundTrip/engine/callback: Collecting 20 samples in estimated 4.0023 s (340k iterations)
Benchmarking EngineFoldRoundTrip/engine/callback: Analyzing
EngineFoldRoundTrip/engine/callback
                        time:   [11.206 µs 11.276 µs 11.377 µs]
                        change: [+1.5909% +2.5971% +3.5849%] (p = 0.00 < 0.05)
                        Performance has regressed.
Benchmarking EngineFoldRoundTrip/fold/callback
Benchmarking EngineFoldRoundTrip/fold/callback: Warming up for 2.0000 s
Benchmarking EngineFoldRoundTrip/fold/callback: Collecting 20 samples in estimated 4.0003 s (736k iterations)
Benchmarking EngineFoldRoundTrip/fold/callback: Analyzing
EngineFoldRoundTrip/fold/callback
                        time:   [5.1116 µs 5.1476 µs 5.2010 µs]
                        change: [+0.0057% +1.0861% +2.1511%] (p = 0.05 < 0.05)
                        Change within noise threshold.
Benchmarking EngineFoldRoundTrip/engine/chain
Benchmarking EngineFoldRoundTrip/engine/chain: Warming up for 2.0000 s
Benchmarking EngineFoldRoundTrip/engine/chain: Collecting 20 samples in estimated 4.0008 s (676k iterations)
Benchmarking EngineFoldRoundTrip/engine/chain: Analyzing
EngineFoldRoundTrip/engine/chain
                        time:   [5.9078 µs 6.0114 µs 6.1927 µs]
                        change: [−3.1618% −0.9556% +1.2127%] (p = 0.46 > 0.05)
                        No change in performance detected.
Found 1 outliers among 20 measurements (5.00%)
  1 (5.00%) high severe
Benchmarking EngineFoldRoundTrip/fold/chain
Benchmarking EngineFoldRoundTrip/fold/chain: Warming up for 2.0000 s
Benchmarking EngineFoldRoundTrip/fold/chain: Collecting 20 samples in estimated 4.0003 s (2.0M iterations)
Benchmarking EngineFoldRoundTrip/fold/chain: Analyzing
EngineFoldRoundTrip/fold/chain
                        time:   [1.7910 µs 1.8230 µs 1.8704 µs]
                        change: [−1.4951% −0.4063% +0.8752%] (p = 0.56 > 0.05)
                        No change in performance detected.
Found 1 outliers among 20 measurements (5.00%)
  1 (5.00%) high severe
Benchmarking EngineFoldRoundTrip/engine/array-answer
Benchmarking EngineFoldRoundTrip/engine/array-answer: Warming up for 2.0000 s
Benchmarking EngineFoldRoundTrip/engine/array-answer: Collecting 20 samples in estimated 4.0007 s (687k iterations)
Benchmarking EngineFoldRoundTrip/engine/array-answer: Analyzing
EngineFoldRoundTrip/engine/array-answer
                        time:   [5.7682 µs 5.8339 µs 5.9286 µs]
                        change: [−2.6408% −1.5186% −0.1837%] (p = 0.02 < 0.05)
                        Change within noise threshold.
Found 1 outliers among 20 measurements (5.00%)
  1 (5.00%) high mild
Benchmarking EngineFoldRoundTrip/fold/array-answer
Benchmarking EngineFoldRoundTrip/fold/array-answer: Warming up for 2.0000 s
Benchmarking EngineFoldRoundTrip/fold/array-answer: Collecting 20 samples in estimated 4.0004 s (1.5M iterations)
Benchmarking EngineFoldRoundTrip/fold/array-answer: Analyzing
EngineFoldRoundTrip/fold/array-answer
                        time:   [2.3300 µs 2.3695 µs 2.4412 µs]
                        change: [+0.1140% +1.3329% +2.7718%] (p = 0.06 > 0.05)
                        No change in performance detected.
Found 1 outliers among 20 measurements (5.00%)
  1 (5.00%) high severe
Benchmarking EngineFoldRoundTrip/fold-distinct
Benchmarking EngineFoldRoundTrip/fold-distinct: Warming up for 2.0000 s
Benchmarking EngineFoldRoundTrip/fold-distinct: Collecting 20 samples in estimated 4.0009 s (630k iterations)
Benchmarking EngineFoldRoundTrip/fold-distinct: Analyzing
EngineFoldRoundTrip/fold-distinct
                        time:   [5.5039 µs 5.6115 µs 5.7257 µs]
                        change: [−4.1950% −2.0992% +0.1443%] (p = 0.08 > 0.05)
                        No change in performance detected.
Found 1 outliers among 20 measurements (5.00%)
  1 (5.00%) high severe

   Compiling stylex_transform v0.18.6-rc.1 (/Users/vladislavbuinovski/Projects/Facebook/stylex-swc-plugin.git/bugfix/crates/stylex-transform)
    Finished `bench` profile [optimized + debuginfo] target(s) in 4m 40s
     Running benches/concatenation_chain_bench.rs (target-bench-branch/release/deps/concatenation_chain_bench-3e94fd7050dac0b5)
Benchmarking ConcatenationChain/links/2
Benchmarking ConcatenationChain/links/2: Warming up for 2.0000 s
Benchmarking ConcatenationChain/links/2: Collecting 20 samples in estimated 4.0080 s (5460 iterations)
Benchmarking ConcatenationChain/links/2: Analyzing
ConcatenationChain/links/2
                        time:   [725.70 µs 732.69 µs 745.48 µs]
                        change: [−1.5451% −0.3587% +0.8108%] (p = 0.61 > 0.05)
                        No change in performance detected.
Found 2 outliers among 20 measurements (10.00%)
  1 (5.00%) low mild
  1 (5.00%) high severe
Benchmarking ConcatenationChain/links/5
Benchmarking ConcatenationChain/links/5: Warming up for 2.0000 s
Benchmarking ConcatenationChain/links/5: Collecting 20 samples in estimated 4.1342 s (4200 iterations)
Benchmarking ConcatenationChain/links/5: Analyzing
ConcatenationChain/links/5
                        time:   [983.80 µs 986.07 µs 988.61 µs]
                        change: [−5.3791% −3.0228% −1.4383%] (p = 0.00 < 0.05)
                        Performance has improved.
Benchmarking ConcatenationChain/links/10
Benchmarking ConcatenationChain/links/10: Warming up for 2.0000 s
Benchmarking ConcatenationChain/links/10: Collecting 20 samples in estimated 4.2540 s (3150 iterations)
Benchmarking ConcatenationChain/links/10: Analyzing
ConcatenationChain/links/10
                        time:   [1.3320 ms 1.3402 ms 1.3511 ms]
                        change: [−5.3847% −2.9973% −1.0396%] (p = 0.01 < 0.05)
                        Performance has improved.
Found 2 outliers among 20 measurements (10.00%)
  1 (5.00%) high mild
  1 (5.00%) high severe
Benchmarking ConcatenationChain/links/20
Benchmarking ConcatenationChain/links/20: Warming up for 2.0000 s
Benchmarking ConcatenationChain/links/20: Collecting 20 samples in estimated 4.3889 s (2100 iterations)
Benchmarking ConcatenationChain/links/20: Analyzing
ConcatenationChain/links/20
                        time:   [2.0038 ms 2.0112 ms 2.0214 ms]
                        change: [−11.384% −4.5151% −0.4153%] (p = 0.20 > 0.05)
                        No change in performance detected.

   Compiling stylex_transform v0.18.6-rc.1 (/Users/vladislavbuinovski/Projects/Facebook/stylex-swc-plugin.git/bugfix/crates/stylex-transform)
    Finished `bench` profile [optimized + debuginfo] target(s) in 6m 44s
     Running benches/module_path_bench.rs (target-bench-branch/release/deps/module_path_bench-9a29817552c83040)
Benchmarking ModuleWalk/calls/1x
Benchmarking ModuleWalk/calls/1x: Warming up for 2.0000 s
Benchmarking ModuleWalk/calls/1x: Collecting 20 samples in estimated 4.0226 s (19k iterations)
Benchmarking ModuleWalk/calls/1x: Analyzing
ModuleWalk/calls/1x     time:   [158.01 µs 159.54 µs 161.83 µs]
                        change: [−7.1083% −3.5752% +1.2600%] (p = 0.09 > 0.05)
                        No change in performance detected.
Found 2 outliers among 20 measurements (10.00%)
  1 (5.00%) high mild
  1 (5.00%) high severe
Benchmarking ModuleWalk/no-calls/1x
Benchmarking ModuleWalk/no-calls/1x: Warming up for 2.0000 s
Benchmarking ModuleWalk/no-calls/1x: Collecting 20 samples in estimated 4.0099 s (61k iterations)
Benchmarking ModuleWalk/no-calls/1x: Analyzing
ModuleWalk/no-calls/1x  time:   [23.164 µs 23.272 µs 23.381 µs]
                        change: [−6.1176% −3.0622% −0.3032%] (p = 0.05 > 0.05)
                        No change in performance detected.
Benchmarking ModuleWalk/imported/1x
Benchmarking ModuleWalk/imported/1x: Warming up for 2.0000 s
Benchmarking ModuleWalk/imported/1x: Collecting 20 samples in estimated 4.0122 s (13k iterations)
Benchmarking ModuleWalk/imported/1x: Analyzing
ModuleWalk/imported/1x  time:   [238.31 µs 244.00 µs 254.62 µs]
                        change: [−6.5210% −1.7407% +2.8996%] (p = 0.51 > 0.05)
                        No change in performance detected.
Found 1 outliers among 20 measurements (5.00%)
  1 (5.00%) high severe
Benchmarking ModuleWalk/calls/4x
Benchmarking ModuleWalk/calls/4x: Warming up for 2.0000 s
Benchmarking ModuleWalk/calls/4x: Collecting 20 samples in estimated 4.0926 s (4830 iterations)
Benchmarking ModuleWalk/calls/4x: Analyzing
ModuleWalk/calls/4x     time:   [618.68 µs 621.13 µs 623.19 µs]
                        change: [−4.7191% −3.1983% −1.9425%] (p = 0.00 < 0.05)
                        Performance has improved.
Found 1 outliers among 20 measurements (5.00%)
  1 (5.00%) high mild
Benchmarking ModuleWalk/no-calls/4x
Benchmarking ModuleWalk/no-calls/4x: Warming up for 2.0000 s
Benchmarking ModuleWalk/no-calls/4x: Collecting 20 samples in estimated 4.0422 s (16k iterations)
Benchmarking ModuleWalk/no-calls/4x: Analyzing
ModuleWalk/no-calls/4x  time:   [85.714 µs 88.632 µs 93.406 µs]
                        change: [−15.683% −7.3676% −0.3771%] (p = 0.09 > 0.05)
                        No change in performance detected.
Found 1 outliers among 20 measurements (5.00%)
  1 (5.00%) high severe
Benchmarking ModuleWalk/imported/4x
Benchmarking ModuleWalk/imported/4x: Warming up for 2.0000 s
Benchmarking ModuleWalk/imported/4x: Collecting 20 samples in estimated 4.0223 s (3570 iterations)
Benchmarking ModuleWalk/imported/4x: Analyzing
ModuleWalk/imported/4x  time:   [871.27 µs 879.84 µs 890.56 µs]
                        change: [−1.4618% +0.8284% +3.2377%] (p = 0.50 > 0.05)
                        No change in performance detected.
Found 1 outliers among 20 measurements (5.00%)
  1 (5.00%) high mild

Benchmarking SeenModuleSource/kept/calls/1x
Benchmarking SeenModuleSource/kept/calls/1x: Warming up for 2.0000 s
Benchmarking SeenModuleSource/kept/calls/1x: Collecting 20 samples in estimated 4.0369 s (15k iterations)
Benchmarking SeenModuleSource/kept/calls/1x: Analyzing
SeenModuleSource/kept/calls/1x
                        time:   [209.82 µs 211.27 µs 212.96 µs]
                        change: [−8.0070% −2.0641% +3.2877%] (p = 0.56 > 0.05)
                        No change in performance detected.
Found 4 outliers among 20 measurements (20.00%)
  1 (5.00%) low mild
  2 (10.00%) high mild
  1 (5.00%) high severe
Benchmarking SeenModuleSource/kept/no-calls/1x
Benchmarking SeenModuleSource/kept/no-calls/1x: Warming up for 2.0000 s
Benchmarking SeenModuleSource/kept/no-calls/1x: Collecting 20 samples in estimated 4.0017 s (38k iterations)
Benchmarking SeenModuleSource/kept/no-calls/1x: Analyzing
SeenModuleSource/kept/no-calls/1x
                        time:   [61.555 µs 61.961 µs 62.283 µs]
                        change: [−5.7948% −3.7020% −2.0971%] (p = 0.00 < 0.05)
                        Performance has improved.
Benchmarking SeenModuleSource/kept/calls/4x
Benchmarking SeenModuleSource/kept/calls/4x: Warming up for 2.0000 s
Benchmarking SeenModuleSource/kept/calls/4x: Collecting 20 samples in estimated 4.0181 s (3780 iterations)
Benchmarking SeenModuleSource/kept/calls/4x: Analyzing
SeenModuleSource/kept/calls/4x
                        time:   [825.88 µs 833.62 µs 840.39 µs]
                        change: [+0.5499% +1.5605% +2.5110%] (p = 0.00 < 0.05)
                        Change within noise threshold.
Benchmarking SeenModuleSource/kept/no-calls/4x
Benchmarking SeenModuleSource/kept/no-calls/4x: Warming up for 2.0000 s
Benchmarking SeenModuleSource/kept/no-calls/4x: Collecting 20 samples in estimated 4.0507 s (9660 iterations)
Benchmarking SeenModuleSource/kept/no-calls/4x: Analyzing
SeenModuleSource/kept/no-calls/4x
                        time:   [245.35 µs 246.59 µs 247.57 µs]
                        change: [−0.1794% +1.4856% +2.9750%] (p = 0.08 > 0.05)
                        No change in performance detected.

Benchmarking StructuralKey/call/shallow
Benchmarking StructuralKey/call/shallow: Warming up for 2.0000 s
Benchmarking StructuralKey/call/shallow: Collecting 20 samples in estimated 4.0000 s (65M iterations)
Benchmarking StructuralKey/call/shallow: Analyzing
StructuralKey/call/shallow
                        time:   [60.993 ns 61.202 ns 61.362 ns]
                        change: [+3.1398% +3.4662% +3.8248%] (p = 0.00 < 0.05)
                        Performance has regressed.
Found 1 outliers among 20 measurements (5.00%)
  1 (5.00%) high mild
Benchmarking StructuralKey/call/member
Benchmarking StructuralKey/call/member: Warming up for 2.0000 s
Benchmarking StructuralKey/call/member: Collecting 20 samples in estimated 4.0000 s (60M iterations)
Benchmarking StructuralKey/call/member: Analyzing
StructuralKey/call/member
                        time:   [66.089 ns 66.237 ns 66.381 ns]
                        change: [+0.5507% +0.9990% +1.4311%] (p = 0.00 < 0.05)
                        Change within noise threshold.
Found 1 outliers among 20 measurements (5.00%)
  1 (5.00%) high mild
Benchmarking StructuralKey/call/nested
Benchmarking StructuralKey/call/nested: Warming up for 2.0000 s
Benchmarking StructuralKey/call/nested: Collecting 20 samples in estimated 4.0000 s (32M iterations)
Benchmarking StructuralKey/call/nested: Analyzing
StructuralKey/call/nested
                        time:   [125.14 ns 126.08 ns 127.57 ns]
                        change: [−4.1392% −0.9381% +1.4954%] (p = 0.64 > 0.05)
                        No change in performance detected.
Found 3 outliers among 20 measurements (15.00%)
  2 (10.00%) high mild
  1 (5.00%) high severe

Benchmarking StateManager/new
Benchmarking StateManager/new: Warming up for 2.0000 s
Benchmarking StateManager/new: Collecting 20 samples in estimated 4.0001 s (9.1M iterations)
Benchmarking StateManager/new: Analyzing
StateManager/new        time:   [178.62 ns 183.29 ns 187.29 ns]
                        change: [−3.3136% −0.6425% +2.5536%] (p = 0.69 > 0.05)
                        No change in performance detected.
Found 1 outliers among 20 measurements (5.00%)
  1 (5.00%) high severe

Benchmarking FullPipeline/calls/1x
Benchmarking FullPipeline/calls/1x: Warming up for 2.0000 s
Benchmarking FullPipeline/calls/1x: Collecting 20 samples in estimated 4.0516 s (12k iterations)
Benchmarking FullPipeline/calls/1x: Analyzing
FullPipeline/calls/1x   time:   [303.16 µs 305.04 µs 307.87 µs]
                        change: [−0.6320% +0.5124% +1.9586%] (p = 0.55 > 0.05)
                        No change in performance detected.
Found 1 outliers among 20 measurements (5.00%)
  1 (5.00%) high severe
Benchmarking FullPipeline/no-calls/1x
Benchmarking FullPipeline/no-calls/1x: Warming up for 2.0000 s
Benchmarking FullPipeline/no-calls/1x: Collecting 20 samples in estimated 4.0019 s (24k iterations)
Benchmarking FullPipeline/no-calls/1x: Analyzing
FullPipeline/no-calls/1x
                        time:   [143.71 µs 146.33 µs 149.97 µs]
                        change: [−0.4677% +0.4992% +1.5390%] (p = 0.41 > 0.05)
                        No change in performance detected.
Found 1 outliers among 20 measurements (5.00%)
  1 (5.00%) high severe
Benchmarking FullPipeline/imported/1x
Benchmarking FullPipeline/imported/1x: Warming up for 2.0000 s
Benchmarking FullPipeline/imported/1x: Collecting 20 samples in estimated 4.0696 s (9870 iterations)
Benchmarking FullPipeline/imported/1x: Analyzing
FullPipeline/imported/1x
                        time:   [377.64 µs 381.52 µs 385.15 µs]
                        change: [−1.3084% +0.5612% +2.6357%] (p = 0.60 > 0.05)
                        No change in performance detected.
Found 4 outliers among 20 measurements (20.00%)
  2 (10.00%) low mild
  1 (5.00%) high mild
  1 (5.00%) high severe
Benchmarking FullPipeline/calls/4x
Benchmarking FullPipeline/calls/4x: Warming up for 2.0000 s
Benchmarking FullPipeline/calls/4x: Collecting 20 samples in estimated 4.1508 s (3150 iterations)
Benchmarking FullPipeline/calls/4x: Analyzing
FullPipeline/calls/4x   time:   [1.2169 ms 1.2285 ms 1.2437 ms]
                        change: [−0.7902% +1.6087% +3.8134%] (p = 0.19 > 0.05)
                        No change in performance detected.
Found 3 outliers among 20 measurements (15.00%)
  2 (10.00%) high mild
  1 (5.00%) high severe
Benchmarking FullPipeline/no-calls/4x
Benchmarking FullPipeline/no-calls/4x: Warming up for 2.0000 s
Benchmarking FullPipeline/no-calls/4x: Collecting 20 samples in estimated 4.1326 s (6300 iterations)
Benchmarking FullPipeline/no-calls/4x: Analyzing
FullPipeline/no-calls/4x
                        time:   [572.80 µs 577.86 µs 584.36 µs]
                        change: [+1.1399% +2.1638% +3.4107%] (p = 0.00 < 0.05)
                        Performance has regressed.
Found 2 outliers among 20 measurements (10.00%)
  1 (5.00%) high mild
  1 (5.00%) high severe
Benchmarking FullPipeline/imported/4x
Benchmarking FullPipeline/imported/4x: Warming up for 2.0000 s
Benchmarking FullPipeline/imported/4x: Collecting 20 samples in estimated 4.0521 s (2520 iterations)
Benchmarking FullPipeline/imported/4x: Analyzing
FullPipeline/imported/4x
                        time:   [1.4835 ms 1.5143 ms 1.5598 ms]
                        change: [+1.5567% +7.0586% +16.393%] (p = 0.06 > 0.05)
                        No change in performance detected.
Found 4 outliers among 20 measurements (20.00%)
  3 (15.00%) high mild
  1 (5.00%) high severe

