########## engine_fold_bench
   Compiling percent-encoding v2.3.2
   Compiling tracing-core v0.1.36
   Compiling wyz v0.5.1
   Compiling anyhow v1.0.104
   Compiling new_debug_unreachable v1.0.6
   Compiling radium v0.7.0
   Compiling termcolor v1.4.1
   Compiling bytes v1.11.1
   Compiling uuid v1.23.1
   Compiling idna_adapter v1.2.2
   Compiling outref v0.5.2
   Compiling form_urlencoded v1.2.2
   Compiling vsimd v0.8.0
   Compiling funty v2.0.0
   Compiling idna v1.1.0
   Compiling triomphe v0.1.15
   Compiling tracing v0.1.44
   Compiling debugid v0.8.0
   Compiling if_chain v1.0.3
   Compiling bytes-str v0.2.7
   Compiling unicode-width v0.2.2
   Compiling base64-simd v0.8.0
   Compiling url v2.5.8
   Compiling bitvec v1.0.1
   Compiling unicode-id-start v1.4.0
   Compiling data-encoding v2.11.0
   Compiling hstr v4.0.0
   Compiling aho-corasick v1.1.4
   Compiling cbor4ii v1.2.2
   Compiling scoped-tls v1.0.1
   Compiling regex-syntax v0.8.10
   Compiling better_scoped_tls v1.0.1
   Compiling swc_visit v2.0.1
   Compiling parking_lot v0.12.5
   Compiling num-bigint v0.4.6
   Compiling swc_atoms v10.0.0
   Compiling siphasher v0.3.11
   Compiling phf_shared v0.11.3
   Compiling ryu v1.0.23
   Compiling castaway v0.2.4
   Compiling phf v0.11.3
   Compiling hashbrown v0.16.1
   Compiling typenum v1.19.0
   Compiling par-core v2.0.0
   Compiling log v0.4.33
   Compiling psm v0.1.31
   Compiling dragonbox_ecma v0.1.12
   Compiling compact_str v0.7.1
   Compiling num_cpus v1.17.0
   Compiling stacker v0.1.24
   Compiling generic-array v0.14.9
   Compiling regress v0.11.1
   Compiling cpufeatures v0.2.17
   Compiling errno v0.3.14
   Compiling bstr v1.12.1
   Compiling regex-automata v0.4.16
   Compiling unicode-linebreak v0.1.5
   Compiling textwrap v0.16.2
   Compiling rustix v1.1.4
   Compiling block-buffer v0.10.4
   Compiling crypto-common v0.1.6
   Compiling owo-colors v4.2.2
   Compiling digest v0.10.7
   Compiling swc_sourcemap v10.0.2
   Compiling bumpalo v3.20.2
   Compiling lazy_static v1.5.0
   Compiling unicode-width v0.1.14
   Compiling swc_allocator v5.0.0
   Compiling sharded-slab v0.1.7
   Compiling miette v7.6.0
   Compiling thiserror v1.0.69
   Compiling camino v1.1.11
   Compiling tracing-log v0.2.0
   Compiling cargo-platform v0.1.9
   Compiling semver v1.0.28
   Compiling thread_local v1.1.9
   Compiling nu-ansi-term v0.50.1
   Compiling base64 v0.22.1
   Compiling swc_common v24.0.0
   Compiling ascii v1.1.0
   Compiling yansi v1.0.1
   Compiling diff v0.1.13
   Compiling cargo_metadata v0.18.1
   Compiling getrandom v0.3.4
   Compiling pretty_assertions v1.4.1
   Compiling difference v2.0.0
   Compiling tempfile v3.21.0
   Compiling sha1 v0.10.6
   Compiling sha2 v0.10.9
   Compiling hex v0.4.3
   Compiling regex v1.12.3
   Compiling globset v0.4.18
   Compiling matchers v0.2.0
   Compiling stylex_constants v0.18.6-rc.1 (/Users/vladislavbuinovski/Projects/Facebook/stylex-swc-plugin.git/bugfix/crates/stylex-constants)
   Compiling tracing-subscriber v0.3.20
   Compiling swc_ecma_ast v27.0.0
   Compiling swc_config v6.0.0
   Compiling swc_error_reporters v26.0.0
   Compiling ansi_term v0.12.1
   Compiling swc_transform_common v18.0.0
   Compiling swc_plugin v1.0.1
   Compiling radix_fmt v1.0.0
   Compiling testing v25.0.0
   Compiling colored v3.1.1
   Compiling swc_ecma_testing v25.0.0
   Compiling stylex_macros v0.18.6-rc.1 (/Users/vladislavbuinovski/Projects/Facebook/stylex-swc-plugin.git/bugfix/crates/stylex-macros)
   Compiling xxhash-rust v0.8.18
   Compiling murmur2 v0.1.0
   Compiling futures-sink v0.3.32
   Compiling futures-task v0.3.32
   Compiling futures-channel v0.3.32
   Compiling slab v0.4.12
   Compiling bit-vec v0.8.0
   Compiling futures-util v0.3.32
   Compiling link-section v0.19.2
   Compiling bit-set v0.8.0
   Compiling pathdiff v0.2.3
   Compiling zlib-rs v0.5.4
   Compiling fancy-regex v0.19.0
   Compiling ctor v1.0.12
   Compiling crc32fast v1.5.0
   Compiling petgraph v0.7.1
   Compiling halfbrown v0.4.0
   Compiling float-cmp v0.10.0
   Compiling nibble_vec v0.1.0
   Compiling libloading v0.9.0
   Compiling endian-type v0.2.0
   Compiling napi-sys v3.3.0
   Compiling radix_trie v0.3.0
   Compiling value-trait v0.12.1
   Compiling par-iter v2.0.0
   Compiling is-terminal v0.4.15
   Compiling concurrent_lru v0.2.0
   Compiling humantime v2.1.0
   Compiling byteorder v1.5.0
   Compiling futures-executor v0.3.32
   Compiling nodejs-built-in-modules v1.0.0
   Compiling futures v0.3.32
   Compiling nohash-hasher v0.2.0
   Compiling simdutf8 v0.1.5
   Compiling napi v3.12.0
   Compiling simd-json v0.17.0
   Compiling env_logger v0.10.2
   Compiling derive_builder v0.20.2
   Compiling derive_more v2.1.1
   Compiling stylex_regex v0.18.6-rc.1 (/Users/vladislavbuinovski/Projects/Facebook/stylex-swc-plugin.git/bugfix/crates/stylex-regex)
   Compiling libz-rs-sys v0.5.4
   Compiling fast-glob v1.0.0
   Compiling swc_ecma_visit v27.0.0
   Compiling swc_plugin_proxy v28.0.0
   Compiling flate2 v1.1.5
   Compiling compact_str v0.9.0
   Compiling json-strip-comments v3.1.0
   Compiling pnp v0.12.11
   Compiling self_cell v1.2.1
   Compiling pretty_env_logger v0.5.0
   Compiling package-json v0.5.0
   Compiling phf_shared v0.13.1
   Compiling dtoa v1.0.10
   Compiling path-clean v1.0.1
   Compiling phf v0.13.1
   Compiling stylex_styleq v0.18.6-rc.1 (/Users/vladislavbuinovski/Projects/Facebook/stylex-swc-plugin.git/bugfix/crates/stylex-styleq)
   Compiling oxc_resolver v11.24.2
   Compiling dtoa-short v0.3.5
   Compiling icu_collator_data v2.3.0
   Compiling postcss_value_parser v0.18.6-rc.1 (/Users/vladislavbuinovski/Projects/Facebook/stylex-swc-plugin.git/bugfix/crates/postcss-value-parser)
   Compiling cssparser v0.37.0
   Compiling icu_collator v2.3.1
   Compiling criterion v0.8.2
   Compiling insta v1.48.0
   Compiling stylex_path_resolver v0.18.6-rc.1 (/Users/vladislavbuinovski/Projects/Facebook/stylex-swc-plugin.git/bugfix/crates/stylex-path-resolver)
   Compiling swc_ecma_utils v33.0.0
   Compiling swc_ecma_parser v43.0.0
   Compiling swc_ecma_hooks v0.11.0
   Compiling swc_ecma_codegen v30.0.0
   Compiling swc_ecma_transforms_base v47.0.0
   Compiling swc_ecma_transforms_react v53.0.0
   Compiling swc_ecma_transforms_testing v51.0.0
   Compiling swc_ecma_transforms_optimization v50.0.0
   Compiling swc_ecma_transforms_typescript v53.0.0
   Compiling swc_ecma_minifier v59.0.0
   Compiling swc_core v75.0.0
   Compiling stylex_utils v0.18.6-rc.1 (/Users/vladislavbuinovski/Projects/Facebook/stylex-swc-plugin.git/bugfix/crates/stylex-utils)
   Compiling stylex_enums v0.18.6-rc.1 (/Users/vladislavbuinovski/Projects/Facebook/stylex-swc-plugin.git/bugfix/crates/stylex-enums)
   Compiling stylex_ast v0.18.6-rc.1 (/Users/vladislavbuinovski/Projects/Facebook/stylex-swc-plugin.git/bugfix/crates/stylex-ast)
   Compiling stylex_structures v0.18.6-rc.1 (/Users/vladislavbuinovski/Projects/Facebook/stylex-swc-plugin.git/bugfix/crates/stylex-structures)
   Compiling stylex_state_index v0.18.6-rc.1 (/Users/vladislavbuinovski/Projects/Facebook/stylex-swc-plugin.git/bugfix/crates/stylex-state-index)
   Compiling stylex_types v0.18.6-rc.1 (/Users/vladislavbuinovski/Projects/Facebook/stylex-swc-plugin.git/bugfix/crates/stylex-types)
   Compiling stylex_css_parser v0.18.6-rc.1 (/Users/vladislavbuinovski/Projects/Facebook/stylex-swc-plugin.git/bugfix/crates/stylex-css-parser)
   Compiling stylex_js v0.18.6-rc.1 (/Users/vladislavbuinovski/Projects/Facebook/stylex-swc-plugin.git/bugfix/crates/stylex-js)
   Compiling stylex_nested_config v0.18.6-rc.1 (/Users/vladislavbuinovski/Projects/Facebook/stylex-swc-plugin.git/bugfix/crates/stylex-nested-config)
   Compiling stylex_atoms v0.18.6-rc.1 (/Users/vladislavbuinovski/Projects/Facebook/stylex-swc-plugin.git/bugfix/crates/stylex-atoms)
   Compiling stylex_css v0.18.6-rc.1 (/Users/vladislavbuinovski/Projects/Facebook/stylex-swc-plugin.git/bugfix/crates/stylex-css)
   Compiling swc_compiler_base v62.0.0
   Compiling stylex_diagnostics v0.18.6-rc.1 (/Users/vladislavbuinovski/Projects/Facebook/stylex-swc-plugin.git/bugfix/crates/stylex-diagnostics)
   Compiling stylex_state v0.18.6-rc.1 (/Users/vladislavbuinovski/Projects/Facebook/stylex-swc-plugin.git/bugfix/crates/stylex-state)
   Compiling stylex_declarations v0.18.6-rc.1 (/Users/vladislavbuinovski/Projects/Facebook/stylex-swc-plugin.git/bugfix/crates/stylex-declarations)
   Compiling stylex_evaluator v0.18.6-rc.1 (/Users/vladislavbuinovski/Projects/Facebook/stylex-swc-plugin.git/bugfix/crates/stylex-evaluator)
   Compiling stylex_transform v0.18.6-rc.1 (/Users/vladislavbuinovski/Projects/Facebook/stylex-swc-plugin.git/bugfix/crates/stylex-transform)
    Finished `bench` profile [optimized + debuginfo] target(s) in 5m 33s
     Running benches/engine_fold_bench.rs (target/release/deps/engine_fold_bench-38e39a4093a7c9f9)
Benchmarking EngineFoldColdStart/build-and-answer
Benchmarking EngineFoldColdStart/build-and-answer: Warming up for 2.0000 s
Benchmarking EngineFoldColdStart/build-and-answer: Collecting 20 samples in estimated 4.0049 s (25k iterations)
Benchmarking EngineFoldColdStart/build-and-answer: Analyzing
EngineFoldColdStart/build-and-answer
                        time:   [158.55 µs 159.27 µs 160.28 µs]
Found 1 outliers among 20 measurements (5.00%)
  1 (5.00%) high mild

Benchmarking EngineFoldRoundTrip/engine/string
Benchmarking EngineFoldRoundTrip/engine/string: Warming up for 2.0000 s
Benchmarking EngineFoldRoundTrip/engine/string: Collecting 20 samples in estimated 4.0002 s (1.7M iterations)
Benchmarking EngineFoldRoundTrip/engine/string: Analyzing
EngineFoldRoundTrip/engine/string
                        time:   [2.2801 µs 2.2854 µs 2.2902 µs]
Found 1 outliers among 20 measurements (5.00%)
  1 (5.00%) high mild
Benchmarking EngineFoldRoundTrip/fold/string
Benchmarking EngineFoldRoundTrip/fold/string: Warming up for 2.0000 s
Benchmarking EngineFoldRoundTrip/fold/string: Collecting 20 samples in estimated 4.0001 s (4.0M iterations)
Benchmarking EngineFoldRoundTrip/fold/string: Analyzing
EngineFoldRoundTrip/fold/string
                        time:   [755.92 ns 758.20 ns 760.92 ns]
Found 1 outliers among 20 measurements (5.00%)
  1 (5.00%) high severe
Benchmarking EngineFoldRoundTrip/engine/callback
Benchmarking EngineFoldRoundTrip/engine/callback: Warming up for 2.0000 s
Benchmarking EngineFoldRoundTrip/engine/callback: Collecting 20 samples in estimated 4.0015 s (369k iterations)
Benchmarking EngineFoldRoundTrip/engine/callback: Analyzing
EngineFoldRoundTrip/engine/callback
                        time:   [10.769 µs 10.809 µs 10.854 µs]
Found 2 outliers among 20 measurements (10.00%)
  2 (10.00%) high mild
Benchmarking EngineFoldRoundTrip/fold/callback
Benchmarking EngineFoldRoundTrip/fold/callback: Warming up for 2.0000 s
Benchmarking EngineFoldRoundTrip/fold/callback: Collecting 20 samples in estimated 4.0001 s (769k iterations)
Benchmarking EngineFoldRoundTrip/fold/callback: Analyzing
EngineFoldRoundTrip/fold/callback
                        time:   [4.9808 µs 4.9985 µs 5.0256 µs]
Found 3 outliers among 20 measurements (15.00%)
  1 (5.00%) low mild
  1 (5.00%) high mild
  1 (5.00%) high severe
Benchmarking EngineFoldRoundTrip/engine/chain
Benchmarking EngineFoldRoundTrip/engine/chain: Warming up for 2.0000 s
Benchmarking EngineFoldRoundTrip/engine/chain: Collecting 20 samples in estimated 4.0003 s (690k iterations)
Benchmarking EngineFoldRoundTrip/engine/chain: Analyzing
EngineFoldRoundTrip/engine/chain
                        time:   [5.7321 µs 5.7481 µs 5.7612 µs]
Benchmarking EngineFoldRoundTrip/fold/chain
Benchmarking EngineFoldRoundTrip/fold/chain: Warming up for 2.0000 s
Benchmarking EngineFoldRoundTrip/fold/chain: Collecting 20 samples in estimated 4.0000 s (2.0M iterations)
Benchmarking EngineFoldRoundTrip/fold/chain: Analyzing
EngineFoldRoundTrip/fold/chain
                        time:   [1.7682 µs 1.7788 µs 1.7909 µs]
Found 1 outliers among 20 measurements (5.00%)
  1 (5.00%) high mild
Benchmarking EngineFoldRoundTrip/engine/array-answer
Benchmarking EngineFoldRoundTrip/engine/array-answer: Warming up for 2.0000 s
Benchmarking EngineFoldRoundTrip/engine/array-answer: Collecting 20 samples in estimated 4.0002 s (715k iterations)
Benchmarking EngineFoldRoundTrip/engine/array-answer: Analyzing
EngineFoldRoundTrip/engine/array-answer
                        time:   [5.5314 µs 5.5467 µs 5.5632 µs]
Found 1 outliers among 20 measurements (5.00%)
  1 (5.00%) high severe
Benchmarking EngineFoldRoundTrip/fold/array-answer
Benchmarking EngineFoldRoundTrip/fold/array-answer: Warming up for 2.0000 s
Benchmarking EngineFoldRoundTrip/fold/array-answer: Collecting 20 samples in estimated 4.0005 s (1.6M iterations)
Benchmarking EngineFoldRoundTrip/fold/array-answer: Analyzing
EngineFoldRoundTrip/fold/array-answer
                        time:   [2.2423 µs 2.2490 µs 2.2559 µs]
Found 3 outliers among 20 measurements (15.00%)
  2 (10.00%) low mild
  1 (5.00%) high mild
Benchmarking EngineFoldRoundTrip/fold-distinct
Benchmarking EngineFoldRoundTrip/fold-distinct: Warming up for 2.0000 s
Benchmarking EngineFoldRoundTrip/fold-distinct: Collecting 20 samples in estimated 4.0010 s (654k iterations)
Benchmarking EngineFoldRoundTrip/fold-distinct: Analyzing
EngineFoldRoundTrip/fold-distinct
                        time:   [5.0987 µs 5.2621 µs 5.3978 µs]
Found 1 outliers among 20 measurements (5.00%)
  1 (5.00%) high mild

########## evaluate_bench
   Compiling stylex_transform v0.18.6-rc.1 (/Users/vladislavbuinovski/Projects/Facebook/stylex-swc-plugin.git/bugfix/crates/stylex-transform)
########## evaluate_bench
   Compiling stylex_transform v0.18.6-rc.1 (/Users/vladislavbuinovski/Projects/Facebook/stylex-swc-plugin.git/bugfix/crates/stylex-transform)
    Finished `bench` profile [optimized + debuginfo] target(s) in 4m 20s
     Running benches/evaluate_bench.rs (target/release/deps/evaluate_bench-0528dce3038edac6)
Benchmarking EvaluatePerfFixtures/colors.stylex.js
Benchmarking EvaluatePerfFixtures/colors.stylex.js: Warming up for 2.0000 s
Benchmarking EvaluatePerfFixtures/colors.stylex.js: Collecting 20 samples in estimated 4.0055 s (118k iterations)
Benchmarking EvaluatePerfFixtures/colors.stylex.js: Analyzing
EvaluatePerfFixtures/colors.stylex.js
                        time:   [29.279 µs 29.490 µs 29.653 µs]
Benchmarking EvaluatePerfFixtures/sizes.stylex.js
Benchmarking EvaluatePerfFixtures/sizes.stylex.js: Warming up for 2.0000 s
Benchmarking EvaluatePerfFixtures/sizes.stylex.js: Collecting 20 samples in estimated 4.0002 s (203k iterations)
Benchmarking EvaluatePerfFixtures/sizes.stylex.js: Analyzing
EvaluatePerfFixtures/sizes.stylex.js
                        time:   [16.785 µs 16.884 µs 16.948 µs]
Benchmarking EvaluatePerfFixtures/create-basic.js
Benchmarking EvaluatePerfFixtures/create-basic.js: Warming up for 2.0000 s
Benchmarking EvaluatePerfFixtures/create-basic.js: Collecting 20 samples in estimated 4.0022 s (356k iterations)
Benchmarking EvaluatePerfFixtures/create-basic.js: Analyzing
EvaluatePerfFixtures/create-basic.js
                        time:   [8.9102 µs 8.9685 µs 9.0125 µs]
Benchmarking EvaluatePerfFixtures/create-complex.js
Benchmarking EvaluatePerfFixtures/create-complex.js: Warming up for 2.0000 s
Benchmarking EvaluatePerfFixtures/create-complex.js: Collecting 20 samples in estimated 4.0069 s (110k iterations)
Benchmarking EvaluatePerfFixtures/create-complex.js: Analyzing
EvaluatePerfFixtures/create-complex.js
                        time:   [19.308 µs 19.459 µs 19.589 µs]
Benchmarking EvaluatePerfFixtures/createTheme-basic.js
Benchmarking EvaluatePerfFixtures/createTheme-basic.js: Warming up for 2.0000 s
Benchmarking EvaluatePerfFixtures/createTheme-basic.js: Collecting 20 samples in estimated 4.0029 s (127k iterations)
Benchmarking EvaluatePerfFixtures/createTheme-basic.js: Analyzing
EvaluatePerfFixtures/createTheme-basic.js
                        time:   [24.371 µs 24.506 µs 24.626 µs]
Benchmarking EvaluatePerfFixtures/createTheme-complex.js
Benchmarking EvaluatePerfFixtures/createTheme-complex.js: Warming up for 2.0000 s
Benchmarking EvaluatePerfFixtures/createTheme-complex.js: Collecting 20 samples in estimated 4.6266 s (1470 iterations)
Benchmarking EvaluatePerfFixtures/createTheme-complex.js: Analyzing
EvaluatePerfFixtures/createTheme-complex.js
                        time:   [3.0907 ms 3.0973 ms 3.1075 ms]
Found 2 outliers among 20 measurements (10.00%)
  1 (5.00%) low severe
  1 (5.00%) high severe
Benchmarking EvaluatePerfFixtures/dynamic-param-shadows-import
Benchmarking EvaluatePerfFixtures/dynamic-param-shadows-import: Warming up for 2.0000 s
Benchmarking EvaluatePerfFixtures/dynamic-param-shadows-import: Collecting 20 samples in estimated 4.0006 s (1.1M iterations)
Benchmarking EvaluatePerfFixtures/dynamic-param-shadows-import: Analyzing
EvaluatePerfFixtures/dynamic-param-shadows-import
                        time:   [2.5766 µs 2.6027 µs 2.6230 µs]
Found 1 outliers among 20 measurements (5.00%)
  1 (5.00%) low mild
Benchmarking EvaluatePerfFixtures/dynamic-param-shadows-import-edges
Benchmarking EvaluatePerfFixtures/dynamic-param-shadows-import-edges: Warming up for 2.0000 s
Benchmarking EvaluatePerfFixtures/dynamic-param-shadows-import-edges: Collecting 20 samples in estimated 4.0001 s (283k iterations)
Benchmarking EvaluatePerfFixtures/dynamic-param-shadows-import-edges: Analyzing
EvaluatePerfFixtures/dynamic-param-shadows-import-edges
                        time:   [7.8088 µs 7.9260 µs 8.0069 µs]

########## evaluate_depth_bench
   Compiling stylex_transform v0.18.6-rc.1 (/Users/vladislavbuinovski/Projects/Facebook/stylex-swc-plugin.git/bugfix/crates/stylex-transform)
    Finished `bench` profile [optimized + debuginfo] target(s) in 4m 32s
     Running benches/evaluate_depth_bench.rs (target/release/deps/evaluate_depth_bench-9fb377b8c1943c72)
Benchmarking EvaluateDepth/arithmetic/30
Benchmarking EvaluateDepth/arithmetic/30: Warming up for 2.0000 s
Benchmarking EvaluateDepth/arithmetic/30: Collecting 20 samples in estimated 4.0004 s (228k iterations)
Benchmarking EvaluateDepth/arithmetic/30: Analyzing
EvaluateDepth/arithmetic/30
                        time:   [17.171 µs 17.275 µs 17.360 µs]
Benchmarking EvaluateDepth/arithmetic/60
Benchmarking EvaluateDepth/arithmetic/60: Warming up for 2.0000 s
Benchmarking EvaluateDepth/arithmetic/60: Collecting 20 samples in estimated 4.0039 s (69k iterations)
Benchmarking EvaluateDepth/arithmetic/60: Analyzing
EvaluateDepth/arithmetic/60
                        time:   [57.685 µs 57.762 µs 57.837 µs]
Benchmarking EvaluateDepth/arithmetic/120
Benchmarking EvaluateDepth/arithmetic/120: Warming up for 2.0000 s
Benchmarking EvaluateDepth/arithmetic/120: Collecting 20 samples in estimated 4.0023 s (19k iterations)
Benchmarking EvaluateDepth/arithmetic/120: Analyzing
EvaluateDepth/arithmetic/120
                        time:   [205.97 µs 206.44 µs 206.89 µs]
Found 2 outliers among 20 measurements (10.00%)
  2 (10.00%) high mild
Benchmarking EvaluateDepth/arithmetic/240
Benchmarking EvaluateDepth/arithmetic/240: Warming up for 2.0000 s
Benchmarking EvaluateDepth/arithmetic/240: Collecting 20 samples in estimated 4.1223 s (5250 iterations)
Benchmarking EvaluateDepth/arithmetic/240: Analyzing
EvaluateDepth/arithmetic/240
                        time:   [781.19 µs 781.96 µs 782.97 µs]
Found 2 outliers among 20 measurements (10.00%)
  1 (5.00%) high mild
  1 (5.00%) high severe

Benchmarking StructuralKeyDepth/arithmetic/30
Benchmarking StructuralKeyDepth/arithmetic/30: Warming up for 2.0000 s
Benchmarking StructuralKeyDepth/arithmetic/30: Collecting 20 samples in estimated 4.0001 s (6.4M iterations)
Benchmarking StructuralKeyDepth/arithmetic/30: Analyzing
StructuralKeyDepth/arithmetic/30
                        time:   [618.19 ns 619.48 ns 620.95 ns]
Found 2 outliers among 20 measurements (10.00%)
  2 (10.00%) high mild
Benchmarking StructuralKeyDepth/arithmetic/60
Benchmarking StructuralKeyDepth/arithmetic/60: Warming up for 2.0000 s
Benchmarking StructuralKeyDepth/arithmetic/60: Collecting 20 samples in estimated 4.0002 s (2.6M iterations)
Benchmarking StructuralKeyDepth/arithmetic/60: Analyzing
StructuralKeyDepth/arithmetic/60
                        time:   [1.5070 µs 1.5099 µs 1.5136 µs]
Found 1 outliers among 20 measurements (5.00%)
  1 (5.00%) high mild
Benchmarking StructuralKeyDepth/arithmetic/120
Benchmarking StructuralKeyDepth/arithmetic/120: Warming up for 2.0000 s
Benchmarking StructuralKeyDepth/arithmetic/120: Collecting 20 samples in estimated 4.0002 s (1.3M iterations)
Benchmarking StructuralKeyDepth/arithmetic/120: Analyzing
StructuralKeyDepth/arithmetic/120
                        time:   [3.0072 µs 3.0094 µs 3.0116 µs]
Found 2 outliers among 20 measurements (10.00%)
  1 (5.00%) low mild
  1 (5.00%) high mild
Benchmarking StructuralKeyDepth/arithmetic/240
Benchmarking StructuralKeyDepth/arithmetic/240: Warming up for 2.0000 s
Benchmarking StructuralKeyDepth/arithmetic/240: Collecting 20 samples in estimated 4.0004 s (643k iterations)
Benchmarking StructuralKeyDepth/arithmetic/240: Analyzing
StructuralKeyDepth/arithmetic/240
                        time:   [6.2083 µs 6.2205 µs 6.2383 µs]
Found 3 outliers among 20 measurements (15.00%)
  1 (5.00%) high mild
  2 (10.00%) high severe

Benchmarking StructuralKeyFallback/object/128
Benchmarking StructuralKeyFallback/object/128: Warming up for 2.0000 s
Benchmarking StructuralKeyFallback/object/128: Collecting 20 samples in estimated 4.0000 s (1.6M iterations)
Benchmarking StructuralKeyFallback/object/128: Analyzing
StructuralKeyFallback/object/128
                        time:   [2.4915 µs 2.4982 µs 2.5052 µs]
Found 1 outliers among 20 measurements (5.00%)
  1 (5.00%) high mild
Benchmarking StructuralKeyFallback/object/129
Benchmarking StructuralKeyFallback/object/129: Warming up for 2.0000 s
Benchmarking StructuralKeyFallback/object/129: Collecting 20 samples in estimated 4.0009 s (472k iterations)
Benchmarking StructuralKeyFallback/object/129: Analyzing
StructuralKeyFallback/object/129
                        time:   [8.4285 µs 8.4425 µs 8.4563 µs]

