                        time:   [159.67 µs 159.98 µs 160.33 µs]
                        change: [−1.4899% −1.0151% −0.5670%] (p = 0.00 < 0.05)
                        time:   [2.3138 µs 2.3219 µs 2.3296 µs]
                        change: [−1.1760% −0.4665% +0.2630%] (p = 0.22 > 0.05)
                        time:   [745.26 ns 746.82 ns 748.91 ns]
                        change: [−1.2759% −0.5345% +0.0656%] (p = 0.13 > 0.05)
                        time:   [10.929 µs 10.951 µs 10.974 µs]
                        change: [−0.3662% +0.5466% +1.9459%] (p = 0.37 > 0.05)
                        time:   [5.0267 µs 5.0501 µs 5.0880 µs]
                        change: [+0.4424% +1.3285% +2.5690%] (p = 0.00 < 0.05)
                        time:   [5.8497 µs 5.8661 µs 5.8829 µs]
                        change: [−0.4607% +0.7668% +2.3237%] (p = 0.33 > 0.05)
                        time:   [1.7445 µs 1.7481 µs 1.7518 µs]
                        change: [−0.6877% +0.0937% +0.8357%] (p = 0.82 > 0.05)
                        time:   [5.5454 µs 5.5595 µs 5.5744 µs]
                        change: [−1.7892% −1.0622% −0.3329%] (p = 0.01 < 0.05)
                        time:   [2.2363 µs 2.2412 µs 2.2466 µs]
                        change: [−1.1968% −0.3590% +0.3847%] (p = 0.38 > 0.05)
                        time:   [5.2380 µs 5.3233 µs 5.4112 µs]
                        change: [−3.5722% −1.5157% +0.6315%] (p = 0.17 > 0.05)

[exited with code 0]
