   Compiling proc-macro2 v1.0.106
   Compiling unicode-ident v1.0.24
   Compiling quote v1.0.47
   Compiling cfg-if v1.0.4
   Compiling serde_core v1.0.229
   Compiling memchr v2.8.0
   Compiling allocator-api2 v0.2.21
   Compiling libc v0.2.186
   Compiling once_cell v1.21.4
   Compiling serde v1.0.229
   Compiling stable_deref_trait v1.2.1
   Compiling equivalent v1.0.2
   Compiling foldhash v0.2.0
   Compiling itoa v1.0.18
   Compiling version_check v0.9.5
   Compiling smallvec v1.15.1
   Compiling rustc-hash v2.1.3
   Compiling writeable v0.6.4
   Compiling autocfg v1.5.0
   Compiling hashbrown v0.17.1
   Compiling siphasher v1.0.2
   Compiling litemap v0.8.2
   Compiling pin-project-lite v0.2.17
   Compiling zmij v1.0.21
   Compiling serde_json v1.0.151
   Compiling zerocopy v0.8.48
   Compiling num-traits v0.2.19
   Compiling ahash v0.8.12
   Compiling utf8_iter v1.0.4
   Compiling icu_properties_data v2.3.0
   Compiling syn v2.0.117
   Compiling syn v3.0.4
   Compiling icu_normalizer_data v2.3.0
   Compiling anyhow v1.0.104
   Compiling either v1.15.0
   Compiling utf16_iter v1.0.5
   Compiling parking_lot_core v0.9.12
   Compiling write16 v1.0.0
   Compiling scopeguard v1.2.0
   Compiling percent-encoding v2.3.2
   Compiling tracing-core v0.1.36
   Compiling radium v0.7.0
   Compiling lock_api v0.4.14
   Compiling tap v1.0.1
   Compiling find-msvc-tools v0.1.9
   Compiling shlex v1.3.0
   Compiling num-integer v0.1.47
   Compiling cc v1.2.61
   Compiling bitflags v2.13.1
   Compiling wyz v0.5.1
   Compiling form_urlencoded v1.2.2
   Compiling funty v2.0.0
   Compiling outref v0.5.2
   Compiling new_debug_unreachable v1.0.6
   Compiling bytes v1.11.1
   Compiling vsimd v0.8.0
   Compiling termcolor v1.4.1
   Compiling uuid v1.23.1
   Compiling indexmap v2.14.0
   Compiling base64-simd v0.8.0
   Compiling bitvec v1.0.1
   Compiling if_chain v1.0.3
   Compiling unicode-id-start v1.4.0
   Compiling data-encoding v2.11.0
   Compiling unicode-width v0.2.2
   Compiling aho-corasick v1.1.4
   Compiling regex-syntax v0.8.10
   Compiling scoped-tls v1.0.1
   Compiling heck v0.5.0
   Compiling cbor4ii v1.2.2
   Compiling better_scoped_tls v1.0.1
   Compiling swc_visit v2.0.1
   Compiling parking_lot v0.12.5
   Compiling siphasher v0.3.11
   Compiling static_assertions v1.1.0
   Compiling synstructure v0.13.2
   Compiling swc_macros_common v1.0.1
   Compiling crossbeam-utils v0.8.21
   Compiling regex-automata v0.4.16
   Compiling rustversion v1.0.22
   Compiling hashbrown v0.14.5
   Compiling rand_core v0.6.4
   Compiling rand v0.8.6
   Compiling serde_derive v1.0.229
   Compiling zerovec-derive v0.11.6
   Compiling phf_shared v0.11.3
   Compiling zerofrom-derive v0.1.7
   Compiling yoke-derive v0.8.2
   Compiling displaydoc v0.2.5
   Compiling tracing-attributes v0.1.31
   Compiling ast_node v6.1.0
   Compiling from_variant v3.0.0
   Compiling swc_eq_ignore_macros v1.0.1
   Compiling phf_generator v0.11.3
   Compiling zerofrom v0.1.7
   Compiling yoke v0.8.3
   Compiling phf_macros v0.11.3
   Compiling ryu v1.0.23
   Compiling zerovec v0.11.8
   Compiling zerotrie v0.2.5
   Compiling object v0.37.3
   Compiling tracing v0.1.44
   Compiling string_enum v1.0.2
   Compiling is-macro v0.3.7
   Compiling phf v0.11.3
   Compiling castaway v0.2.4
   Compiling fastrand v2.3.0
   Compiling hashbrown v0.16.1
   Compiling typenum v1.19.0
   Compiling generic-array v0.14.9
   Compiling regex v1.12.3
   Compiling dragonbox_ecma v0.1.12
   Compiling tinystr v0.8.4
   Compiling potential_utf v0.1.5
   Compiling icu_locale_core v2.3.0
   Compiling icu_collections v2.3.0
   Compiling stacker v0.1.24
   Compiling bytes-str v0.2.7
   Compiling debugid v0.8.0
   Compiling triomphe v0.1.15
   Compiling num-bigint v0.4.6
   Compiling par-core v2.0.0
   Compiling log v0.4.33
   Compiling hstr v4.0.0
   Compiling compact_str v0.7.1
   Compiling dashmap v6.2.1
   Compiling num_cpus v1.17.0
   Compiling phf_shared v0.14.0
   Compiling regress v0.11.1
   Compiling swc_atoms v10.0.0
   Compiling phf_generator v0.14.0
   Compiling seq-macro v0.3.6
   Compiling icu_provider v2.3.1
   Compiling phf_macros v0.14.0
   Compiling block-buffer v0.10.4
   Compiling crypto-common v0.1.6
   Compiling owo-colors v4.2.2
   Compiling icu_properties v2.3.0
   Compiling icu_normalizer v2.3.0
   Compiling rustix v1.1.4
   Compiling phf v0.14.0
   Compiling digest v0.10.7
   Compiling ar_archive_writer v0.5.1
   Compiling cpufeatures v0.2.17
   Compiling errno v0.3.14
   Compiling bstr v1.12.1
   Compiling idna_adapter v1.2.2
   Compiling idna v1.1.0
   Compiling psm v0.1.31
   Compiling camino v1.1.11
   Compiling url v2.5.8
   Compiling unicode-linebreak v0.1.5
   Compiling thiserror v1.0.69
   Compiling textwrap v0.16.2
   Compiling swc_sourcemap v10.0.2
   Compiling globset v0.4.18
   Compiling thiserror-impl v1.0.69
   Compiling swc_common v24.0.0
   Compiling miette-derive v7.6.0
   Compiling swc_config_macro v1.0.1
   Compiling bumpalo v3.20.2
   Compiling getrandom v0.3.4
   Compiling unicode-width v0.1.14
   Compiling lazy_static v1.5.0
   Compiling swc_allocator v5.0.0
   Compiling sharded-slab v0.1.7
   Compiling swc_config v6.0.0
   Compiling tracing-log v0.2.0
   Compiling miette v7.6.0
   Compiling cargo-platform v0.1.9
   Compiling matchers v0.2.0
   Compiling swc_ecma_codegen_macros v2.0.2
   Compiling semver v1.0.28
   Compiling thread_local v1.1.9
   Compiling yansi v1.0.1
   Compiling swc_ecma_ast v27.0.0
   Compiling glob v0.3.4
   Compiling ascii v1.1.0
   Compiling relative-path v1.9.3
   Compiling nu-ansi-term v0.50.1
   Compiling diff v0.1.13
   Compiling base64 v0.22.1
   Compiling tracing-subscriber v0.3.20
   Compiling pretty_assertions v1.4.1
   Compiling testing_macros v1.0.1
   Compiling swc_error_reporters v26.0.0
   Compiling cargo_metadata v0.18.1
   Compiling difference v2.0.0
   Compiling tempfile v3.21.0
   Compiling sha2 v0.10.9
   Compiling sha1 v0.10.6
   Compiling hex v0.4.3
   Compiling stylex_constants v0.18.6-rc.1 (/Users/vladislavbuinovski/Projects/Facebook/stylex-swc-plugin.git/bugfix/crates/stylex-constants)
   Compiling testing v25.0.0
   Compiling swc_core v75.0.0
   Compiling ansi_term v0.12.1
   Compiling swc_transform_common v18.0.0
   Compiling swc_plugin_macro v1.1.1
   Compiling swc_plugin v1.0.1
   Compiling radix_fmt v1.0.0
   Compiling colored v3.1.1
   Compiling swc_ecma_testing v25.0.0
   Compiling stylex_macros v0.18.6-rc.1 (/Users/vladislavbuinovski/Projects/Facebook/stylex-swc-plugin.git/bugfix/crates/stylex-macros)
   Compiling arrayvec v0.7.8
   Compiling xxhash-rust v0.8.18
   Compiling futures-core v0.3.32
   Compiling murmur2 v0.1.0
   Compiling unicode-segmentation v1.13.2
   Compiling futures-io v0.3.32
   Compiling ryu-js v1.0.3
   Compiling strsim v0.11.1
   Compiling fnv v1.0.7
   Compiling thiserror v2.0.20
   Compiling ident_case v1.0.1
   Compiling thiserror-impl v2.0.20
   Compiling darling_core v0.20.11
   Compiling bit-vec v0.8.0
   Compiling futures-sink v0.3.32
   Compiling fixedbitset v0.5.7
   Compiling futures-channel v0.3.32
   Compiling bit-set v0.8.0
   Compiling futures-macro v0.3.32
   Compiling slab v0.4.12
   Compiling icu_locale_fallback_data v2.3.0
   Compiling crc32fast v1.5.0
   Compiling futures-task v0.3.32
   Compiling fancy-regex v0.19.0
   Compiling napi-build v2.4.0
   Compiling linktime-proc-macro v0.2.2
   Compiling futures-util v0.3.32
   Compiling link-section v0.19.2
   Compiling libm v0.2.16
   Compiling pathdiff v0.2.3
   Compiling zlib-rs v0.5.4
   Compiling napi v3.12.0
   Compiling ctor v1.0.12
   Compiling petgraph v0.7.1
   Compiling convert_case v0.11.0
   Compiling swc_ecma_visit v27.0.0
   Compiling swc_plugin_proxy v28.0.0
   Compiling darling_macro v0.20.11
   Compiling convert_case v0.10.0
   Compiling halfbrown v0.4.0
   Compiling synstructure v0.14.0
   Compiling darling v0.20.11
   Compiling float-cmp v0.10.0
   Compiling derive_builder_core v0.20.2
   Compiling nibble_vec v0.1.0
   Compiling libloading v0.9.0
   Compiling pastey v0.2.3
   Compiling fast-float2 v0.2.4
   Compiling endian-type v0.2.0
   Compiling winnow v1.0.4
   Compiling unicode-xid v0.2.6
   Compiling parking v2.2.1
   Compiling cow-utils v0.1.3
   Compiling derive_more-impl v2.1.1
   Compiling futures-executor v0.3.32
   Compiling boa_macros v0.22.0
   Compiling futures v0.3.32
   Compiling derive_builder_macro v0.20.2
   Compiling toml_parser v1.1.3+spec-1.1.0
   Compiling boa_string v0.22.0
   Compiling radix_trie v0.3.0
   Compiling napi-sys v3.3.0
   Compiling value-trait v0.12.1
   Compiling libz-rs-sys v0.5.4
   Compiling stylex_regex v0.18.6-rc.1 (/Users/vladislavbuinovski/Projects/Facebook/stylex-swc-plugin.git/bugfix/crates/stylex-regex)
   Compiling flate2 v1.1.5
   Compiling napi-derive-backend v6.1.1
   Compiling icu_locale_fallback v2.3.0
   Compiling par-iter v2.0.0
   Compiling is-terminal v0.4.15
   Compiling phf_shared v0.13.1
   Compiling concurrent_lru v0.2.0
   Compiling thin-vec v0.2.19
   Compiling icu_calendar_data v2.3.0
   Compiling nodejs-built-in-modules v1.0.0
   Compiling swc_ecma_utils v33.0.0
   Compiling swc_ecma_parser v43.0.0
   Compiling swc_ecma_hooks v0.11.0
   Compiling toml_datetime v1.1.1+spec-1.1.0
   Compiling humantime v2.1.0
   Compiling simdutf8 v0.1.5
   Compiling nohash-hasher v0.2.0
   Compiling byteorder v1.5.0
   Compiling simd-json v0.17.0
   Compiling pnp v0.12.11
   Compiling swc_ecma_codegen v30.0.0
   Compiling napi-derive v3.6.2
   Compiling env_logger v0.10.2
   Compiling toml_edit v0.25.13+spec-1.1.0
   Compiling core_maths v0.1.1
   Compiling boa_gc v0.22.0
   Compiling phf_generator v0.13.1
   Compiling derive_more v2.1.1
   Compiling derive_builder v0.20.2
   Compiling rustc_version v0.4.1
   Compiling fast-glob v1.0.0
   Compiling compact_str v0.9.0
   Compiling strum_macros v0.28.0
   Compiling json-strip-comments v3.1.0
   Compiling self_cell v1.2.1
   Compiling rand_core v0.10.1
   Compiling crossbeam-epoch v0.9.20
   Compiling getrandom v0.4.3
   Compiling oxc_resolver v11.24.2
   Compiling boa_interner v0.22.0
   Compiling float16 v0.1.7
   Compiling package-json v0.5.0
   Compiling phf_macros v0.13.1
   Compiling calendrical_calculations v0.2.4
   Compiling swc_ecma_transforms_base v47.0.0
   Compiling proc-macro-crate v3.5.0
   Compiling strum v0.28.0
   Compiling pretty_env_logger v0.5.0
   Compiling event-listener v5.4.2
   Compiling num-bigint v0.5.1
   Compiling pin-project-internal v1.1.13
   Compiling equator-macro v0.4.2
   Compiling swc_ecma_transforms_react v53.0.0
   Compiling swc_ecma_transforms_testing v51.0.0
   Compiling swc_ecma_transforms_typescript v53.0.0
   Compiling swc_ecma_transforms_optimization v50.0.0
   Compiling stylex_utils v0.18.6-rc.1 (/Users/vladislavbuinovski/Projects/Facebook/stylex-swc-plugin.git/bugfix/crates/stylex-utils)
   Compiling stylex_ast v0.18.6-rc.1 (/Users/vladislavbuinovski/Projects/Facebook/stylex-swc-plugin.git/bugfix/crates/stylex-ast)
   Compiling stylex_enums v0.18.6-rc.1 (/Users/vladislavbuinovski/Projects/Facebook/stylex-swc-plugin.git/bugfix/crates/stylex-enums)
   Compiling stylex_structures v0.18.6-rc.1 (/Users/vladislavbuinovski/Projects/Facebook/stylex-swc-plugin.git/bugfix/crates/stylex-structures)
   Compiling swc_ecma_minifier v59.0.0
   Compiling stylex_state_index v0.18.6-rc.1 (/Users/vladislavbuinovski/Projects/Facebook/stylex-swc-plugin.git/bugfix/crates/stylex-state-index)
   Compiling stylex_types v0.18.6-rc.1 (/Users/vladislavbuinovski/Projects/Facebook/stylex-swc-plugin.git/bugfix/crates/stylex-types)
   Compiling dtoa v1.0.10
   Compiling portable-atomic v1.15.0
   Compiling time-core v0.1.9
   Compiling path-clean v1.0.1
   Compiling icu_collator_data v2.3.0
   Compiling num-conv v0.2.2
   Compiling stylex_path_resolver v0.18.6-rc.1 (/Users/vladislavbuinovski/Projects/Facebook/stylex-swc-plugin.git/bugfix/crates/stylex-path-resolver)
   Compiling time-macros v0.2.32
   Compiling dtoa-short v0.3.5
   Compiling phf v0.13.1
   Compiling boa_ast v0.22.0
   Compiling pin-project v1.1.13
   Compiling equator v0.4.2
   Compiling event-listener-strategy v0.5.4
   Compiling num_enum_derive v0.7.6
   Compiling icu_calendar v2.3.0
   Compiling chacha20 v0.10.2
   Compiling futures-lite v2.6.1
   Compiling stylex_styleq v0.18.6-rc.1 (/Users/vladislavbuinovski/Projects/Facebook/stylex-swc-plugin.git/bugfix/crates/stylex-styleq)
   Compiling timezone_provider v0.2.6
   Compiling concurrent-queue v2.5.0
   Compiling cssparser-macros v0.7.0
   Compiling dynify-macros v0.1.2
   Compiling bytemuck_derive v1.12.0
   Compiling libmimalloc-sys v0.1.49
   Compiling num_threads v0.1.7
   Compiling regress v0.12.0
   Compiling ixdtf v0.6.6
   Compiling deranged v0.5.8
   Compiling rayon-core v1.13.0
   Compiling powerfmt v0.2.0
   Compiling bytemuck v1.25.2
   Compiling temporal_rs v0.2.6
   Compiling swc_compiler_base v62.0.0
   Compiling dynify v0.1.2
   Compiling time v0.3.55
   Compiling stylex_diagnostics v0.18.6-rc.1 (/Users/vladislavbuinovski/Projects/Facebook/stylex-swc-plugin.git/bugfix/crates/stylex-diagnostics)
   Compiling stylex_state v0.18.6-rc.1 (/Users/vladislavbuinovski/Projects/Facebook/stylex-swc-plugin.git/bugfix/crates/stylex-state)
   Compiling boa_parser v0.22.0
   Compiling cssparser v0.37.0
   Compiling futures-concurrency v7.7.1
   Compiling async-channel v2.5.0
   Compiling crossbeam-deque v0.8.6
   Compiling rand v0.10.2
   Compiling num_enum v0.7.6
   Compiling aligned-vec v0.6.4
   Compiling small_btree v0.1.0
   Compiling alloca v0.4.0
   Compiling itertools v0.15.0
   Compiling half v2.6.0
   Compiling oneshot v0.2.1
   Compiling intrusive-collections v0.10.3
   Compiling xsum v0.1.6
   Compiling plotters-backend v0.3.7
   Compiling tag_ptr v0.1.0
   Compiling anstyle v1.0.14
   Compiling clap_lex v1.0.0
   Compiling ciborium-io v0.2.2
   Compiling ciborium-ll v0.2.2
   Compiling clap_builder v4.6.6
   Compiling plotters-svg v0.3.7
   Compiling icu_collator v2.3.1
   Compiling stylex_css_parser v0.18.6-rc.1 (/Users/vladislavbuinovski/Projects/Facebook/stylex-swc-plugin.git/bugfix/crates/stylex-css-parser)
   Compiling stylex_declarations v0.18.6-rc.1 (/Users/vladislavbuinovski/Projects/Facebook/stylex-swc-plugin.git/bugfix/crates/stylex-declarations)
   Compiling stylex_js v0.18.6-rc.1 (/Users/vladislavbuinovski/Projects/Facebook/stylex-swc-plugin.git/bugfix/crates/stylex-js)
   Compiling itertools v0.13.0
   Compiling cast v0.3.0
   Compiling same-file v1.0.6
   Compiling postcss_value_parser v0.18.6-rc.1 (/Users/vladislavbuinovski/Projects/Facebook/stylex-swc-plugin.git/bugfix/crates/postcss-value-parser)
   Compiling stylex_css v0.18.6-rc.1 (/Users/vladislavbuinovski/Projects/Facebook/stylex-swc-plugin.git/bugfix/crates/stylex-css)
   Compiling walkdir v2.5.0
   Compiling boa_engine v0.22.0
   Compiling criterion-plot v0.8.2
   Compiling clap v4.6.6
   Compiling mimalloc v0.1.52
   Compiling rayon v1.11.0
   Compiling plotters v0.3.7
   Compiling ciborium v0.2.2
   Compiling stylex_nested_config v0.18.6-rc.1 (/Users/vladislavbuinovski/Projects/Facebook/stylex-swc-plugin.git/bugfix/crates/stylex-nested-config)
   Compiling stylex_atoms v0.18.6-rc.1 (/Users/vladislavbuinovski/Projects/Facebook/stylex-swc-plugin.git/bugfix/crates/stylex-atoms)
   Compiling tinytemplate v1.2.1
   Compiling console v0.16.3
   Compiling page_size v0.6.0
   Compiling anes v0.1.6
   Compiling oorandom v11.1.5
   Compiling similar v2.7.0
   Compiling criterion v0.8.2
   Compiling swc_malloc v1.2.5
   Compiling insta v1.48.0
   Compiling stylex_evaluator v0.18.6-rc.1 (/Users/vladislavbuinovski/Projects/Facebook/stylex-swc-plugin.git/bugfix/crates/stylex-evaluator)
   Compiling stylex_transform v0.18.6-rc.1 (/Users/vladislavbuinovski/Projects/Facebook/stylex-swc-plugin.git/bugfix/crates/stylex-transform)
    Finished `bench` profile [optimized + debuginfo] target(s) in 6m 49s
     Running benches/concatenation_chain_bench.rs (/Users/vladislavbuinovski/Projects/Facebook/stylex-swc-plugin.git/target-leg3/release/deps/concatenation_chain_bench-26984f917b3c6a49)
Benchmarking ConcatenationChain/links/2
Benchmarking ConcatenationChain/links/2: Warming up for 2.0000 s
Benchmarking ConcatenationChain/links/2: Collecting 20 samples in estimated 4.0965 s (5670 iterations)
Benchmarking ConcatenationChain/links/2: Analyzing
ConcatenationChain/links/2
                        time:   [716.95 µs 720.43 µs 726.19 µs]
                        change: [−2.0922% −0.3008% +1.7222%] (p = 0.79 > 0.05)
                        No change in performance detected.
Found 3 outliers among 20 measurements (15.00%)
  1 (5.00%) high mild
  2 (10.00%) high severe
Benchmarking ConcatenationChain/links/5
Benchmarking ConcatenationChain/links/5: Warming up for 2.0000 s
Benchmarking ConcatenationChain/links/5: Collecting 20 samples in estimated 4.0859 s (4200 iterations)
Benchmarking ConcatenationChain/links/5: Analyzing
ConcatenationChain/links/5
                        time:   [967.91 µs 970.19 µs 972.94 µs]
                        change: [−6.8093% −4.4736% −2.8450%] (p = 0.00 < 0.05)
                        Performance has improved.
Found 1 outliers among 20 measurements (5.00%)
  1 (5.00%) high mild
Benchmarking ConcatenationChain/links/10
Benchmarking ConcatenationChain/links/10: Warming up for 2.0000 s
Benchmarking ConcatenationChain/links/10: Collecting 20 samples in estimated 4.1198 s (3150 iterations)
Benchmarking ConcatenationChain/links/10: Analyzing
ConcatenationChain/links/10
                        time:   [1.3034 ms 1.3070 ms 1.3116 ms]
                        change: [−7.2177% −4.8890% −2.9977%] (p = 0.00 < 0.05)
                        Performance has improved.
Found 3 outliers among 20 measurements (15.00%)
  3 (15.00%) high mild
Benchmarking ConcatenationChain/links/20
Benchmarking ConcatenationChain/links/20: Warming up for 2.0000 s
Benchmarking ConcatenationChain/links/20: Collecting 20 samples in estimated 4.1394 s (2100 iterations)
Benchmarking ConcatenationChain/links/20: Analyzing
ConcatenationChain/links/20
                        time:   [1.9647 ms 1.9690 ms 1.9737 ms]
                        change: [−13.040% −6.1610% −1.9525%] (p = 0.06 > 0.05)
                        No change in performance detected.
Found 4 outliers among 20 measurements (20.00%)
  2 (10.00%) high mild
  2 (10.00%) high severe

   Compiling smallvec v1.15.1
   Compiling swc_core v75.0.0
   Compiling futures-core v0.3.32
   Compiling futures-lite v2.6.1
   Compiling async-channel v2.5.0
   Compiling icu_normalizer v2.3.0
   Compiling parking_lot_core v0.9.12
   Compiling tracing-subscriber v0.3.20
   Compiling nibble_vec v0.1.0
   Compiling radix_trie v0.3.0
   Compiling parking_lot v0.12.5
   Compiling dashmap v6.2.1
   Compiling pnp v0.12.11
   Compiling idna_adapter v1.2.2
   Compiling idna v1.1.0
   Compiling futures-concurrency v7.7.1
   Compiling url v2.5.8
   Compiling oxc_resolver v11.24.2
   Compiling swc_sourcemap v10.0.2
   Compiling stylex_path_resolver v0.18.6-rc.1 (/Users/vladislavbuinovski/Projects/Facebook/stylex-swc-plugin.git/bugfix/crates/stylex-path-resolver)
   Compiling swc_common v24.0.0
   Compiling swc_config v6.0.0
   Compiling swc_ecma_ast v27.0.0
   Compiling swc_error_reporters v26.0.0
   Compiling swc_transform_common v18.0.0
   Compiling testing v25.0.0
   Compiling swc_ecma_testing v25.0.0
   Compiling boa_engine v0.22.0
   Compiling swc_ecma_visit v27.0.0
   Compiling swc_plugin_proxy v28.0.0
   Compiling swc_ecma_utils v33.0.0
   Compiling swc_ecma_parser v43.0.0
   Compiling swc_ecma_hooks v0.11.0
   Compiling swc_ecma_codegen v30.0.0
   Compiling swc_ecma_transforms_base v47.0.0
   Compiling swc_ecma_transforms_react v53.0.0
   Compiling swc_ecma_transforms_testing v51.0.0
   Compiling swc_ecma_transforms_optimization v50.0.0
   Compiling swc_ecma_transforms_typescript v53.0.0
   Compiling swc_ecma_minifier v59.0.0
   Compiling stylex_utils v0.18.6-rc.1 (/Users/vladislavbuinovski/Projects/Facebook/stylex-swc-plugin.git/bugfix/crates/stylex-utils)
   Compiling stylex_ast v0.18.6-rc.1 (/Users/vladislavbuinovski/Projects/Facebook/stylex-swc-plugin.git/bugfix/crates/stylex-ast)
   Compiling stylex_enums v0.18.6-rc.1 (/Users/vladislavbuinovski/Projects/Facebook/stylex-swc-plugin.git/bugfix/crates/stylex-enums)
   Compiling stylex_structures v0.18.6-rc.1 (/Users/vladislavbuinovski/Projects/Facebook/stylex-swc-plugin.git/bugfix/crates/stylex-structures)
   Compiling stylex_state_index v0.18.6-rc.1 (/Users/vladislavbuinovski/Projects/Facebook/stylex-swc-plugin.git/bugfix/crates/stylex-state-index)
   Compiling stylex_types v0.18.6-rc.1 (/Users/vladislavbuinovski/Projects/Facebook/stylex-swc-plugin.git/bugfix/crates/stylex-types)
   Compiling stylex_js v0.18.6-rc.1 (/Users/vladislavbuinovski/Projects/Facebook/stylex-swc-plugin.git/bugfix/crates/stylex-js)
   Compiling swc_compiler_base v62.0.0
   Compiling stylex_diagnostics v0.18.6-rc.1 (/Users/vladislavbuinovski/Projects/Facebook/stylex-swc-plugin.git/bugfix/crates/stylex-diagnostics)
   Compiling stylex_state v0.18.6-rc.1 (/Users/vladislavbuinovski/Projects/Facebook/stylex-swc-plugin.git/bugfix/crates/stylex-state)
   Compiling stylex_declarations v0.18.6-rc.1 (/Users/vladislavbuinovski/Projects/Facebook/stylex-swc-plugin.git/bugfix/crates/stylex-declarations)
   Compiling stylex_evaluator v0.18.6-rc.1 (/Users/vladislavbuinovski/Projects/Facebook/stylex-swc-plugin.git/bugfix/crates/stylex-evaluator)
    Finished `bench` profile [optimized + debuginfo] target(s) in 6m 50s
     Running benches/engine_fold_bench.rs (/Users/vladislavbuinovski/Projects/Facebook/stylex-swc-plugin.git/target-leg3/release/deps/engine_fold_bench-0a9f3fe0eadd266d)
Benchmarking EngineFoldColdStart/build-and-answer
Benchmarking EngineFoldColdStart/build-and-answer: Warming up for 2.0000 s
Benchmarking EngineFoldColdStart/build-and-answer: Collecting 20 samples in estimated 4.0239 s (25k iterations)
Benchmarking EngineFoldColdStart/build-and-answer: Analyzing
EngineFoldColdStart/build-and-answer
                        time:   [160.55 µs 161.24 µs 162.20 µs]
                        change: [−3.2531% −1.7226% −0.2198%] (p = 0.04 < 0.05)
                        Change within noise threshold.
Found 2 outliers among 20 measurements (10.00%)
  2 (10.00%) high mild

Benchmarking EngineFoldRoundTrip/engine/string
Benchmarking EngineFoldRoundTrip/engine/string: Warming up for 2.0000 s
Benchmarking EngineFoldRoundTrip/engine/string: Collecting 20 samples in estimated 4.0003 s (1.7M iterations)
Benchmarking EngineFoldRoundTrip/engine/string: Analyzing
EngineFoldRoundTrip/engine/string
                        time:   [2.3248 µs 2.3421 µs 2.3577 µs]
                        change: [−2.0567% −0.8180% +0.3926%] (p = 0.21 > 0.05)
                        No change in performance detected.
Benchmarking EngineFoldRoundTrip/fold/string
Benchmarking EngineFoldRoundTrip/fold/string: Warming up for 2.0000 s
Benchmarking EngineFoldRoundTrip/fold/string: Collecting 20 samples in estimated 4.0001 s (4.0M iterations)
Benchmarking EngineFoldRoundTrip/fold/string: Analyzing
EngineFoldRoundTrip/fold/string
                        time:   [764.13 ns 767.95 ns 771.04 ns]
                        change: [−2.0160% −1.4076% −0.7973%] (p = 0.00 < 0.05)
                        Change within noise threshold.
Benchmarking EngineFoldRoundTrip/engine/callback
Benchmarking EngineFoldRoundTrip/engine/callback: Warming up for 2.0000 s
Benchmarking EngineFoldRoundTrip/engine/callback: Collecting 20 samples in estimated 4.0001 s (353k iterations)
Benchmarking EngineFoldRoundTrip/engine/callback: Analyzing
EngineFoldRoundTrip/engine/callback
                        time:   [11.249 µs 11.304 µs 11.351 µs]
                        change: [+0.9545% +1.6957% +2.4337%] (p = 0.00 < 0.05)
                        Change within noise threshold.
Found 1 outliers among 20 measurements (5.00%)
  1 (5.00%) high mild
Benchmarking EngineFoldRoundTrip/fold/callback
Benchmarking EngineFoldRoundTrip/fold/callback: Warming up for 2.0000 s
Benchmarking EngineFoldRoundTrip/fold/callback: Collecting 20 samples in estimated 4.0004 s (739k iterations)
Benchmarking EngineFoldRoundTrip/fold/callback: Analyzing
EngineFoldRoundTrip/fold/callback
                        time:   [5.1307 µs 5.1576 µs 5.1825 µs]
                        change: [−0.0583% +0.5131% +1.0957%] (p = 0.10 > 0.05)
                        No change in performance detected.
Benchmarking EngineFoldRoundTrip/engine/chain
Benchmarking EngineFoldRoundTrip/engine/chain: Warming up for 2.0000 s
Benchmarking EngineFoldRoundTrip/engine/chain: Collecting 20 samples in estimated 4.0004 s (634k iterations)
Benchmarking EngineFoldRoundTrip/engine/chain: Analyzing
EngineFoldRoundTrip/engine/chain
                        time:   [5.9513 µs 6.0064 µs 6.0513 µs]
                        change: [−2.6715% −0.8051% +0.7912%] (p = 0.40 > 0.05)
                        No change in performance detected.
Benchmarking EngineFoldRoundTrip/fold/chain
Benchmarking EngineFoldRoundTrip/fold/chain: Warming up for 2.0000 s
Benchmarking EngineFoldRoundTrip/fold/chain: Collecting 20 samples in estimated 4.0004 s (2.0M iterations)
Benchmarking EngineFoldRoundTrip/fold/chain: Analyzing
EngineFoldRoundTrip/fold/chain
                        time:   [1.8072 µs 1.8144 µs 1.8237 µs]
                        change: [−0.2406% +0.7615% +1.9665%] (p = 0.21 > 0.05)
                        No change in performance detected.
Found 1 outliers among 20 measurements (5.00%)
  1 (5.00%) high severe
Benchmarking EngineFoldRoundTrip/engine/array-answer
Benchmarking EngineFoldRoundTrip/engine/array-answer: Warming up for 2.0000 s
Benchmarking EngineFoldRoundTrip/engine/array-answer: Collecting 20 samples in estimated 4.0006 s (684k iterations)
Benchmarking EngineFoldRoundTrip/engine/array-answer: Analyzing
EngineFoldRoundTrip/engine/array-answer
                        time:   [5.7205 µs 5.7512 µs 5.7953 µs]
                        change: [−3.7077% −2.2313% +0.1747%] (p = 0.02 < 0.05)
                        Change within noise threshold.
Found 2 outliers among 20 measurements (10.00%)
  1 (5.00%) high mild
  1 (5.00%) high severe
Benchmarking EngineFoldRoundTrip/fold/array-answer
Benchmarking EngineFoldRoundTrip/fold/array-answer: Warming up for 2.0000 s
Benchmarking EngineFoldRoundTrip/fold/array-answer: Collecting 20 samples in estimated 4.0003 s (1.6M iterations)
Benchmarking EngineFoldRoundTrip/fold/array-answer: Analyzing
EngineFoldRoundTrip/fold/array-answer
                        time:   [2.2624 µs 2.2693 µs 2.2747 µs]
                        change: [−3.1442% −2.4410% −1.7322%] (p = 0.00 < 0.05)
                        Performance has improved.
Benchmarking EngineFoldRoundTrip/fold-distinct
Benchmarking EngineFoldRoundTrip/fold-distinct: Warming up for 2.0000 s
Benchmarking EngineFoldRoundTrip/fold-distinct: Collecting 20 samples in estimated 4.0006 s (625k iterations)
Benchmarking EngineFoldRoundTrip/fold-distinct: Analyzing
EngineFoldRoundTrip/fold-distinct
                        time:   [5.4728 µs 5.6207 µs 5.7713 µs]
                        change: [−5.1599% −2.7710% +0.0605%] (p = 0.05 < 0.05)
                        Change within noise threshold.
Found 1 outliers among 20 measurements (5.00%)
  1 (5.00%) high mild

   Compiling stylex_evaluator v0.18.6-rc.1 (/Users/vladislavbuinovski/Projects/Facebook/stylex-swc-plugin.git/bugfix/crates/stylex-evaluator)
    Finished `bench` profile [optimized + debuginfo] target(s) in 4m 33s
     Running benches/evaluate_bench.rs (/Users/vladislavbuinovski/Projects/Facebook/stylex-swc-plugin.git/target-leg3/release/deps/evaluate_bench-b70862c7c48a8501)
Benchmarking EvaluatePerfFixtures/colors.stylex.js
Benchmarking EvaluatePerfFixtures/colors.stylex.js: Warming up for 2.0000 s
Benchmarking EvaluatePerfFixtures/colors.stylex.js: Collecting 20 samples in estimated 4.0043 s (114k iterations)
Benchmarking EvaluatePerfFixtures/colors.stylex.js: Analyzing
EvaluatePerfFixtures/colors.stylex.js
                        time:   [30.585 µs 30.785 µs 30.949 µs]
                        change: [+0.2225% +1.4915% +2.7842%] (p = 0.03 < 0.05)
                        Change within noise threshold.
Benchmarking EvaluatePerfFixtures/sizes.stylex.js
Benchmarking EvaluatePerfFixtures/sizes.stylex.js: Warming up for 2.0000 s
Benchmarking EvaluatePerfFixtures/sizes.stylex.js: Collecting 20 samples in estimated 4.0028 s (193k iterations)
Benchmarking EvaluatePerfFixtures/sizes.stylex.js: Analyzing
EvaluatePerfFixtures/sizes.stylex.js
                        time:   [17.573 µs 17.770 µs 17.962 µs]
                        change: [+0.1638% +4.2315% +10.454%] (p = 0.16 > 0.05)
                        No change in performance detected.
Found 1 outliers among 20 measurements (5.00%)
  1 (5.00%) high severe
Benchmarking EvaluatePerfFixtures/create-basic.js
Benchmarking EvaluatePerfFixtures/create-basic.js: Warming up for 2.0000 s
Benchmarking EvaluatePerfFixtures/create-basic.js: Collecting 20 samples in estimated 4.0025 s (331k iterations)
Benchmarking EvaluatePerfFixtures/create-basic.js: Analyzing
EvaluatePerfFixtures/create-basic.js
                        time:   [9.2455 µs 9.3359 µs 9.4450 µs]
                        change: [+1.9737% +3.5781% +5.4018%] (p = 0.00 < 0.05)
                        Performance has regressed.
Found 5 outliers among 20 measurements (25.00%)
  3 (15.00%) low mild
  1 (5.00%) high mild
  1 (5.00%) high severe
Benchmarking EvaluatePerfFixtures/create-complex.js
Benchmarking EvaluatePerfFixtures/create-complex.js: Warming up for 2.0000 s
Benchmarking EvaluatePerfFixtures/create-complex.js: Collecting 20 samples in estimated 4.0065 s (104k iterations)
Benchmarking EvaluatePerfFixtures/create-complex.js: Analyzing
EvaluatePerfFixtures/create-complex.js
                        time:   [20.096 µs 20.309 µs 20.511 µs]
                        change: [+4.0653% +5.5461% +7.0154%] (p = 0.00 < 0.05)
                        Performance has regressed.
Found 1 outliers among 20 measurements (5.00%)
  1 (5.00%) high mild
Benchmarking EvaluatePerfFixtures/createTheme-basic.js
Benchmarking EvaluatePerfFixtures/createTheme-basic.js: Warming up for 2.0000 s
Benchmarking EvaluatePerfFixtures/createTheme-basic.js: Collecting 20 samples in estimated 4.0031 s (123k iterations)
Benchmarking EvaluatePerfFixtures/createTheme-basic.js: Analyzing
EvaluatePerfFixtures/createTheme-basic.js
                        time:   [25.212 µs 25.369 µs 25.527 µs]
                        change: [+0.9692% +2.0384% +3.0844%] (p = 0.00 < 0.05)
                        Change within noise threshold.
Found 1 outliers among 20 measurements (5.00%)
  1 (5.00%) low mild
Benchmarking EvaluatePerfFixtures/createTheme-complex.js
Benchmarking EvaluatePerfFixtures/createTheme-complex.js: Warming up for 2.0000 s
Benchmarking EvaluatePerfFixtures/createTheme-complex.js: Collecting 20 samples in estimated 4.0564 s (1260 iterations)
Benchmarking EvaluatePerfFixtures/createTheme-complex.js: Analyzing
EvaluatePerfFixtures/createTheme-complex.js
                        time:   [3.1473 ms 3.1551 ms 3.1651 ms]
                        change: [+1.0811% +1.6520% +2.2604%] (p = 0.00 < 0.05)
                        Performance has regressed.
Found 3 outliers among 20 measurements (15.00%)
  1 (5.00%) low mild
  2 (10.00%) high mild
Benchmarking EvaluatePerfFixtures/dynamic-param-shadows-import
Benchmarking EvaluatePerfFixtures/dynamic-param-shadows-import: Warming up for 2.0000 s
Benchmarking EvaluatePerfFixtures/dynamic-param-shadows-import: Collecting 20 samples in estimated 4.0000 s (1.0M iterations)
Benchmarking EvaluatePerfFixtures/dynamic-param-shadows-import: Analyzing
EvaluatePerfFixtures/dynamic-param-shadows-import
                        time:   [2.7060 µs 2.7374 µs 2.7612 µs]
                        change: [+2.1400% +5.1513% +7.8641%] (p = 0.00 < 0.05)
                        Performance has regressed.
Benchmarking EvaluatePerfFixtures/dynamic-param-shadows-import-edges
Benchmarking EvaluatePerfFixtures/dynamic-param-shadows-import-edges: Warming up for 2.0000 s
Benchmarking EvaluatePerfFixtures/dynamic-param-shadows-import-edges: Collecting 20 samples in estimated 4.0001 s (274k iterations)
Benchmarking EvaluatePerfFixtures/dynamic-param-shadows-import-edges: Analyzing
EvaluatePerfFixtures/dynamic-param-shadows-import-edges
                        time:   [7.9687 µs 8.0697 µs 8.1653 µs]
                        change: [−0.6384% +1.9561% +4.3256%] (p = 0.14 > 0.05)
                        No change in performance detected.

   Compiling stylex_evaluator v0.18.6-rc.1 (/Users/vladislavbuinovski/Projects/Facebook/stylex-swc-plugin.git/bugfix/crates/stylex-evaluator)
    Finished `bench` profile [optimized + debuginfo] target(s) in 4m 42s
     Running benches/evaluate_depth_bench.rs (/Users/vladislavbuinovski/Projects/Facebook/stylex-swc-plugin.git/target-leg3/release/deps/evaluate_depth_bench-3ba7938aba92a16c)
Benchmarking EvaluateDepth/arithmetic/30
Benchmarking EvaluateDepth/arithmetic/30: Warming up for 2.0000 s
Benchmarking EvaluateDepth/arithmetic/30: Collecting 20 samples in estimated 4.0007 s (217k iterations)
Benchmarking EvaluateDepth/arithmetic/30: Analyzing
EvaluateDepth/arithmetic/30
                        time:   [17.820 µs 17.885 µs 17.979 µs]
                        change: [−3.5111% −1.5424% +0.0124%] (p = 0.11 > 0.05)
                        No change in performance detected.
Found 1 outliers among 20 measurements (5.00%)
  1 (5.00%) high severe
Benchmarking EvaluateDepth/arithmetic/60
Benchmarking EvaluateDepth/arithmetic/60: Warming up for 2.0000 s
Benchmarking EvaluateDepth/arithmetic/60: Collecting 20 samples in estimated 4.0037 s (66k iterations)
Benchmarking EvaluateDepth/arithmetic/60: Analyzing
EvaluateDepth/arithmetic/60
                        time:   [59.851 µs 60.025 µs 60.231 µs]
                        change: [−2.5718% −1.3220% −0.3166%] (p = 0.02 < 0.05)
                        Change within noise threshold.
Found 2 outliers among 20 measurements (10.00%)
  2 (10.00%) high mild
Benchmarking EvaluateDepth/arithmetic/120
Benchmarking EvaluateDepth/arithmetic/120: Warming up for 2.0000 s
Benchmarking EvaluateDepth/arithmetic/120: Collecting 20 samples in estimated 4.0073 s (18k iterations)
Benchmarking EvaluateDepth/arithmetic/120: Analyzing
EvaluateDepth/arithmetic/120
                        time:   [214.73 µs 215.65 µs 216.38 µs]
                        change: [−1.2458% +0.3423% +1.3970%] (p = 0.71 > 0.05)
                        No change in performance detected.
Benchmarking EvaluateDepth/arithmetic/240
Benchmarking EvaluateDepth/arithmetic/240: Warming up for 2.0000 s
Benchmarking EvaluateDepth/arithmetic/240: Collecting 20 samples in estimated 4.0813 s (5040 iterations)
Benchmarking EvaluateDepth/arithmetic/240: Analyzing
EvaluateDepth/arithmetic/240
                        time:   [805.94 µs 808.20 µs 811.02 µs]
                        change: [−0.6094% +0.2083% +0.9380%] (p = 0.62 > 0.05)
                        No change in performance detected.

Benchmarking StructuralKeyDepth/arithmetic/30
Benchmarking StructuralKeyDepth/arithmetic/30: Warming up for 2.0000 s
Benchmarking StructuralKeyDepth/arithmetic/30: Collecting 20 samples in estimated 4.0001 s (6.1M iterations)
Benchmarking StructuralKeyDepth/arithmetic/30: Analyzing
StructuralKeyDepth/arithmetic/30
                        time:   [658.66 ns 665.18 ns 675.44 ns]
                        change: [+1.7361% +3.5459% +5.3848%] (p = 0.00 < 0.05)
                        Performance has regressed.
Found 3 outliers among 20 measurements (15.00%)
  3 (15.00%) high severe
Benchmarking StructuralKeyDepth/arithmetic/60
Benchmarking StructuralKeyDepth/arithmetic/60: Warming up for 2.0000 s
Benchmarking StructuralKeyDepth/arithmetic/60: Collecting 20 samples in estimated 4.0001 s (2.5M iterations)
Benchmarking StructuralKeyDepth/arithmetic/60: Analyzing
StructuralKeyDepth/arithmetic/60
                        time:   [1.5851 µs 1.5887 µs 1.5924 µs]
                        change: [+2.1221% +3.2303% +4.0817%] (p = 0.00 < 0.05)
                        Performance has regressed.
Found 1 outliers among 20 measurements (5.00%)
  1 (5.00%) high mild
Benchmarking StructuralKeyDepth/arithmetic/120
Benchmarking StructuralKeyDepth/arithmetic/120: Warming up for 2.0000 s
Benchmarking StructuralKeyDepth/arithmetic/120: Collecting 20 samples in estimated 4.0006 s (1.3M iterations)
Benchmarking StructuralKeyDepth/arithmetic/120: Analyzing
StructuralKeyDepth/arithmetic/120
                        time:   [3.1332 µs 3.1410 µs 3.1485 µs]
                        change: [−1.5947% +0.7603% +2.3124%] (p = 0.57 > 0.05)
                        No change in performance detected.
Found 2 outliers among 20 measurements (10.00%)
  1 (5.00%) high mild
  1 (5.00%) high severe
Benchmarking StructuralKeyDepth/arithmetic/240
Benchmarking StructuralKeyDepth/arithmetic/240: Warming up for 2.0000 s
Benchmarking StructuralKeyDepth/arithmetic/240: Collecting 20 samples in estimated 4.0009 s (598k iterations)
Benchmarking StructuralKeyDepth/arithmetic/240: Analyzing
StructuralKeyDepth/arithmetic/240
                        time:   [6.6770 µs 6.6926 µs 6.7070 µs]
                        change: [+5.6169% +5.9183% +6.2346%] (p = 0.00 < 0.05)
                        Performance has regressed.

Benchmarking StructuralKeyFallback/object/128
Benchmarking StructuralKeyFallback/object/128: Warming up for 2.0000 s
Benchmarking StructuralKeyFallback/object/128: Collecting 20 samples in estimated 4.0000 s (1.5M iterations)
Benchmarking StructuralKeyFallback/object/128: Analyzing
StructuralKeyFallback/object/128
                        time:   [2.7110 µs 2.7262 µs 2.7443 µs]
                        change: [+5.2761% +5.7576% +6.3646%] (p = 0.00 < 0.05)
                        Performance has regressed.
Found 1 outliers among 20 measurements (5.00%)
  1 (5.00%) high severe
Benchmarking StructuralKeyFallback/object/129
Benchmarking StructuralKeyFallback/object/129: Warming up for 2.0000 s
Benchmarking StructuralKeyFallback/object/129: Collecting 20 samples in estimated 4.0010 s (450k iterations)
Benchmarking StructuralKeyFallback/object/129: Analyzing
StructuralKeyFallback/object/129
                        time:   [8.4720 µs 8.4850 µs 8.5021 µs]
                        change: [−1.3446% −1.0489% −0.7293%] (p = 0.00 < 0.05)
                        Change within noise threshold.
Found 1 outliers among 20 measurements (5.00%)
  1 (5.00%) high mild

   Compiling stylex_transform v0.18.6-rc.1 (/Users/vladislavbuinovski/Projects/Facebook/stylex-swc-plugin.git/bugfix/crates/stylex-transform)
    Finished `bench` profile [optimized + debuginfo] target(s) in 6m 33s
     Running benches/module_path_bench.rs (/Users/vladislavbuinovski/Projects/Facebook/stylex-swc-plugin.git/target-leg3/release/deps/module_path_bench-de7936257665d9a7)
Benchmarking ModuleWalk/calls/1x
Benchmarking ModuleWalk/calls/1x: Warming up for 2.0000 s
Benchmarking ModuleWalk/calls/1x: Collecting 20 samples in estimated 4.0087 s (19k iterations)
Benchmarking ModuleWalk/calls/1x: Analyzing
ModuleWalk/calls/1x     time:   [153.27 µs 154.23 µs 155.11 µs]
                        change: [−10.244% −7.9045% −6.1037%] (p = 0.00 < 0.05)
                        Performance has improved.
Found 3 outliers among 20 measurements (15.00%)
  3 (15.00%) high mild
Benchmarking ModuleWalk/no-calls/1x
Benchmarking ModuleWalk/no-calls/1x: Warming up for 2.0000 s
Benchmarking ModuleWalk/no-calls/1x: Collecting 20 samples in estimated 4.0017 s (62k iterations)
Benchmarking ModuleWalk/no-calls/1x: Analyzing
ModuleWalk/no-calls/1x  time:   [22.679 µs 22.796 µs 22.889 µs]
                        change: [−8.7788% −5.6593% −2.9456%] (p = 0.00 < 0.05)
                        Performance has improved.
Benchmarking ModuleWalk/imported/1x
Benchmarking ModuleWalk/imported/1x: Warming up for 2.0000 s
Benchmarking ModuleWalk/imported/1x: Collecting 20 samples in estimated 4.0546 s (14k iterations)
Benchmarking ModuleWalk/imported/1x: Analyzing
ModuleWalk/imported/1x  time:   [228.61 µs 230.77 µs 233.37 µs]
                        change: [−11.364% −7.1197% −3.1772%] (p = 0.00 < 0.05)
                        Performance has improved.
Found 1 outliers among 20 measurements (5.00%)
  1 (5.00%) high mild
Benchmarking ModuleWalk/calls/4x
Benchmarking ModuleWalk/calls/4x: Warming up for 2.0000 s
Benchmarking ModuleWalk/calls/4x: Collecting 20 samples in estimated 4.1704 s (5040 iterations)
Benchmarking ModuleWalk/calls/4x: Analyzing
ModuleWalk/calls/4x     time:   [606.52 µs 614.24 µs 623.54 µs]
                        change: [−6.9682% −5.3491% −3.8869%] (p = 0.00 < 0.05)
                        Performance has improved.
Found 1 outliers among 20 measurements (5.00%)
  1 (5.00%) high mild
Benchmarking ModuleWalk/no-calls/4x
Benchmarking ModuleWalk/no-calls/4x: Warming up for 2.0000 s
Benchmarking ModuleWalk/no-calls/4x: Collecting 20 samples in estimated 4.0371 s (16k iterations)
Benchmarking ModuleWalk/no-calls/4x: Analyzing
ModuleWalk/no-calls/4x  time:   [84.210 µs 84.755 µs 85.171 µs]
                        change: [−18.376% −10.511% −4.5470%] (p = 0.01 < 0.05)
                        Performance has improved.
Benchmarking ModuleWalk/imported/4x
Benchmarking ModuleWalk/imported/4x: Warming up for 2.0000 s
Benchmarking ModuleWalk/imported/4x: Collecting 20 samples in estimated 4.0385 s (3780 iterations)
Benchmarking ModuleWalk/imported/4x: Analyzing
ModuleWalk/imported/4x  time:   [840.66 µs 846.17 µs 851.14 µs]
                        change: [−6.9667% −4.9716% −2.8900%] (p = 0.00 < 0.05)
                        Performance has improved.

Benchmarking SeenModuleSource/kept/calls/1x
Benchmarking SeenModuleSource/kept/calls/1x: Warming up for 2.0000 s
Benchmarking SeenModuleSource/kept/calls/1x: Collecting 20 samples in estimated 4.0144 s (16k iterations)
Benchmarking SeenModuleSource/kept/calls/1x: Analyzing
SeenModuleSource/kept/calls/1x
                        time:   [203.59 µs 204.38 µs 205.20 µs]
                        change: [−11.394% −6.5554% −3.1697%] (p = 0.00 < 0.05)
                        Performance has improved.
Benchmarking SeenModuleSource/kept/no-calls/1x
Benchmarking SeenModuleSource/kept/no-calls/1x: Warming up for 2.0000 s
Benchmarking SeenModuleSource/kept/no-calls/1x: Collecting 20 samples in estimated 4.0035 s (39k iterations)
Benchmarking SeenModuleSource/kept/no-calls/1x: Analyzing
SeenModuleSource/kept/no-calls/1x
                        time:   [62.132 µs 63.594 µs 66.042 µs]
                        change: [−4.0335% −1.2797% +2.2380%] (p = 0.45 > 0.05)
                        No change in performance detected.
Found 3 outliers among 20 measurements (15.00%)
  1 (5.00%) low mild
  2 (10.00%) high severe
Benchmarking SeenModuleSource/kept/calls/4x
Benchmarking SeenModuleSource/kept/calls/4x: Warming up for 2.0000 s
Benchmarking SeenModuleSource/kept/calls/4x: Collecting 20 samples in estimated 4.1302 s (3990 iterations)
Benchmarking SeenModuleSource/kept/calls/4x: Analyzing
SeenModuleSource/kept/calls/4x
                        time:   [811.29 µs 818.83 µs 828.86 µs]
                        change: [−1.4345% −0.4928% +0.4451%] (p = 0.35 > 0.05)
                        No change in performance detected.
Found 1 outliers among 20 measurements (5.00%)
  1 (5.00%) high severe
Benchmarking SeenModuleSource/kept/no-calls/4x
Benchmarking SeenModuleSource/kept/no-calls/4x: Warming up for 2.0000 s
Benchmarking SeenModuleSource/kept/no-calls/4x: Collecting 20 samples in estimated 4.0267 s (9870 iterations)
Benchmarking SeenModuleSource/kept/no-calls/4x: Analyzing
SeenModuleSource/kept/no-calls/4x
                        time:   [239.53 µs 241.35 µs 243.08 µs]
                        change: [−2.2224% −0.6023% +0.8835%] (p = 0.47 > 0.05)
                        No change in performance detected.

Benchmarking StructuralKey/call/shallow
Benchmarking StructuralKey/call/shallow: Warming up for 2.0000 s
Benchmarking StructuralKey/call/shallow: Collecting 20 samples in estimated 4.0000 s (68M iterations)
Benchmarking StructuralKey/call/shallow: Analyzing
StructuralKey/call/shallow
                        time:   [58.281 ns 58.362 ns 58.442 ns]
                        change: [−1.4624% −1.2676% −1.0796%] (p = 0.00 < 0.05)
                        Performance has improved.
Benchmarking StructuralKey/call/member
Benchmarking StructuralKey/call/member: Warming up for 2.0000 s
Benchmarking StructuralKey/call/member: Collecting 20 samples in estimated 4.0000 s (62M iterations)
Benchmarking StructuralKey/call/member: Analyzing
StructuralKey/call/member
                        time:   [64.401 ns 64.543 ns 64.757 ns]
                        change: [−1.9014% −1.4608% −1.0125%] (p = 0.00 < 0.05)
                        Performance has improved.
Found 1 outliers among 20 measurements (5.00%)
  1 (5.00%) high mild
Benchmarking StructuralKey/call/nested
Benchmarking StructuralKey/call/nested: Warming up for 2.0000 s
Benchmarking StructuralKey/call/nested: Collecting 20 samples in estimated 4.0000 s (32M iterations)
Benchmarking StructuralKey/call/nested: Analyzing
StructuralKey/call/nested
                        time:   [123.12 ns 123.30 ns 123.51 ns]
                        change: [−6.5023% −3.6054% −1.8198%] (p = 0.01 < 0.05)
                        Performance has improved.

Benchmarking StateManager/new
Benchmarking StateManager/new: Warming up for 2.0000 s
Benchmarking StateManager/new: Collecting 20 samples in estimated 4.0000 s (9.3M iterations)
Benchmarking StateManager/new: Analyzing
StateManager/new        time:   [173.55 ns 176.59 ns 181.51 ns]
                        change: [−4.5740% −2.4181% −0.1638%] (p = 0.05 > 0.05)
                        No change in performance detected.

Benchmarking FullPipeline/calls/1x
Benchmarking FullPipeline/calls/1x: Warming up for 2.0000 s
Benchmarking FullPipeline/calls/1x: Collecting 20 samples in estimated 4.0629 s (13k iterations)
Benchmarking FullPipeline/calls/1x: Analyzing
FullPipeline/calls/1x   time:   [297.21 µs 301.13 µs 306.78 µs]
                        change: [−2.4035% −1.4603% −0.2982%] (p = 0.01 < 0.05)
                        Change within noise threshold.
Found 2 outliers among 20 measurements (10.00%)
  1 (5.00%) high mild
  1 (5.00%) high severe
Benchmarking FullPipeline/no-calls/1x
Benchmarking FullPipeline/no-calls/1x: Warming up for 2.0000 s
Benchmarking FullPipeline/no-calls/1x: Collecting 20 samples in estimated 4.0005 s (24k iterations)
Benchmarking FullPipeline/no-calls/1x: Analyzing
FullPipeline/no-calls/1x
                        time:   [143.36 µs 144.25 µs 145.46 µs]
                        change: [−0.2401% +0.5858% +1.4377%] (p = 0.19 > 0.05)
                        No change in performance detected.
Benchmarking FullPipeline/imported/1x
Benchmarking FullPipeline/imported/1x: Warming up for 2.0000 s
Benchmarking FullPipeline/imported/1x: Collecting 20 samples in estimated 4.0145 s (9870 iterations)
Benchmarking FullPipeline/imported/1x: Analyzing
FullPipeline/imported/1x
                        time:   [382.49 µs 395.40 µs 415.67 µs]
                        change: [−1.4184% +1.0101% +4.5777%] (p = 0.57 > 0.05)
                        No change in performance detected.
Found 1 outliers among 20 measurements (5.00%)
  1 (5.00%) high severe
Benchmarking FullPipeline/calls/4x
Benchmarking FullPipeline/calls/4x: Warming up for 2.0000 s
Benchmarking FullPipeline/calls/4x: Collecting 20 samples in estimated 4.1007 s (3150 iterations)
Benchmarking FullPipeline/calls/4x: Analyzing
FullPipeline/calls/4x   time:   [1.1790 ms 1.1887 ms 1.2011 ms]
                        change: [−3.8227% −1.6668% −0.0035%] (p = 0.11 > 0.05)
                        No change in performance detected.
Benchmarking FullPipeline/no-calls/4x
Benchmarking FullPipeline/no-calls/4x: Warming up for 2.0000 s
Benchmarking FullPipeline/no-calls/4x: Collecting 20 samples in estimated 4.0244 s (6300 iterations)
Benchmarking FullPipeline/no-calls/4x: Analyzing
FullPipeline/no-calls/4x
                        time:   [549.26 µs 551.11 µs 553.06 µs]
                        change: [−2.7828% −2.1749% −1.5533%] (p = 0.00 < 0.05)
                        Performance has improved.
Found 1 outliers among 20 measurements (5.00%)
  1 (5.00%) high mild
Benchmarking FullPipeline/imported/4x
Benchmarking FullPipeline/imported/4x: Warming up for 2.0000 s
Benchmarking FullPipeline/imported/4x: Collecting 20 samples in estimated 4.0927 s (2730 iterations)
Benchmarking FullPipeline/imported/4x: Analyzing
FullPipeline/imported/4x
                        time:   [1.3961 ms 1.4012 ms 1.4070 ms]
                        change: [−5.3201% −4.6412% −3.9760%] (p = 0.00 < 0.05)
                        Performance has improved.
Found 1 outliers among 20 measurements (5.00%)
  1 (5.00%) high mild

