### engine_fold_bench
                        time:   [158.50 µs 159.04 µs 159.82 µs]
                        time:   [2.2664 µs 2.2731 µs 2.2795 µs]
                        time:   [754.88 ns 757.89 ns 760.05 ns]
                        time:   [10.895 µs 10.917 µs 10.937 µs]
                        time:   [4.9810 µs 4.9966 µs 5.0157 µs]
                        time:   [5.7212 µs 5.7440 µs 5.7674 µs]
                        time:   [1.7302 µs 1.7375 µs 1.7457 µs]
                        time:   [5.5138 µs 5.5253 µs 5.5398 µs]
                        time:   [2.2205 µs 2.2258 µs 2.2298 µs]
                        time:   [5.0181 µs 5.1218 µs 5.2294 µs]
### evaluate_bench
                        time:   [28.741 µs 28.816 µs 28.883 µs]
                        time:   [16.610 µs 16.669 µs 16.748 µs]
                        time:   [8.7456 µs 8.7978 µs 8.8423 µs]
                        time:   [18.826 µs 18.977 µs 19.082 µs]
                        time:   [24.238 µs 24.323 µs 24.399 µs]
                        time:   [3.0484 ms 3.0565 ms 3.0653 ms]
                        time:   [2.5217 µs 2.5575 µs 2.5802 µs]
                        time:   [7.5748 µs 7.6614 µs 7.7140 µs]
### module_path_bench
ModuleWalk/calls/1x     time:   [149.30 µs 149.75 µs 150.29 µs]
ModuleWalk/no-calls/1x  time:   [21.602 µs 21.783 µs 21.910 µs]
ModuleWalk/imported/1x  time:   [220.77 µs 221.55 µs 222.06 µs]
ModuleWalk/calls/4x     time:   [589.25 µs 591.34 µs 593.11 µs]
ModuleWalk/no-calls/4x  time:   [80.899 µs 81.449 µs 81.811 µs]
ModuleWalk/imported/4x  time:   [818.22 µs 820.53 µs 822.28 µs]
                        time:   [199.80 µs 200.32 µs 200.77 µs]
                        time:   [59.360 µs 59.593 µs 59.778 µs]
                        time:   [791.76 µs 795.00 µs 799.03 µs]
                        time:   [232.30 µs 233.10 µs 233.78 µs]
                        time:   [58.783 ns 58.832 ns 58.889 ns]
                        time:   [63.219 ns 63.290 ns 63.382 ns]
                        time:   [121.66 ns 121.87 ns 122.13 ns]
StateManager/new        time:   [168.54 ns 169.07 ns 169.60 ns]
FullPipeline/calls/1x   time:   [292.03 µs 292.84 µs 293.74 µs]
                        time:   [138.63 µs 140.56 µs 143.76 µs]
                        time:   [364.48 µs 365.74 µs 366.72 µs]
FullPipeline/calls/4x   time:   [1.1443 ms 1.1478 ms 1.1511 ms]
                        time:   [538.65 µs 539.99 µs 541.58 µs]
                        time:   [1.3770 ms 1.3817 ms 1.3859 ms]
### transform_consumers_bench
                        time:   [1.2603 ms 1.2866 ms 1.3086 ms]
                        time:   [5.1422 ms 5.2019 ms 5.2694 ms]
                        time:   [22.362 ms 22.503 ms 22.629 ms]
                        time:   [1.1072 ms 1.1127 ms 1.1177 ms]
                        time:   [4.4307 ms 4.4897 ms 4.5523 ms]
                        time:   [18.798 ms 19.007 ms 19.170 ms]
PARENT CLEAN DONE

[exited with code 0]
