### engine_fold_bench
                        time:   [162.45 µs 163.93 µs 165.47 µs]
                        change: [+2.0559% +3.0353% +4.0474%] (p = 0.00 < 0.05)
                        time:   [2.3360 µs 2.3499 µs 2.3645 µs]
                        change: [+2.7643% +3.6923% +4.6170%] (p = 0.00 < 0.05)
                        time:   [766.26 ns 768.21 ns 770.24 ns]
                        change: [+0.7702% +1.3166% +1.8648%] (p = 0.00 < 0.05)
                        time:   [11.084 µs 11.190 µs 11.293 µs]
                        change: [+1.6842% +2.5995% +3.5085%] (p = 0.00 < 0.05)
                        time:   [5.0579 µs 5.0822 µs 5.1072 µs]
                        change: [+0.9119% +1.6045% +2.2480%] (p = 0.00 < 0.05)
                        time:   [6.0232 µs 6.0678 µs 6.1221 µs]
                        change: [+5.5415% +6.4298% +7.3708%] (p = 0.00 < 0.05)
                        time:   [1.7765 µs 1.7839 µs 1.7920 µs]
                        change: [+2.4239% +3.0880% +3.9653%] (p = 0.00 < 0.05)
                        time:   [5.8522 µs 5.8877 µs 5.9314 µs]
                        change: [+5.9609% +6.7632% +7.5952%] (p = 0.00 < 0.05)
                        time:   [2.2980 µs 2.3056 µs 2.3127 µs]
                        change: [+2.6109% +3.1822% +3.8067%] (p = 0.00 < 0.05)
                        time:   [5.2593 µs 5.3917 µs 5.4955 µs]
                        change: [+2.1015% +4.4253% +6.8528%] (p = 0.00 < 0.05)
### evaluate_bench
                        time:   [29.782 µs 29.907 µs 30.014 µs]
                        change: [+3.6800% +4.1495% +4.6429%] (p = 0.00 < 0.05)
                        time:   [17.272 µs 17.413 µs 17.548 µs]
                        change: [+2.2878% +3.5633% +4.7499%] (p = 0.00 < 0.05)
                        time:   [9.1707 µs 9.2426 µs 9.3054 µs]
                        change: [+3.1267% +4.3744% +5.4993%] (p = 0.00 < 0.05)
                        time:   [19.835 µs 20.013 µs 20.159 µs]
                        change: [+4.0980% +5.5309% +7.0174%] (p = 0.00 < 0.05)
                        time:   [25.153 µs 25.329 µs 25.478 µs]
                        change: [+2.3798% +3.3277% +4.2961%] (p = 0.00 < 0.05)
                        time:   [3.1078 ms 3.1255 ms 3.1471 ms]
                        change: [+1.6398% +2.2165% +2.8646%] (p = 0.00 < 0.05)
                        time:   [2.6359 µs 2.6676 µs 2.6918 µs]
                        change: [+3.3014% +5.1195% +7.0099%] (p = 0.00 < 0.05)
                        time:   [7.8861 µs 7.9504 µs 8.0022 µs]
                        change: [+1.6058% +3.8012% +6.1155%] (p = 0.00 < 0.05)
### module_path_bench
ModuleWalk/calls/1x     time:   [153.95 µs 155.47 µs 157.08 µs]
                        change: [+2.5403% +3.4094% +4.2737%] (p = 0.00 < 0.05)
ModuleWalk/no-calls/1x  time:   [22.448 µs 22.640 µs 22.802 µs]
                        change: [+3.0034% +4.0468% +5.1882%] (p = 0.00 < 0.05)
ModuleWalk/imported/1x  time:   [231.73 µs 233.58 µs 235.25 µs]
                        change: [+3.6909% +4.9321% +6.0488%] (p = 0.00 < 0.05)
ModuleWalk/calls/4x     time:   [604.64 µs 608.81 µs 612.54 µs]
                        change: [+2.2714% +2.8905% +3.5096%] (p = 0.00 < 0.05)
ModuleWalk/no-calls/4x  time:   [82.851 µs 83.584 µs 84.512 µs]
                        change: [+2.0216% +3.1788% +4.6794%] (p = 0.00 < 0.05)
ModuleWalk/imported/4x  time:   [838.82 µs 843.52 µs 847.79 µs]
                        change: [+1.8496% +2.4961% +3.1825%] (p = 0.00 < 0.05)
                        time:   [204.40 µs 205.60 µs 206.62 µs]
                        change: [+2.0843% +2.5426% +3.0597%] (p = 0.00 < 0.05)
                        time:   [61.706 µs 62.056 µs 62.343 µs]
                        change: [+2.8287% +3.5608% +4.3175%] (p = 0.00 < 0.05)
                        time:   [809.19 µs 814.95 µs 820.85 µs]
                        change: [+1.7200% +2.4172% +3.0816%] (p = 0.00 < 0.05)
                        time:   [238.46 µs 241.17 µs 243.73 µs]
                        change: [+2.4298% +3.2045% +4.0965%] (p = 0.00 < 0.05)
                        time:   [58.334 ns 58.544 ns 58.772 ns]
                        change: [−0.6848% −0.4091% −0.1229%] (p = 0.01 < 0.05)
                        time:   [64.609 ns 64.813 ns 64.994 ns]
                        change: [+2.3177% +2.6833% +3.1167%] (p = 0.00 < 0.05)
                        time:   [124.02 ns 124.67 ns 125.46 ns]
                        change: [+1.4451% +1.9128% +2.4313%] (p = 0.00 < 0.05)
StateManager/new        time:   [176.04 ns 179.30 ns 181.92 ns]
                        change: [+4.9625% +6.3787% +7.9522%] (p = 0.00 < 0.05)
FullPipeline/calls/1x   time:   [297.48 µs 298.76 µs 300.08 µs]
                        change: [+1.7948% +2.4011% +3.0249%] (p = 0.00 < 0.05)
                        time:   [141.87 µs 142.61 µs 143.26 µs]
                        change: [+0.8846% +2.1209% +3.0339%] (p = 0.00 < 0.05)
                        time:   [369.84 µs 373.40 µs 376.83 µs]
                        change: [+1.2830% +2.0843% +2.9601%] (p = 0.00 < 0.05)
FullPipeline/calls/4x   time:   [1.1743 ms 1.1856 ms 1.2004 ms]
                        change: [+2.6045% +3.8209% +5.3879%] (p = 0.00 < 0.05)
                        time:   [553.67 µs 556.75 µs 560.09 µs]
                        change: [+2.0740% +2.7983% +3.4944%] (p = 0.00 < 0.05)
                        time:   [1.4045 ms 1.4146 ms 1.4260 ms]
                        change: [+2.2066% +2.8897% +3.5860%] (p = 0.00 < 0.05)
### transform_consumers_bench
                        time:   [1.2640 ms 1.2799 ms 1.2947 ms]
                        change: [−1.5918% −0.0018% +1.5687%] (p = 1.00 > 0.05)
                        time:   [4.9781 ms 5.0604 ms 5.1479 ms]
                        change: [−4.7809% −2.9713% −1.1557%] (p = 0.00 < 0.05)
                        time:   [21.500 ms 21.811 ms 22.072 ms]
                        change: [−6.1082% −4.6145% −3.1837%] (p = 0.00 < 0.05)
                        time:   [1.0904 ms 1.0977 ms 1.1046 ms]
                        change: [−1.8047% −0.8204% +0.3147%] (p = 0.14 > 0.05)
                        time:   [4.3458 ms 4.3967 ms 4.4521 ms]
                        change: [−3.0065% −1.7256% −0.3431%] (p = 0.02 < 0.05)
                        time:   [18.265 ms 18.452 ms 18.665 ms]
                        change: [−3.5609% −2.2810% −0.9031%] (p = 0.00 < 0.05)
FINAL AB DONE

[exited with code 0]
