   Compiling proc-macro2 v1.0.106
   Compiling unicode-ident v1.0.24
   Compiling quote v1.0.47
   Compiling cfg-if v1.0.4
   Compiling serde_core v1.0.229
   Compiling memchr v2.8.0
   Compiling allocator-api2 v0.2.21
   Compiling libc v0.2.186
   Compiling once_cell v1.21.4
   Compiling stable_deref_trait v1.2.1
   Compiling serde v1.0.229
   Compiling foldhash v0.2.0
   Compiling equivalent v1.0.2
   Compiling itoa v1.0.18
   Compiling version_check v0.9.5
   Compiling smallvec v1.15.1
   Compiling rustc-hash v2.1.3
   Compiling hashbrown v0.17.1
   Compiling autocfg v1.5.0
   Compiling writeable v0.6.4
   Compiling siphasher v1.0.2
   Compiling litemap v0.8.2
   Compiling pin-project-lite v0.2.17
   Compiling zmij v1.0.21
   Compiling serde_json v1.0.151
   Compiling zerocopy v0.8.48
   Compiling num-traits v0.2.19
   Compiling ahash v0.8.12
   Compiling icu_properties_data v2.3.0
   Compiling syn v2.0.117
   Compiling syn v3.0.4
   Compiling utf8_iter v1.0.4
   Compiling icu_normalizer_data v2.3.0
   Compiling anyhow v1.0.104
   Compiling either v1.15.0
   Compiling parking_lot_core v0.9.12
   Compiling write16 v1.0.0
   Compiling utf16_iter v1.0.5
   Compiling scopeguard v1.2.0
   Compiling percent-encoding v2.3.2
   Compiling lock_api v0.4.14
   Compiling tracing-core v0.1.36
   Compiling radium v0.7.0
   Compiling num-integer v0.1.47
   Compiling find-msvc-tools v0.1.9
   Compiling shlex v1.3.0
   Compiling tap v1.0.1
   Compiling cc v1.2.61
   Compiling bitflags v2.13.1
   Compiling wyz v0.5.1
   Compiling form_urlencoded v1.2.2
   Compiling outref v0.5.2
   Compiling uuid v1.23.1
   Compiling bytes v1.11.1
   Compiling new_debug_unreachable v1.0.6
   Compiling vsimd v0.8.0
   Compiling funty v2.0.0
   Compiling indexmap v2.14.0
   Compiling termcolor v1.4.1
   Compiling unicode-id-start v1.4.0
   Compiling base64-simd v0.8.0
   Compiling unicode-width v0.2.2
   Compiling bitvec v1.0.1
   Compiling if_chain v1.0.3
   Compiling data-encoding v2.11.0
   Compiling aho-corasick v1.1.4
   Compiling scoped-tls v1.0.1
   Compiling cbor4ii v1.2.2
   Compiling heck v0.5.0
   Compiling regex-syntax v0.8.10
   Compiling synstructure v0.13.2
   Compiling swc_macros_common v1.0.1
   Compiling better_scoped_tls v1.0.1
   Compiling swc_visit v2.0.1
   Compiling hashbrown v0.14.5
   Compiling parking_lot v0.12.5
   Compiling siphasher v0.3.11
   Compiling static_assertions v1.1.0
   Compiling crossbeam-utils v0.8.21
   Compiling rustversion v1.0.22
   Compiling rand_core v0.6.4
   Compiling serde_derive v1.0.229
   Compiling zerofrom-derive v0.1.7
   Compiling yoke-derive v0.8.2
   Compiling displaydoc v0.2.5
   Compiling zerovec-derive v0.11.6
   Compiling tracing-attributes v0.1.31
   Compiling swc_eq_ignore_macros v1.0.1
   Compiling from_variant v3.0.0
   Compiling ast_node v6.1.0
   Compiling zerofrom v0.1.7
   Compiling yoke v0.8.3
   Compiling regex-automata v0.4.16
   Compiling rand v0.8.6
   Compiling phf_shared v0.11.3
   Compiling zerovec v0.11.8
   Compiling zerotrie v0.2.5
   Compiling tracing v0.1.44
   Compiling phf_generator v0.11.3
   Compiling object v0.37.3
   Compiling phf_macros v0.11.3
   Compiling ryu v1.0.23
   Compiling is-macro v0.3.7
   Compiling string_enum v1.0.2
   Compiling tinystr v0.8.4
   Compiling potential_utf v0.1.5
   Compiling icu_locale_core v2.3.0
   Compiling icu_collections v2.3.0
   Compiling phf v0.11.3
   Compiling castaway v0.2.4
   Compiling fastrand v2.3.0
   Compiling hashbrown v0.16.1
   Compiling typenum v1.19.0
   Compiling generic-array v0.14.9
   Compiling bytes-str v0.2.7
   Compiling debugid v0.8.0
   Compiling triomphe v0.1.15
   Compiling num-bigint v0.4.6
   Compiling dragonbox_ecma v0.1.12
   Compiling stacker v0.1.24
   Compiling hstr v4.0.0
   Compiling icu_provider v2.3.1
   Compiling par-core v2.0.0
   Compiling log v0.4.33
   Compiling compact_str v0.7.1
   Compiling dashmap v6.2.1
   Compiling swc_atoms v10.0.0
   Compiling icu_properties v2.3.0
   Compiling icu_normalizer v2.3.0
   Compiling num_cpus v1.17.0
   Compiling phf_shared v0.14.0
   Compiling regress v0.11.1
   Compiling seq-macro v0.3.6
   Compiling regex v1.12.3
   Compiling idna_adapter v1.2.2
   Compiling idna v1.1.0
   Compiling ar_archive_writer v0.5.1
   Compiling phf_generator v0.14.0
   Compiling url v2.5.8
   Compiling phf_macros v0.14.0
   Compiling crypto-common v0.1.6
   Compiling block-buffer v0.10.4
   Compiling owo-colors v4.2.2
   Compiling swc_sourcemap v10.0.2
   Compiling psm v0.1.31
   Compiling rustix v1.1.4
   Compiling phf v0.14.0
   Compiling digest v0.10.7
   Compiling errno v0.3.14
   Compiling cpufeatures v0.2.17
   Compiling bstr v1.12.1
   Compiling unicode-linebreak v0.1.5
   Compiling swc_common v24.0.0
   Compiling camino v1.1.11
   Compiling thiserror v1.0.69
   Compiling globset v0.4.18
   Compiling textwrap v0.16.2
   Compiling thiserror-impl v1.0.69
   Compiling miette-derive v7.6.0
   Compiling swc_config_macro v1.0.1
   Compiling swc_ecma_ast v27.0.0
   Compiling bumpalo v3.20.2
   Compiling getrandom v0.3.4
   Compiling lazy_static v1.5.0
   Compiling unicode-width v0.1.14
   Compiling sharded-slab v0.1.7
   Compiling swc_allocator v5.0.0
   Compiling swc_config v6.0.0
   Compiling miette v7.6.0
   Compiling matchers v0.2.0
   Compiling tracing-log v0.2.0
   Compiling cargo-platform v0.1.9
   Compiling swc_ecma_codegen_macros v2.0.2
   Compiling semver v1.0.28
   Compiling thread_local v1.1.9
   Compiling relative-path v1.9.3
   Compiling glob v0.3.4
   Compiling ascii v1.1.0
   Compiling diff v0.1.13
   Compiling yansi v1.0.1
   Compiling base64 v0.22.1
   Compiling nu-ansi-term v0.50.1
   Compiling pretty_assertions v1.4.1
   Compiling testing_macros v1.0.1
   Compiling tracing-subscriber v0.3.20
   Compiling cargo_metadata v0.18.1
   Compiling swc_error_reporters v26.0.0
   Compiling difference v2.0.0
   Compiling tempfile v3.21.0
   Compiling sha2 v0.10.9
   Compiling sha1 v0.10.6
   Compiling hex v0.4.3
   Compiling stylex_constants v0.18.6-rc.1 (/Users/vladislavbuinovski/Projects/Facebook/stylex-swc-plugin.git/leg2-nocdylib/crates/stylex-constants)
   Compiling swc_core v75.0.0
   Compiling ansi_term v0.12.1
   Compiling testing v25.0.0
   Compiling swc_transform_common v18.0.0
   Compiling swc_plugin_macro v1.1.1
   Compiling swc_plugin v1.0.1
   Compiling radix_fmt v1.0.0
   Compiling colored v3.1.1
   Compiling xxhash-rust v0.8.18
   Compiling swc_ecma_testing v25.0.0
   Compiling stylex_macros v0.18.6-rc.1 (/Users/vladislavbuinovski/Projects/Facebook/stylex-swc-plugin.git/leg2-nocdylib/crates/stylex-macros)
   Compiling murmur2 v0.1.0
   Compiling arrayvec v0.7.8
   Compiling futures-core v0.3.32
   Compiling unicode-segmentation v1.13.2
   Compiling futures-io v0.3.32
   Compiling ryu-js v1.0.3
   Compiling strsim v0.11.1
   Compiling thiserror v2.0.20
   Compiling ident_case v1.0.1
   Compiling fnv v1.0.7
   Compiling darling_core v0.20.11
   Compiling thiserror-impl v2.0.20
   Compiling swc_ecma_visit v27.0.0
   Compiling swc_plugin_proxy v28.0.0
   Compiling futures-sink v0.3.32
   Compiling fixedbitset v0.5.7
   Compiling futures-channel v0.3.32
   Compiling futures-macro v0.3.32
   Compiling crc32fast v1.5.0
   Compiling icu_locale_fallback_data v2.3.0
   Compiling bit-vec v0.8.0
   Compiling slab v0.4.12
   Compiling futures-task v0.3.32
   Compiling bit-set v0.8.0
   Compiling futures-util v0.3.32
   Compiling link-section v0.19.2
   Compiling libm v0.2.16
   Compiling zlib-rs v0.5.4
   Compiling linktime-proc-macro v0.2.2
   Compiling napi-build v2.4.0
   Compiling pathdiff v0.2.3
   Compiling fancy-regex v0.19.0
   Compiling napi v3.12.0
   Compiling petgraph v0.7.1
   Compiling darling_macro v0.20.11
   Compiling convert_case v0.11.0
   Compiling ctor v1.0.12
   Compiling convert_case v0.10.0
   Compiling darling v0.20.11
   Compiling derive_builder_core v0.20.2
   Compiling halfbrown v0.4.0
   Compiling synstructure v0.14.0
   Compiling float-cmp v0.10.0
   Compiling phf_shared v0.13.1
   Compiling nibble_vec v0.1.0
   Compiling libloading v0.9.0
   Compiling endian-type v0.2.0
   Compiling unicode-xid v0.2.6
   Compiling swc_ecma_utils v33.0.0
   Compiling swc_ecma_parser v43.0.0
   Compiling swc_ecma_hooks v0.11.0
   Compiling winnow v1.0.4
   Compiling pastey v0.2.3
   Compiling swc_ecma_codegen v30.0.0
   Compiling futures-executor v0.3.32
   Compiling libz-rs-sys v0.5.4
   Compiling parking v2.2.1
   Compiling fast-float2 v0.2.4
   Compiling cow-utils v0.1.3
   Compiling flate2 v1.1.5
   Compiling boa_macros v0.22.0
   Compiling boa_string v0.22.0
   Compiling futures v0.3.32
   Compiling toml_parser v1.1.3+spec-1.1.0
   Compiling derive_builder_macro v0.20.2
   Compiling derive_more-impl v2.1.1
   Compiling radix_trie v0.3.0
   Compiling napi-sys v3.3.0
   Compiling phf_generator v0.13.1
   Compiling value-trait v0.12.1
   Compiling napi-derive-backend v6.1.1
   Compiling icu_locale_fallback v2.3.0
   Compiling par-iter v2.0.0
   Compiling is-terminal v0.4.15
   Compiling concurrent_lru v0.2.0
   Compiling nodejs-built-in-modules v1.0.0
   Compiling toml_datetime v1.1.1+spec-1.1.0
   Compiling icu_calendar_data v2.3.0
   Compiling byteorder v1.5.0
   Compiling nohash-hasher v0.2.0
   Compiling humantime v2.1.0
   Compiling thin-vec v0.2.19
   Compiling simdutf8 v0.1.5
   Compiling crossbeam-epoch v0.9.20
   Compiling env_logger v0.10.2
   Compiling simd-json v0.17.0
   Compiling swc_ecma_transforms_base v47.0.0
   Compiling boa_gc v0.22.0
   Compiling core_maths v0.1.1
   Compiling pnp v0.12.11
   Compiling derive_more v2.1.1
   Compiling toml_edit v0.25.13+spec-1.1.0
   Compiling phf_macros v0.13.1
   Compiling swc_ecma_transforms_react v53.0.0
   Compiling swc_ecma_transforms_testing v51.0.0
   Compiling swc_ecma_transforms_optimization v50.0.0
   Compiling napi-derive v3.6.2
   Compiling derive_builder v0.20.2
   Compiling stylex_regex v0.18.6-rc.1 (/Users/vladislavbuinovski/Projects/Facebook/stylex-swc-plugin.git/leg2-nocdylib/crates/stylex-regex)
   Compiling swc_ecma_transforms_typescript v53.0.0
   Compiling stylex_utils v0.18.6-rc.1 (/Users/vladislavbuinovski/Projects/Facebook/stylex-swc-plugin.git/leg2-nocdylib/crates/stylex-utils)
   Compiling stylex_enums v0.18.6-rc.1 (/Users/vladislavbuinovski/Projects/Facebook/stylex-swc-plugin.git/leg2-nocdylib/crates/stylex-enums)
   Compiling stylex_ast v0.18.6-rc.1 (/Users/vladislavbuinovski/Projects/Facebook/stylex-swc-plugin.git/leg2-nocdylib/crates/stylex-ast)
   Compiling stylex_structures v0.18.6-rc.1 (/Users/vladislavbuinovski/Projects/Facebook/stylex-swc-plugin.git/leg2-nocdylib/crates/stylex-structures)
   Compiling swc_ecma_minifier v59.0.0
   Compiling rustc_version v0.4.1
   Compiling fast-glob v1.0.0
   Compiling compact_str v0.9.0
   Compiling strum_macros v0.28.0
   Compiling json-strip-comments v3.1.0
   Compiling dtoa v1.0.10
   Compiling getrandom v0.4.3
   Compiling self_cell v1.2.1
   Compiling icu_collator_data v2.3.0
   Compiling rand_core v0.10.1
   Compiling dtoa-short v0.3.5
   Compiling oxc_resolver v11.24.2
   Compiling phf v0.13.1
   Compiling float16 v0.1.7
   Compiling stylex_types v0.18.6-rc.1 (/Users/vladislavbuinovski/Projects/Facebook/stylex-swc-plugin.git/leg2-nocdylib/crates/stylex-types)
   Compiling stylex_state_index v0.18.6-rc.1 (/Users/vladislavbuinovski/Projects/Facebook/stylex-swc-plugin.git/leg2-nocdylib/crates/stylex-state-index)
   Compiling package-json v0.5.0
   Compiling proc-macro-crate v3.5.0
   Compiling strum v0.28.0
   Compiling boa_interner v0.22.0
   Compiling calendrical_calculations v0.2.4
   Compiling pretty_env_logger v0.5.0
   Compiling event-listener v5.4.2
   Compiling num-bigint v0.5.1
   Compiling pin-project-internal v1.1.13
   Compiling cssparser-macros v0.7.0
   Compiling equator-macro v0.4.2
   Compiling libmimalloc-sys v0.1.49
   Compiling swc_compiler_base v62.0.0
   Compiling path-clean v1.0.1
   Compiling portable-atomic v1.15.0
   Compiling time-core v0.1.9
   Compiling num-conv v0.2.2
   Compiling rayon-core v1.13.0
   Compiling time-macros v0.2.32
   Compiling boa_ast v0.22.0
   Compiling stylex_diagnostics v0.18.6-rc.1 (/Users/vladislavbuinovski/Projects/Facebook/stylex-swc-plugin.git/leg2-nocdylib/crates/stylex-diagnostics)
   Compiling pin-project v1.1.13
   Compiling stylex_path_resolver v0.18.6-rc.1 (/Users/vladislavbuinovski/Projects/Facebook/stylex-swc-plugin.git/leg2-nocdylib/crates/stylex-path-resolver)
   Compiling equator v0.4.2
   Compiling cssparser v0.37.0
   Compiling event-listener-strategy v0.5.4
   Compiling icu_calendar v2.3.0
   Compiling crossbeam-deque v0.8.6
   Compiling num_enum_derive v0.7.6
   Compiling chacha20 v0.10.2
   Compiling futures-lite v2.6.1
   Compiling stylex_styleq v0.18.6-rc.1 (/Users/vladislavbuinovski/Projects/Facebook/stylex-swc-plugin.git/leg2-nocdylib/crates/stylex-styleq)
   Compiling timezone_provider v0.2.6
   Compiling concurrent-queue v2.5.0
   Compiling dynify-macros v0.1.2
   Compiling bytemuck_derive v1.12.0
   Compiling alloca v0.4.0
   Compiling num_threads v0.1.7
   Compiling regress v0.12.0
   Compiling half v2.6.0
   Compiling ciborium-io v0.2.2
   Compiling clap_lex v1.0.0
   Compiling powerfmt v0.2.0
   Compiling plotters-backend v0.3.7
   Compiling ixdtf v0.6.6
   Compiling deranged v0.5.8
   Compiling anstyle v1.0.14
   Compiling bytemuck v1.25.2
   Compiling temporal_rs v0.2.6
   Compiling clap_builder v4.6.6
   Compiling plotters-svg v0.3.7
   Compiling ciborium-ll v0.2.2
   Compiling dynify v0.1.2
   Compiling async-channel v2.5.0
   Compiling time v0.3.55
   Compiling futures-concurrency v7.7.1
   Compiling boa_parser v0.22.0
   Compiling stylex_state v0.18.6-rc.1 (/Users/vladislavbuinovski/Projects/Facebook/stylex-swc-plugin.git/leg2-nocdylib/crates/stylex-state)
   Compiling rand v0.10.2
   Compiling icu_collator v2.3.1
   Compiling num_enum v0.7.6
   Compiling stylex_css_parser v0.18.6-rc.1 (/Users/vladislavbuinovski/Projects/Facebook/stylex-swc-plugin.git/leg2-nocdylib/crates/stylex-css-parser)
   Compiling aligned-vec v0.6.4
   Compiling small_btree v0.1.0
   Compiling itertools v0.15.0
   Compiling itertools v0.13.0
   Compiling intrusive-collections v0.10.3
   Compiling postcss_value_parser v0.18.6-rc.1 (/Users/vladislavbuinovski/Projects/Facebook/stylex-swc-plugin.git/leg2-nocdylib/crates/postcss-value-parser)
   Compiling xsum v0.1.6
   Compiling cast v0.3.0
   Compiling same-file v1.0.6
   Compiling tag_ptr v0.1.0
   Compiling oneshot v0.2.1
   Compiling walkdir v2.5.0
   Compiling rayon v1.11.0
   Compiling criterion-plot v0.8.2
   Compiling stylex_css v0.18.6-rc.1 (/Users/vladislavbuinovski/Projects/Facebook/stylex-swc-plugin.git/leg2-nocdylib/crates/stylex-css)
   Compiling stylex_declarations v0.18.6-rc.1 (/Users/vladislavbuinovski/Projects/Facebook/stylex-swc-plugin.git/leg2-nocdylib/crates/stylex-declarations)
   Compiling clap v4.6.6
   Compiling mimalloc v0.1.52
   Compiling ciborium v0.2.2
   Compiling boa_engine v0.22.0
   Compiling plotters v0.3.7
   Compiling stylex_nested_config v0.18.6-rc.1 (/Users/vladislavbuinovski/Projects/Facebook/stylex-swc-plugin.git/leg2-nocdylib/crates/stylex-nested-config)
   Compiling stylex_evaluator v0.18.6-rc.1 (/Users/vladislavbuinovski/Projects/Facebook/stylex-swc-plugin.git/leg2-nocdylib/crates/stylex-evaluator)
   Compiling stylex_atoms v0.18.6-rc.1 (/Users/vladislavbuinovski/Projects/Facebook/stylex-swc-plugin.git/leg2-nocdylib/crates/stylex-atoms)
   Compiling stylex_js v0.18.6-rc.1 (/Users/vladislavbuinovski/Projects/Facebook/stylex-swc-plugin.git/leg2-nocdylib/crates/stylex-js)
   Compiling tinytemplate v1.2.1
   Compiling page_size v0.6.0
   Compiling console v0.16.3
   Compiling similar v2.7.0
   Compiling oorandom v11.1.5
   Compiling anes v0.1.6
   Compiling criterion v0.8.2
   Compiling insta v1.48.0
   Compiling swc_malloc v1.2.5
   Compiling stylex_transform v0.18.6-rc.1 (/Users/vladislavbuinovski/Projects/Facebook/stylex-swc-plugin.git/leg2-nocdylib/crates/stylex-transform)
    Finished `bench` profile [optimized + debuginfo] target(s) in 7m 05s
     Running benches/concatenation_chain_bench.rs (/Users/vladislavbuinovski/Projects/Facebook/stylex-swc-plugin.git/target-leg2b/release/deps/concatenation_chain_bench-5199876047d3967f)
Benchmarking ConcatenationChain/links/2
Benchmarking ConcatenationChain/links/2: Warming up for 2.0000 s
Benchmarking ConcatenationChain/links/2: Collecting 20 samples in estimated 4.1355 s (5670 iterations)
Benchmarking ConcatenationChain/links/2: Analyzing
ConcatenationChain/links/2
                        time:   [725.56 µs 735.26 µs 747.50 µs]
                        change: [−1.5707% −0.3469% +0.8218%] (p = 0.61 > 0.05)
                        No change in performance detected.
Found 5 outliers among 20 measurements (25.00%)
  1 (5.00%) low severe
  1 (5.00%) low mild
  1 (5.00%) high mild
  2 (10.00%) high severe
Benchmarking ConcatenationChain/links/5
Benchmarking ConcatenationChain/links/5: Warming up for 2.0000 s
Benchmarking ConcatenationChain/links/5: Collecting 20 samples in estimated 4.1325 s (4200 iterations)
Benchmarking ConcatenationChain/links/5: Analyzing
ConcatenationChain/links/5
                        time:   [979.55 µs 982.95 µs 988.97 µs]
                        change: [−5.5444% −3.1244% −1.4083%] (p = 0.00 < 0.05)
                        Performance has improved.
Found 4 outliers among 20 measurements (20.00%)
  1 (5.00%) low severe
  1 (5.00%) high mild
  2 (10.00%) high severe
Benchmarking ConcatenationChain/links/10
Benchmarking ConcatenationChain/links/10: Warming up for 2.0000 s
Benchmarking ConcatenationChain/links/10: Collecting 20 samples in estimated 4.1732 s (3150 iterations)
Benchmarking ConcatenationChain/links/10: Analyzing
ConcatenationChain/links/10
                        time:   [1.3183 ms 1.3201 ms 1.3219 ms]
                        change: [−6.4374% −4.1172% −2.2452%] (p = 0.00 < 0.05)
                        Performance has improved.
Benchmarking ConcatenationChain/links/20
Benchmarking ConcatenationChain/links/20: Warming up for 2.0000 s
Benchmarking ConcatenationChain/links/20: Collecting 20 samples in estimated 4.1865 s (2100 iterations)
Benchmarking ConcatenationChain/links/20: Analyzing
ConcatenationChain/links/20
                        time:   [1.9879 ms 1.9944 ms 2.0000 ms]
                        change: [−12.244% −5.3932% −1.2360%] (p = 0.13 > 0.05)
                        No change in performance detected.
Found 1 outliers among 20 measurements (5.00%)
  1 (5.00%) high severe

   Compiling stylex_transform v0.18.6-rc.1 (/Users/vladislavbuinovski/Projects/Facebook/stylex-swc-plugin.git/leg2-nocdylib/crates/stylex-transform)
    Finished `bench` profile [optimized + debuginfo] target(s) in 4m 42s
     Running benches/engine_fold_bench.rs (/Users/vladislavbuinovski/Projects/Facebook/stylex-swc-plugin.git/target-leg2b/release/deps/engine_fold_bench-b82227dc7f87fc7b)
Benchmarking EngineFoldColdStart/build-and-answer
Benchmarking EngineFoldColdStart/build-and-answer: Warming up for 2.0000 s
Benchmarking EngineFoldColdStart/build-and-answer: Collecting 20 samples in estimated 4.0266 s (25k iterations)
Benchmarking EngineFoldColdStart/build-and-answer: Analyzing
EngineFoldColdStart/build-and-answer
                        time:   [158.60 µs 158.97 µs 159.44 µs]
                        change: [−4.7897% −3.5407% −2.4369%] (p = 0.00 < 0.05)
                        Performance has improved.

Benchmarking EngineFoldRoundTrip/engine/string
Benchmarking EngineFoldRoundTrip/engine/string: Warming up for 2.0000 s
Benchmarking EngineFoldRoundTrip/engine/string: Collecting 20 samples in estimated 4.0003 s (1.7M iterations)
Benchmarking EngineFoldRoundTrip/engine/string: Analyzing
EngineFoldRoundTrip/engine/string
                        time:   [2.3058 µs 2.3142 µs 2.3221 µs]
                        change: [−3.3306% −2.3424% −1.4668%] (p = 0.00 < 0.05)
                        Performance has improved.
Found 2 outliers among 20 measurements (10.00%)
  2 (10.00%) high mild
Benchmarking EngineFoldRoundTrip/fold/string
Benchmarking EngineFoldRoundTrip/fold/string: Warming up for 2.0000 s
Benchmarking EngineFoldRoundTrip/fold/string: Collecting 20 samples in estimated 4.0001 s (4.0M iterations)
Benchmarking EngineFoldRoundTrip/fold/string: Analyzing
EngineFoldRoundTrip/fold/string
                        time:   [762.79 ns 763.97 ns 765.14 ns]
                        change: [−2.1140% −1.6159% −1.1387%] (p = 0.00 < 0.05)
                        Performance has improved.
Found 2 outliers among 20 measurements (10.00%)
  1 (5.00%) low mild
  1 (5.00%) high mild
Benchmarking EngineFoldRoundTrip/engine/callback
Benchmarking EngineFoldRoundTrip/engine/callback: Warming up for 2.0000 s
Benchmarking EngineFoldRoundTrip/engine/callback: Collecting 20 samples in estimated 4.0014 s (361k iterations)
Benchmarking EngineFoldRoundTrip/engine/callback: Analyzing
EngineFoldRoundTrip/engine/callback
                        time:   [10.969 µs 10.989 µs 11.011 µs]
                        change: [−1.8316% −1.3101% −0.7711%] (p = 0.00 < 0.05)
                        Change within noise threshold.
Found 3 outliers among 20 measurements (15.00%)
  1 (5.00%) low mild
  2 (10.00%) high severe
Benchmarking EngineFoldRoundTrip/fold/callback
Benchmarking EngineFoldRoundTrip/fold/callback: Warming up for 2.0000 s
Benchmarking EngineFoldRoundTrip/fold/callback: Collecting 20 samples in estimated 4.0003 s (759k iterations)
Benchmarking EngineFoldRoundTrip/fold/callback: Analyzing
EngineFoldRoundTrip/fold/callback
                        time:   [5.0137 µs 5.0276 µs 5.0439 µs]
                        change: [−1.9300% −1.4777% −0.9760%] (p = 0.00 < 0.05)
                        Change within noise threshold.
Found 3 outliers among 20 measurements (15.00%)
  1 (5.00%) low severe
  2 (10.00%) high mild
Benchmarking EngineFoldRoundTrip/engine/chain
Benchmarking EngineFoldRoundTrip/engine/chain: Warming up for 2.0000 s
Benchmarking EngineFoldRoundTrip/engine/chain: Collecting 20 samples in estimated 4.0002 s (691k iterations)
Benchmarking EngineFoldRoundTrip/engine/chain: Analyzing
EngineFoldRoundTrip/engine/chain
                        time:   [5.7944 µs 5.8108 µs 5.8284 µs]
                        change: [−6.0105% −4.3350% −2.9827%] (p = 0.00 < 0.05)
                        Performance has improved.
Found 1 outliers among 20 measurements (5.00%)
  1 (5.00%) high mild
Benchmarking EngineFoldRoundTrip/fold/chain
Benchmarking EngineFoldRoundTrip/fold/chain: Warming up for 2.0000 s
Benchmarking EngineFoldRoundTrip/fold/chain: Collecting 20 samples in estimated 4.0001 s (2.0M iterations)
Benchmarking EngineFoldRoundTrip/fold/chain: Analyzing
EngineFoldRoundTrip/fold/chain
                        time:   [1.7553 µs 1.7592 µs 1.7630 µs]
                        change: [−3.5708% −2.9206% −2.3124%] (p = 0.00 < 0.05)
                        Performance has improved.
Found 2 outliers among 20 measurements (10.00%)
  1 (5.00%) low mild
  1 (5.00%) high mild
Benchmarking EngineFoldRoundTrip/engine/array-answer
Benchmarking EngineFoldRoundTrip/engine/array-answer: Warming up for 2.0000 s
Benchmarking EngineFoldRoundTrip/engine/array-answer: Collecting 20 samples in estimated 4.0010 s (718k iterations)
Benchmarking EngineFoldRoundTrip/engine/array-answer: Analyzing
EngineFoldRoundTrip/engine/array-answer
                        time:   [5.6066 µs 5.6438 µs 5.6793 µs]
                        change: [−5.4779% −4.7642% −4.0388%] (p = 0.00 < 0.05)
                        Performance has improved.
Benchmarking EngineFoldRoundTrip/fold/array-answer
Benchmarking EngineFoldRoundTrip/fold/array-answer: Warming up for 2.0000 s
Benchmarking EngineFoldRoundTrip/fold/array-answer: Collecting 20 samples in estimated 4.0005 s (1.6M iterations)
Benchmarking EngineFoldRoundTrip/fold/array-answer: Analyzing
EngineFoldRoundTrip/fold/array-answer
                        time:   [2.2552 µs 2.2596 µs 2.2637 µs]
                        change: [−3.6639% −3.0584% −2.4590%] (p = 0.00 < 0.05)
                        Performance has improved.
Benchmarking EngineFoldRoundTrip/fold-distinct
Benchmarking EngineFoldRoundTrip/fold-distinct: Warming up for 2.0000 s
Benchmarking EngineFoldRoundTrip/fold-distinct: Collecting 20 samples in estimated 4.0002 s (655k iterations)
Benchmarking EngineFoldRoundTrip/fold-distinct: Analyzing
EngineFoldRoundTrip/fold-distinct
                        time:   [5.0359 µs 5.1386 µs 5.2346 µs]
                        change: [−11.694% −9.8711% −7.8703%] (p = 0.00 < 0.05)
                        Performance has improved.
Found 1 outliers among 20 measurements (5.00%)
  1 (5.00%) high mild

   Compiling stylex_transform v0.18.6-rc.1 (/Users/vladislavbuinovski/Projects/Facebook/stylex-swc-plugin.git/leg2-nocdylib/crates/stylex-transform)
    Finished `bench` profile [optimized + debuginfo] target(s) in 4m 35s
     Running benches/evaluate_bench.rs (/Users/vladislavbuinovski/Projects/Facebook/stylex-swc-plugin.git/target-leg2b/release/deps/evaluate_bench-bb7c2d1bdac0e860)
Benchmarking EvaluatePerfFixtures/colors.stylex.js
Benchmarking EvaluatePerfFixtures/colors.stylex.js: Warming up for 2.0000 s
Benchmarking EvaluatePerfFixtures/colors.stylex.js: Collecting 20 samples in estimated 4.0007 s (118k iterations)
Benchmarking EvaluatePerfFixtures/colors.stylex.js: Analyzing
EvaluatePerfFixtures/colors.stylex.js
                        time:   [29.153 µs 29.233 µs 29.309 µs]
                        change: [−3.2505% −2.4791% −1.6858%] (p = 0.00 < 0.05)
                        Performance has improved.
Benchmarking EvaluatePerfFixtures/sizes.stylex.js
Benchmarking EvaluatePerfFixtures/sizes.stylex.js: Warming up for 2.0000 s
Benchmarking EvaluatePerfFixtures/sizes.stylex.js: Collecting 20 samples in estimated 4.0041 s (201k iterations)
Benchmarking EvaluatePerfFixtures/sizes.stylex.js: Analyzing
EvaluatePerfFixtures/sizes.stylex.js
                        time:   [16.891 µs 17.044 µs 17.161 µs]
                        change: [−3.1342% −1.9370% −0.7632%] (p = 0.00 < 0.05)
                        Change within noise threshold.
Benchmarking EvaluatePerfFixtures/create-basic.js
Benchmarking EvaluatePerfFixtures/create-basic.js: Warming up for 2.0000 s
Benchmarking EvaluatePerfFixtures/create-basic.js: Collecting 20 samples in estimated 4.0010 s (351k iterations)
Benchmarking EvaluatePerfFixtures/create-basic.js: Analyzing
EvaluatePerfFixtures/create-basic.js
                        time:   [8.9780 µs 9.0414 µs 9.0945 µs]
                        change: [−0.7080% +0.2423% +1.1977%] (p = 0.63 > 0.05)
                        No change in performance detected.
Found 1 outliers among 20 measurements (5.00%)
  1 (5.00%) high mild
Benchmarking EvaluatePerfFixtures/create-complex.js
Benchmarking EvaluatePerfFixtures/create-complex.js: Warming up for 2.0000 s
Benchmarking EvaluatePerfFixtures/create-complex.js: Collecting 20 samples in estimated 4.0049 s (107k iterations)
Benchmarking EvaluatePerfFixtures/create-complex.js: Analyzing
EvaluatePerfFixtures/create-complex.js
                        time:   [19.289 µs 19.497 µs 19.706 µs]
                        change: [−0.6419% +0.9297% +2.5576%] (p = 0.26 > 0.05)
                        No change in performance detected.
Benchmarking EvaluatePerfFixtures/createTheme-basic.js
Benchmarking EvaluatePerfFixtures/createTheme-basic.js: Warming up for 2.0000 s
Benchmarking EvaluatePerfFixtures/createTheme-basic.js: Collecting 20 samples in estimated 4.0027 s (127k iterations)
Benchmarking EvaluatePerfFixtures/createTheme-basic.js: Analyzing
EvaluatePerfFixtures/createTheme-basic.js
                        time:   [24.449 µs 24.619 µs 24.788 µs]
                        change: [−1.8891% −1.0496% −0.1920%] (p = 0.02 < 0.05)
                        Change within noise threshold.
Found 1 outliers among 20 measurements (5.00%)
  1 (5.00%) high severe
Benchmarking EvaluatePerfFixtures/createTheme-complex.js
Benchmarking EvaluatePerfFixtures/createTheme-complex.js: Warming up for 2.0000 s
Benchmarking EvaluatePerfFixtures/createTheme-complex.js: Collecting 20 samples in estimated 4.0279 s (1260 iterations)
Benchmarking EvaluatePerfFixtures/createTheme-complex.js: Analyzing
EvaluatePerfFixtures/createTheme-complex.js
                        time:   [3.1059 ms 3.1367 ms 3.1862 ms]
                        change: [−0.1793% +0.6078% +1.7331%] (p = 0.25 > 0.05)
                        No change in performance detected.
Found 4 outliers among 20 measurements (20.00%)
  3 (15.00%) high mild
  1 (5.00%) high severe
Benchmarking EvaluatePerfFixtures/dynamic-param-shadows-import
Benchmarking EvaluatePerfFixtures/dynamic-param-shadows-import: Warming up for 2.0000 s
Benchmarking EvaluatePerfFixtures/dynamic-param-shadows-import: Collecting 20 samples in estimated 4.0002 s (1.0M iterations)
Benchmarking EvaluatePerfFixtures/dynamic-param-shadows-import: Analyzing
EvaluatePerfFixtures/dynamic-param-shadows-import
                        time:   [2.5905 µs 2.6291 µs 2.6578 µs]
                        change: [−1.5045% +1.0478% +3.4211%] (p = 0.42 > 0.05)
                        No change in performance detected.
Benchmarking EvaluatePerfFixtures/dynamic-param-shadows-import-edges
Benchmarking EvaluatePerfFixtures/dynamic-param-shadows-import-edges: Warming up for 2.0000 s
Benchmarking EvaluatePerfFixtures/dynamic-param-shadows-import-edges: Collecting 20 samples in estimated 4.0020 s (283k iterations)
Benchmarking EvaluatePerfFixtures/dynamic-param-shadows-import-edges: Analyzing
EvaluatePerfFixtures/dynamic-param-shadows-import-edges
                        time:   [7.7891 µs 7.8861 µs 7.9720 µs]
                        change: [−2.2404% −0.0348% +2.2070%] (p = 0.98 > 0.05)
                        No change in performance detected.

   Compiling stylex_transform v0.18.6-rc.1 (/Users/vladislavbuinovski/Projects/Facebook/stylex-swc-plugin.git/leg2-nocdylib/crates/stylex-transform)
    Finished `bench` profile [optimized + debuginfo] target(s) in 4m 36s
     Running benches/evaluate_depth_bench.rs (/Users/vladislavbuinovski/Projects/Facebook/stylex-swc-plugin.git/target-leg2b/release/deps/evaluate_depth_bench-f876ba9f26ded081)
Benchmarking EvaluateDepth/arithmetic/30
Benchmarking EvaluateDepth/arithmetic/30: Warming up for 2.0000 s
Benchmarking EvaluateDepth/arithmetic/30: Collecting 20 samples in estimated 4.0033 s (224k iterations)
Benchmarking EvaluateDepth/arithmetic/30: Analyzing
EvaluateDepth/arithmetic/30
                        time:   [17.365 µs 17.444 µs 17.549 µs]
                        change: [−5.8505% −3.9105% −2.4081%] (p = 0.00 < 0.05)
                        Performance has improved.
Found 1 outliers among 20 measurements (5.00%)
  1 (5.00%) high mild
Benchmarking EvaluateDepth/arithmetic/60
Benchmarking EvaluateDepth/arithmetic/60: Warming up for 2.0000 s
Benchmarking EvaluateDepth/arithmetic/60: Collecting 20 samples in estimated 4.0043 s (68k iterations)
Benchmarking EvaluateDepth/arithmetic/60: Analyzing
EvaluateDepth/arithmetic/60
                        time:   [58.473 µs 58.700 µs 59.020 µs]
                        change: [−4.8370% −3.6326% −2.6363%] (p = 0.00 < 0.05)
                        Performance has improved.
Found 3 outliers among 20 measurements (15.00%)
  2 (10.00%) high mild
  1 (5.00%) high severe
Benchmarking EvaluateDepth/arithmetic/120
Benchmarking EvaluateDepth/arithmetic/120: Warming up for 2.0000 s
Benchmarking EvaluateDepth/arithmetic/120: Collecting 20 samples in estimated 4.0101 s (19k iterations)
Benchmarking EvaluateDepth/arithmetic/120: Analyzing
EvaluateDepth/arithmetic/120
                        time:   [208.66 µs 208.91 µs 209.17 µs]
                        change: [−4.1186% −2.6437% −1.7285%] (p = 0.00 < 0.05)
                        Performance has improved.
Found 4 outliers among 20 measurements (20.00%)
  3 (15.00%) high mild
  1 (5.00%) high severe
Benchmarking EvaluateDepth/arithmetic/240
Benchmarking EvaluateDepth/arithmetic/240: Warming up for 2.0000 s
Benchmarking EvaluateDepth/arithmetic/240: Collecting 20 samples in estimated 4.0036 s (5040 iterations)
Benchmarking EvaluateDepth/arithmetic/240: Analyzing
EvaluateDepth/arithmetic/240
                        time:   [792.34 µs 795.87 µs 802.92 µs]
                        change: [−2.4401% −1.6093% −0.7791%] (p = 0.00 < 0.05)
                        Change within noise threshold.
Found 2 outliers among 20 measurements (10.00%)
  1 (5.00%) high mild
  1 (5.00%) high severe

Benchmarking StructuralKeyDepth/arithmetic/30
Benchmarking StructuralKeyDepth/arithmetic/30: Warming up for 2.0000 s
Benchmarking StructuralKeyDepth/arithmetic/30: Collecting 20 samples in estimated 4.0000 s (6.2M iterations)
Benchmarking StructuralKeyDepth/arithmetic/30: Analyzing
StructuralKeyDepth/arithmetic/30
                        time:   [643.07 ns 644.18 ns 645.95 ns]
                        change: [−1.3188% +0.2016% +1.6303%] (p = 0.80 > 0.05)
                        No change in performance detected.
Found 2 outliers among 20 measurements (10.00%)
  1 (5.00%) high mild
  1 (5.00%) high severe
Benchmarking StructuralKeyDepth/arithmetic/60
Benchmarking StructuralKeyDepth/arithmetic/60: Warming up for 2.0000 s
Benchmarking StructuralKeyDepth/arithmetic/60: Collecting 20 samples in estimated 4.0003 s (2.6M iterations)
Benchmarking StructuralKeyDepth/arithmetic/60: Analyzing
StructuralKeyDepth/arithmetic/60
                        time:   [1.5367 µs 1.5389 µs 1.5417 µs]
                        change: [−1.0945% −0.0371% +0.7201%] (p = 0.95 > 0.05)
                        No change in performance detected.
Found 3 outliers among 20 measurements (15.00%)
  2 (10.00%) high mild
  1 (5.00%) high severe
Benchmarking StructuralKeyDepth/arithmetic/120
Benchmarking StructuralKeyDepth/arithmetic/120: Warming up for 2.0000 s
Benchmarking StructuralKeyDepth/arithmetic/120: Collecting 20 samples in estimated 4.0004 s (1.3M iterations)
Benchmarking StructuralKeyDepth/arithmetic/120: Analyzing
StructuralKeyDepth/arithmetic/120
                        time:   [3.0577 µs 3.0596 µs 3.0623 µs]
                        change: [−4.3361% −2.1514% −0.8044%] (p = 0.02 < 0.05)
                        Change within noise threshold.
Found 1 outliers among 20 measurements (5.00%)
  1 (5.00%) high severe
Benchmarking StructuralKeyDepth/arithmetic/240
Benchmarking StructuralKeyDepth/arithmetic/240: Warming up for 2.0000 s
Benchmarking StructuralKeyDepth/arithmetic/240: Collecting 20 samples in estimated 4.0001 s (629k iterations)
Benchmarking StructuralKeyDepth/arithmetic/240: Analyzing
StructuralKeyDepth/arithmetic/240
                        time:   [6.2829 µs 6.2867 µs 6.2908 µs]
                        change: [−0.4683% −0.2471% −0.0117%] (p = 0.04 < 0.05)
                        Change within noise threshold.
Found 1 outliers among 20 measurements (5.00%)
  1 (5.00%) high severe

Benchmarking StructuralKeyFallback/object/128
Benchmarking StructuralKeyFallback/object/128: Warming up for 2.0000 s
Benchmarking StructuralKeyFallback/object/128: Collecting 20 samples in estimated 4.0002 s (1.5M iterations)
Benchmarking StructuralKeyFallback/object/128: Analyzing
StructuralKeyFallback/object/128
                        time:   [2.6215 µs 2.6256 µs 2.6310 µs]
                        change: [+1.6816% +2.0354% +2.3951%] (p = 0.00 < 0.05)
                        Performance has regressed.
Found 2 outliers among 20 measurements (10.00%)
  2 (10.00%) high mild
Benchmarking StructuralKeyFallback/object/129
Benchmarking StructuralKeyFallback/object/129: Warming up for 2.0000 s
Benchmarking StructuralKeyFallback/object/129: Collecting 20 samples in estimated 4.0005 s (484k iterations)
Benchmarking StructuralKeyFallback/object/129: Analyzing
StructuralKeyFallback/object/129
                        time:   [8.4476 µs 8.5636 µs 8.7580 µs]
                        change: [−1.7605% −0.8209% +0.7228%] (p = 0.25 > 0.05)
                        No change in performance detected.
Found 2 outliers among 20 measurements (10.00%)
  1 (5.00%) high mild
  1 (5.00%) high severe

   Compiling stylex_transform v0.18.6-rc.1 (/Users/vladislavbuinovski/Projects/Facebook/stylex-swc-plugin.git/leg2-nocdylib/crates/stylex-transform)
    Finished `bench` profile [optimized + debuginfo] target(s) in 6m 10s
     Running benches/module_path_bench.rs (/Users/vladislavbuinovski/Projects/Facebook/stylex-swc-plugin.git/target-leg2b/release/deps/module_path_bench-c34d88e99cba5f4b)
Benchmarking ModuleWalk/calls/1x
Benchmarking ModuleWalk/calls/1x: Warming up for 2.0000 s
Benchmarking ModuleWalk/calls/1x: Collecting 20 samples in estimated 4.0126 s (20k iterations)
Benchmarking ModuleWalk/calls/1x: Analyzing
ModuleWalk/calls/1x     time:   [151.84 µs 152.36 µs 152.82 µs]
                        change: [−11.314% −9.0250% −7.2920%] (p = 0.00 < 0.05)
                        Performance has improved.
Benchmarking ModuleWalk/no-calls/1x
Benchmarking ModuleWalk/no-calls/1x: Warming up for 2.0000 s
Benchmarking ModuleWalk/no-calls/1x: Collecting 20 samples in estimated 4.0091 s (64k iterations)
Benchmarking ModuleWalk/no-calls/1x: Analyzing
ModuleWalk/no-calls/1x  time:   [22.311 µs 22.410 µs 22.498 µs]
                        change: [−10.265% −7.2439% −4.5812%] (p = 0.00 < 0.05)
                        Performance has improved.
Benchmarking ModuleWalk/imported/1x
Benchmarking ModuleWalk/imported/1x: Warming up for 2.0000 s
Benchmarking ModuleWalk/imported/1x: Collecting 20 samples in estimated 4.0364 s (14k iterations)
Benchmarking ModuleWalk/imported/1x: Analyzing
ModuleWalk/imported/1x  time:   [223.26 µs 224.47 µs 225.43 µs]
                        change: [−13.527% −9.4471% −5.6345%] (p = 0.00 < 0.05)
                        Performance has improved.
Found 1 outliers among 20 measurements (5.00%)
  1 (5.00%) high mild
Benchmarking ModuleWalk/calls/4x
Benchmarking ModuleWalk/calls/4x: Warming up for 2.0000 s
Benchmarking ModuleWalk/calls/4x: Collecting 20 samples in estimated 4.0793 s (5040 iterations)
Benchmarking ModuleWalk/calls/4x: Analyzing
ModuleWalk/calls/4x     time:   [597.17 µs 599.59 µs 602.35 µs]
                        change: [−8.6581% −7.1846% −5.9951%] (p = 0.00 < 0.05)
                        Performance has improved.
Found 2 outliers among 20 measurements (10.00%)
  2 (10.00%) high mild
Benchmarking ModuleWalk/no-calls/4x
Benchmarking ModuleWalk/no-calls/4x: Warming up for 2.0000 s
Benchmarking ModuleWalk/no-calls/4x: Collecting 20 samples in estimated 4.0046 s (16k iterations)
Benchmarking ModuleWalk/no-calls/4x: Analyzing
ModuleWalk/no-calls/4x  time:   [83.466 µs 83.904 µs 84.264 µs]
                        change: [−18.938% −11.082% −5.1978%] (p = 0.00 < 0.05)
                        Performance has improved.
Found 2 outliers among 20 measurements (10.00%)
  2 (10.00%) low mild
Benchmarking ModuleWalk/imported/4x
Benchmarking ModuleWalk/imported/4x: Warming up for 2.0000 s
Benchmarking ModuleWalk/imported/4x: Collecting 20 samples in estimated 4.1783 s (3990 iterations)
Benchmarking ModuleWalk/imported/4x: Analyzing
ModuleWalk/imported/4x  time:   [827.43 µs 829.50 µs 832.30 µs]
                        change: [−8.4276% −6.4551% −4.4535%] (p = 0.00 < 0.05)
                        Performance has improved.
Found 2 outliers among 20 measurements (10.00%)
  1 (5.00%) high mild
  1 (5.00%) high severe

Benchmarking SeenModuleSource/kept/calls/1x
Benchmarking SeenModuleSource/kept/calls/1x: Warming up for 2.0000 s
Benchmarking SeenModuleSource/kept/calls/1x: Collecting 20 samples in estimated 4.0419 s (16k iterations)
Benchmarking SeenModuleSource/kept/calls/1x: Analyzing
SeenModuleSource/kept/calls/1x
                        time:   [203.30 µs 204.29 µs 205.12 µs]
                        change: [−11.745% −6.9471% −3.5843%] (p = 0.00 < 0.05)
                        Performance has improved.
Found 2 outliers among 20 measurements (10.00%)
  2 (10.00%) high mild
Benchmarking SeenModuleSource/kept/no-calls/1x
Benchmarking SeenModuleSource/kept/no-calls/1x: Warming up for 2.0000 s
Benchmarking SeenModuleSource/kept/no-calls/1x: Collecting 20 samples in estimated 4.0187 s (39k iterations)
Benchmarking SeenModuleSource/kept/no-calls/1x: Analyzing
SeenModuleSource/kept/no-calls/1x
                        time:   [60.375 µs 60.611 µs 60.782 µs]
                        change: [−7.6713% −5.6851% −4.2199%] (p = 0.00 < 0.05)
                        Performance has improved.
Benchmarking SeenModuleSource/kept/calls/4x
Benchmarking SeenModuleSource/kept/calls/4x: Warming up for 2.0000 s
Benchmarking SeenModuleSource/kept/calls/4x: Collecting 20 samples in estimated 4.0510 s (3990 iterations)
Benchmarking SeenModuleSource/kept/calls/4x: Analyzing
SeenModuleSource/kept/calls/4x
                        time:   [802.70 µs 804.51 µs 806.99 µs]
                        change: [−2.5461% −1.7668% −0.9958%] (p = 0.00 < 0.05)
                        Change within noise threshold.
Found 1 outliers among 20 measurements (5.00%)
  1 (5.00%) high mild
Benchmarking SeenModuleSource/kept/no-calls/4x
Benchmarking SeenModuleSource/kept/no-calls/4x: Warming up for 2.0000 s
Benchmarking SeenModuleSource/kept/no-calls/4x: Collecting 20 samples in estimated 4.0296 s (10k iterations)
Benchmarking SeenModuleSource/kept/no-calls/4x: Analyzing
SeenModuleSource/kept/no-calls/4x
                        time:   [236.33 µs 237.05 µs 237.89 µs]
                        change: [−3.8744% −2.3279% −0.8437%] (p = 0.00 < 0.05)
                        Change within noise threshold.
Found 3 outliers among 20 measurements (15.00%)
  2 (10.00%) low mild
  1 (5.00%) high severe

Benchmarking StructuralKey/call/shallow
Benchmarking StructuralKey/call/shallow: Warming up for 2.0000 s
Benchmarking StructuralKey/call/shallow: Collecting 20 samples in estimated 4.0000 s (69M iterations)
Benchmarking StructuralKey/call/shallow: Analyzing
StructuralKey/call/shallow
                        time:   [58.057 ns 58.114 ns 58.172 ns]
                        change: [−1.8393% −1.6526% −1.4593%] (p = 0.00 < 0.05)
                        Performance has improved.
Benchmarking StructuralKey/call/member
Benchmarking StructuralKey/call/member: Warming up for 2.0000 s
Benchmarking StructuralKey/call/member: Collecting 20 samples in estimated 4.0000 s (62M iterations)
Benchmarking StructuralKey/call/member: Analyzing
StructuralKey/call/member
                        time:   [64.239 ns 64.337 ns 64.464 ns]
                        change: [−2.2292% −1.8634% −1.5040%] (p = 0.00 < 0.05)
                        Performance has improved.
Found 2 outliers among 20 measurements (10.00%)
  1 (5.00%) high mild
  1 (5.00%) high severe
Benchmarking StructuralKey/call/nested
Benchmarking StructuralKey/call/nested: Warming up for 2.0000 s
Benchmarking StructuralKey/call/nested: Collecting 20 samples in estimated 4.0000 s (32M iterations)
Benchmarking StructuralKey/call/nested: Analyzing
StructuralKey/call/nested
                        time:   [123.39 ns 123.97 ns 124.53 ns]
                        change: [−6.2310% −3.2956% −1.4740%] (p = 0.01 < 0.05)
                        Performance has improved.
Found 2 outliers among 20 measurements (10.00%)
  1 (5.00%) high mild
  1 (5.00%) high severe

Benchmarking StateManager/new
Benchmarking StateManager/new: Warming up for 2.0000 s
Benchmarking StateManager/new: Collecting 20 samples in estimated 4.0000 s (9.2M iterations)
Benchmarking StateManager/new: Analyzing
StateManager/new        time:   [173.48 ns 177.43 ns 183.28 ns]
                        change: [−4.3406% −1.8465% +0.7155%] (p = 0.17 > 0.05)
                        No change in performance detected.

Benchmarking FullPipeline/calls/1x
Benchmarking FullPipeline/calls/1x: Warming up for 2.0000 s
Benchmarking FullPipeline/calls/1x: Collecting 20 samples in estimated 4.0561 s (13k iterations)
Benchmarking FullPipeline/calls/1x: Analyzing
FullPipeline/calls/1x   time:   [293.38 µs 293.68 µs 294.05 µs]
                        change: [−3.9652% −3.3662% −2.7987%] (p = 0.00 < 0.05)
                        Performance has improved.
Found 2 outliers among 20 measurements (10.00%)
  1 (5.00%) high mild
  1 (5.00%) high severe
Benchmarking FullPipeline/no-calls/1x
Benchmarking FullPipeline/no-calls/1x: Warming up for 2.0000 s
Benchmarking FullPipeline/no-calls/1x: Collecting 20 samples in estimated 4.0289 s (25k iterations)
Benchmarking FullPipeline/no-calls/1x: Analyzing
FullPipeline/no-calls/1x
                        time:   [140.90 µs 141.70 µs 142.64 µs]
                        change: [−3.4534% −2.7478% −1.9944%] (p = 0.00 < 0.05)
                        Performance has improved.
Benchmarking FullPipeline/imported/1x
Benchmarking FullPipeline/imported/1x: Warming up for 2.0000 s
Benchmarking FullPipeline/imported/1x: Collecting 20 samples in estimated 4.0394 s (10k iterations)
Benchmarking FullPipeline/imported/1x: Analyzing
FullPipeline/imported/1x
                        time:   [366.13 µs 367.15 µs 368.40 µs]
                        change: [−5.1803% −3.9208% −2.8753%] (p = 0.00 < 0.05)
                        Performance has improved.
Found 1 outliers among 20 measurements (5.00%)
  1 (5.00%) high severe
Benchmarking FullPipeline/calls/4x
Benchmarking FullPipeline/calls/4x: Warming up for 2.0000 s
Benchmarking FullPipeline/calls/4x: Collecting 20 samples in estimated 4.2529 s (3360 iterations)
Benchmarking FullPipeline/calls/4x: Analyzing
FullPipeline/calls/4x   time:   [1.1533 ms 1.1577 ms 1.1631 ms]
                        change: [−6.5100% −4.4660% −2.9815%] (p = 0.00 < 0.05)
                        Performance has improved.
Found 2 outliers among 20 measurements (10.00%)
  1 (5.00%) high mild
  1 (5.00%) high severe
Benchmarking FullPipeline/no-calls/4x
Benchmarking FullPipeline/no-calls/4x: Warming up for 2.0000 s
Benchmarking FullPipeline/no-calls/4x: Collecting 20 samples in estimated 4.0685 s (6510 iterations)
Benchmarking FullPipeline/no-calls/4x: Analyzing
FullPipeline/no-calls/4x
                        time:   [544.90 µs 546.13 µs 547.87 µs]
                        change: [−3.5682% −2.9858% −2.3767%] (p = 0.00 < 0.05)
                        Performance has improved.
Found 2 outliers among 20 measurements (10.00%)
  1 (5.00%) low mild
  1 (5.00%) high mild
Benchmarking FullPipeline/imported/4x
Benchmarking FullPipeline/imported/4x: Warming up for 2.0000 s
Benchmarking FullPipeline/imported/4x: Collecting 20 samples in estimated 4.0760 s (2730 iterations)
Benchmarking FullPipeline/imported/4x: Analyzing
FullPipeline/imported/4x
                        time:   [1.3886 ms 1.3914 ms 1.3939 ms]
                        change: [−6.2758% −5.6363% −5.0580%] (p = 0.00 < 0.05)
                        Performance has improved.
Found 1 outliers among 20 measurements (5.00%)
  1 (5.00%) high mild

