   Compiling proc-macro2 v1.0.106
   Compiling quote v1.0.47
   Compiling unicode-ident v1.0.24
   Compiling cfg-if v1.0.4
   Compiling serde_core v1.0.229
   Compiling memchr v2.8.0
   Compiling allocator-api2 v0.2.21
   Compiling libc v0.2.186
   Compiling once_cell v1.21.4
   Compiling stable_deref_trait v1.2.1
   Compiling serde v1.0.229
   Compiling equivalent v1.0.2
   Compiling foldhash v0.2.0
   Compiling itoa v1.0.18
   Compiling version_check v0.9.5
   Compiling smallvec v1.15.1
   Compiling hashbrown v0.17.1
   Compiling rustc-hash v2.1.3
   Compiling writeable v0.6.4
   Compiling autocfg v1.5.0
   Compiling siphasher v1.0.2
   Compiling litemap v0.8.2
   Compiling pin-project-lite v0.2.17
   Compiling zmij v1.0.21
   Compiling zerocopy v0.8.48
   Compiling serde_json v1.0.151
   Compiling num-traits v0.2.19
   Compiling ahash v0.8.12
   Compiling icu_properties_data v2.3.0
   Compiling utf8_iter v1.0.4
   Compiling syn v2.0.117
   Compiling syn v3.0.4
   Compiling icu_normalizer_data v2.3.0
   Compiling parking_lot_core v0.9.12
   Compiling either v1.15.0
   Compiling write16 v1.0.0
   Compiling anyhow v1.0.104
   Compiling utf16_iter v1.0.5
   Compiling scopeguard v1.2.0
   Compiling percent-encoding v2.3.2
   Compiling tracing-core v0.1.36
   Compiling lock_api v0.4.14
   Compiling tap v1.0.1
   Compiling shlex v1.3.0
   Compiling radium v0.7.0
   Compiling num-integer v0.1.47
   Compiling find-msvc-tools v0.1.9
   Compiling bitflags v2.13.1
   Compiling cc v1.2.61
   Compiling wyz v0.5.1
   Compiling form_urlencoded v1.2.2
   Compiling outref v0.5.2
   Compiling funty v2.0.0
   Compiling termcolor v1.4.1
   Compiling indexmap v2.14.0
   Compiling vsimd v0.8.0
   Compiling uuid v1.23.1
   Compiling new_debug_unreachable v1.0.6
   Compiling bytes v1.11.1
   Compiling bitvec v1.0.1
   Compiling base64-simd v0.8.0
   Compiling if_chain v1.0.3
   Compiling data-encoding v2.11.0
   Compiling unicode-id-start v1.4.0
   Compiling unicode-width v0.2.2
   Compiling aho-corasick v1.1.4
   Compiling regex-syntax v0.8.10
   Compiling heck v0.5.0
   Compiling cbor4ii v1.2.2
   Compiling scoped-tls v1.0.1
   Compiling better_scoped_tls v1.0.1
   Compiling swc_visit v2.0.1
   Compiling parking_lot v0.12.5
   Compiling synstructure v0.13.2
   Compiling hashbrown v0.14.5
   Compiling swc_macros_common v1.0.1
   Compiling siphasher v0.3.11
   Compiling crossbeam-utils v0.8.21
   Compiling static_assertions v1.1.0
   Compiling serde_derive v1.0.229
   Compiling zerovec-derive v0.11.6
   Compiling regex-automata v0.4.16
   Compiling rand_core v0.6.4
   Compiling rustversion v1.0.22
   Compiling zerofrom-derive v0.1.7
   Compiling yoke-derive v0.8.2
   Compiling displaydoc v0.2.5
   Compiling tracing-attributes v0.1.31
   Compiling swc_eq_ignore_macros v1.0.1
   Compiling ast_node v6.1.0
   Compiling zerofrom v0.1.7
   Compiling from_variant v3.0.0
   Compiling rand v0.8.6
   Compiling yoke v0.8.3
   Compiling phf_shared v0.11.3
   Compiling zerovec v0.11.8
   Compiling zerotrie v0.2.5
   Compiling phf_generator v0.11.3
   Compiling tracing v0.1.44
   Compiling phf_macros v0.11.3
   Compiling object v0.37.3
   Compiling ryu v1.0.23
   Compiling string_enum v1.0.2
   Compiling tinystr v0.8.4
   Compiling potential_utf v0.1.5
   Compiling is-macro v0.3.7
   Compiling phf v0.11.3
   Compiling icu_locale_core v2.3.0
   Compiling icu_collections v2.3.0
   Compiling bytes-str v0.2.7
   Compiling triomphe v0.1.15
   Compiling debugid v0.8.0
   Compiling hstr v4.0.0
   Compiling num-bigint v0.4.6
   Compiling regex v1.12.3
   Compiling castaway v0.2.4
   Compiling swc_atoms v10.0.0
   Compiling fastrand v2.3.0
   Compiling hashbrown v0.16.1
   Compiling typenum v1.19.0
   Compiling generic-array v0.14.9
   Compiling icu_provider v2.3.1
   Compiling dragonbox_ecma v0.1.12
   Compiling stacker v0.1.24
   Compiling icu_properties v2.3.0
   Compiling icu_normalizer v2.3.0
   Compiling par-core v2.0.0
   Compiling log v0.4.33
   Compiling compact_str v0.7.1
   Compiling idna_adapter v1.2.2
   Compiling dashmap v6.2.1
   Compiling idna v1.1.0
   Compiling num_cpus v1.17.0
   Compiling phf_shared v0.14.0
   Compiling url v2.5.8
   Compiling ar_archive_writer v0.5.1
   Compiling phf_generator v0.14.0
   Compiling regress v0.11.1
   Compiling seq-macro v0.3.6
   Compiling phf_macros v0.14.0
   Compiling swc_sourcemap v10.0.2
   Compiling psm v0.1.31
   Compiling block-buffer v0.10.4
   Compiling crypto-common v0.1.6
   Compiling rustix v1.1.4
   Compiling owo-colors v4.2.2
   Compiling phf v0.14.0
   Compiling digest v0.10.7
   Compiling errno v0.3.14
   Compiling swc_common v24.0.0
   Compiling cpufeatures v0.2.17
   Compiling bstr v1.12.1
   Compiling camino v1.1.11
   Compiling thiserror v1.0.69
   Compiling unicode-linebreak v0.1.5
   Compiling textwrap v0.16.2
   Compiling globset v0.4.18
   Compiling miette-derive v7.6.0
   Compiling swc_ecma_ast v27.0.0
   Compiling swc_config_macro v1.0.1
   Compiling thiserror-impl v1.0.69
   Compiling bumpalo v3.20.2
   Compiling lazy_static v1.5.0
   Compiling getrandom v0.3.4
   Compiling unicode-width v0.1.14
   Compiling miette v7.6.0
   Compiling swc_allocator v5.0.0
   Compiling sharded-slab v0.1.7
   Compiling swc_config v6.0.0
   Compiling tracing-log v0.2.0
   Compiling cargo-platform v0.1.9
   Compiling matchers v0.2.0
   Compiling swc_ecma_codegen_macros v2.0.2
   Compiling semver v1.0.28
   Compiling thread_local v1.1.9
   Compiling yansi v1.0.1
   Compiling nu-ansi-term v0.50.1
   Compiling base64 v0.22.1
   Compiling diff v0.1.13
   Compiling glob v0.3.4
   Compiling relative-path v1.9.3
   Compiling ascii v1.1.0
   Compiling tracing-subscriber v0.3.20
   Compiling pretty_assertions v1.4.1
   Compiling testing_macros v1.0.1
   Compiling cargo_metadata v0.18.1
   Compiling swc_error_reporters v26.0.0
   Compiling difference v2.0.0
   Compiling tempfile v3.21.0
   Compiling swc_ecma_visit v27.0.0
   Compiling testing v25.0.0
   Compiling sha2 v0.10.9
   Compiling sha1 v0.10.6
   Compiling hex v0.4.3
   Compiling stylex_constants v0.18.6-rc.1 (/Users/vladislavbuinovski/Projects/Facebook/stylex-swc-plugin.git/leg1-control/crates/stylex-constants)
   Compiling swc_ecma_testing v25.0.0
   Compiling swc_core v75.0.0
   Compiling ansi_term v0.12.1
   Compiling swc_plugin_proxy v28.0.0
   Compiling swc_transform_common v18.0.0
   Compiling swc_plugin_macro v1.1.1
   Compiling swc_plugin v1.0.1
   Compiling radix_fmt v1.0.0
   Compiling colored v3.1.1
   Compiling arrayvec v0.7.8
   Compiling xxhash-rust v0.8.18
   Compiling swc_ecma_utils v33.0.0
   Compiling swc_ecma_parser v43.0.0
   Compiling swc_ecma_hooks v0.11.0
   Compiling stylex_macros v0.18.6-rc.1 (/Users/vladislavbuinovski/Projects/Facebook/stylex-swc-plugin.git/leg1-control/crates/stylex-macros)
   Compiling murmur2 v0.1.0
   Compiling futures-core v0.3.32
   Compiling unicode-segmentation v1.13.2
   Compiling swc_ecma_codegen v30.0.0
   Compiling ryu-js v1.0.3
   Compiling futures-io v0.3.32
   Compiling thiserror v2.0.20
   Compiling fnv v1.0.7
   Compiling strsim v0.11.1
   Compiling ident_case v1.0.1
   Compiling darling_core v0.20.11
   Compiling thiserror-impl v2.0.20
   Compiling fixedbitset v0.5.7
   Compiling futures-sink v0.3.32
   Compiling futures-macro v0.3.32
   Compiling futures-channel v0.3.32
   Compiling futures-task v0.3.32
   Compiling icu_locale_fallback_data v2.3.0
   Compiling bit-vec v0.8.0
   Compiling crc32fast v1.5.0
   Compiling slab v0.4.12
   Compiling bit-set v0.8.0
   Compiling linktime-proc-macro v0.2.2
   Compiling pathdiff v0.2.3
   Compiling futures-util v0.3.32
   Compiling zlib-rs v0.5.4
   Compiling libm v0.2.16
   Compiling napi-build v2.4.0
   Compiling link-section v0.19.2
   Compiling napi v3.12.0
   Compiling ctor v1.0.12
   Compiling fancy-regex v0.19.0
   Compiling petgraph v0.7.1
   Compiling convert_case v0.10.0
   Compiling convert_case v0.11.0
   Compiling swc_ecma_transforms_base v47.0.0
   Compiling halfbrown v0.4.0
   Compiling darling_macro v0.20.11
   Compiling synstructure v0.14.0
   Compiling float-cmp v0.10.0
   Compiling phf_shared v0.13.1
   Compiling darling v0.20.11
   Compiling derive_builder_core v0.20.2
   Compiling nibble_vec v0.1.0
   Compiling libloading v0.9.0
   Compiling cow-utils v0.1.3
   Compiling unicode-xid v0.2.6
   Compiling pastey v0.2.3
   Compiling parking v2.2.1
   Compiling swc_ecma_transforms_react v53.0.0
   Compiling swc_ecma_transforms_testing v51.0.0
   Compiling futures-executor v0.3.32
   Compiling libz-rs-sys v0.5.4
   Compiling winnow v1.0.4
   Compiling endian-type v0.2.0
   Compiling swc_ecma_transforms_typescript v53.0.0
   Compiling fast-float2 v0.2.4
   Compiling boa_string v0.22.0
   Compiling toml_parser v1.1.3+spec-1.1.0
   Compiling radix_trie v0.3.0
   Compiling flate2 v1.1.5
   Compiling boa_macros v0.22.0
   Compiling futures v0.3.32
   Compiling derive_builder_macro v0.20.2
   Compiling swc_ecma_transforms_optimization v50.0.0
   Compiling derive_more-impl v2.1.1
   Compiling napi-sys v3.3.0
   Compiling phf_generator v0.13.1
   Compiling value-trait v0.12.1
   Compiling napi-derive-backend v6.1.1
   Compiling icu_locale_fallback v2.3.0
   Compiling par-iter v2.0.0
   Compiling is-terminal v0.4.15
   Compiling concurrent_lru v0.2.0
   Compiling nodejs-built-in-modules v1.0.0
   Compiling nohash-hasher v0.2.0
   Compiling thin-vec v0.2.19
   Compiling byteorder v1.5.0
   Compiling icu_calendar_data v2.3.0
   Compiling humantime v2.1.0
   Compiling toml_datetime v1.1.1+spec-1.1.0
   Compiling crossbeam-epoch v0.9.20
   Compiling simdutf8 v0.1.5
   Compiling swc_ecma_minifier v59.0.0
   Compiling toml_edit v0.25.13+spec-1.1.0
   Compiling simd-json v0.17.0
   Compiling env_logger v0.10.2
   Compiling napi-derive v3.6.2
   Compiling pnp v0.12.11
   Compiling boa_gc v0.22.0
   Compiling core_maths v0.1.1
   Compiling stylex_regex v0.18.6-rc.1 (/Users/vladislavbuinovski/Projects/Facebook/stylex-swc-plugin.git/leg1-control/crates/stylex-regex)
   Compiling derive_more v2.1.1
   Compiling phf_macros v0.13.1
   Compiling derive_builder v0.20.2
   Compiling rustc_version v0.4.1
   Compiling fast-glob v1.0.0
   Compiling compact_str v0.9.0
   Compiling strum_macros v0.28.0
   Compiling json-strip-comments v3.1.0
   Compiling self_cell v1.2.1
   Compiling rand_core v0.10.1
   Compiling icu_collator_data v2.3.0
   Compiling getrandom v0.4.3
   Compiling dtoa v1.0.10
   Compiling dtoa-short v0.3.5
   Compiling oxc_resolver v11.24.2
   Compiling phf v0.13.1
   Compiling float16 v0.1.7
   Compiling package-json v0.5.0
   Compiling calendrical_calculations v0.2.4
   Compiling strum v0.28.0
   Compiling boa_interner v0.22.0
   Compiling pretty_env_logger v0.5.0
   Compiling proc-macro-crate v3.5.0
   Compiling swc_compiler_base v62.0.0
   Compiling event-listener v5.4.2
   Compiling num-bigint v0.5.1
   Compiling pin-project-internal v1.1.13
   Compiling equator-macro v0.4.2
   Compiling cssparser-macros v0.7.0
   Compiling libmimalloc-sys v0.1.49
   Compiling rayon-core v1.13.0
   Compiling time-core v0.1.9
   Compiling path-clean v1.0.1
   Compiling portable-atomic v1.15.0
   Compiling num-conv v0.2.2
   Compiling time-macros v0.2.32
   Compiling cssparser v0.37.0
   Compiling equator v0.4.2
   Compiling pin-project v1.1.13
   Compiling boa_ast v0.22.0
   Compiling event-listener-strategy v0.5.4
   Compiling icu_calendar v2.3.0
   Compiling crossbeam-deque v0.8.6
   Compiling num_enum_derive v0.7.6
   Compiling chacha20 v0.10.2
   Compiling futures-lite v2.6.1
   Compiling stylex_styleq v0.18.6-rc.1 (/Users/vladislavbuinovski/Projects/Facebook/stylex-swc-plugin.git/leg1-control/crates/stylex-styleq)
   Compiling timezone_provider v0.2.6
   Compiling concurrent-queue v2.5.0
   Compiling dynify-macros v0.1.2
   Compiling bytemuck_derive v1.12.0
   Compiling alloca v0.4.0
   Compiling num_threads v0.1.7
   Compiling regress v0.12.0
   Compiling half v2.6.0
   Compiling ciborium-io v0.2.2
   Compiling anstyle v1.0.14
   Compiling plotters-backend v0.3.7
   Compiling clap_lex v1.0.0
   Compiling powerfmt v0.2.0
   Compiling ixdtf v0.6.6
   Compiling deranged v0.5.8
   Compiling temporal_rs v0.2.6
   Compiling clap_builder v4.6.6
   Compiling stylex_path_resolver v0.18.6-rc.1 (/Users/vladislavbuinovski/Projects/Facebook/stylex-swc-plugin.git/leg1-control/crates/stylex-path-resolver)
   Compiling time v0.3.55
   Compiling boa_parser v0.22.0
   Compiling plotters-svg v0.3.7
   Compiling ciborium-ll v0.2.2
   Compiling bytemuck v1.25.2
   Compiling dynify v0.1.2
   Compiling futures-concurrency v7.7.1
   Compiling async-channel v2.5.0
   Compiling num_enum v0.7.6
   Compiling rand v0.10.2
   Compiling icu_collator v2.3.1
   Compiling aligned-vec v0.6.4
   Compiling small_btree v0.1.0
   Compiling itertools v0.13.0
   Compiling itertools v0.15.0
   Compiling same-file v1.0.6
   Compiling cast v0.3.0
   Compiling intrusive-collections v0.10.3
   Compiling xsum v0.1.6
   Compiling tag_ptr v0.1.0
   Compiling oneshot v0.2.1
   Compiling postcss_value_parser v0.18.6-rc.1 (/Users/vladislavbuinovski/Projects/Facebook/stylex-swc-plugin.git/leg1-control/crates/postcss-value-parser)
   Compiling criterion-plot v0.8.2
   Compiling walkdir v2.5.0
   Compiling rayon v1.11.0
   Compiling ciborium v0.2.2
   Compiling plotters v0.3.7
   Compiling clap v4.6.6
   Compiling mimalloc v0.1.52
   Compiling tinytemplate v1.2.1
   Compiling console v0.16.3
   Compiling page_size v0.6.0
   Compiling similar v2.7.0
   Compiling anes v0.1.6
   Compiling boa_engine v0.22.0
   Compiling oorandom v11.1.5
   Compiling swc_malloc v1.2.5
   Compiling insta v1.48.0
   Compiling criterion v0.8.2
   Compiling stylex_utils v0.18.6-rc.1 (/Users/vladislavbuinovski/Projects/Facebook/stylex-swc-plugin.git/leg1-control/crates/stylex-utils)
   Compiling stylex_enums v0.18.6-rc.1 (/Users/vladislavbuinovski/Projects/Facebook/stylex-swc-plugin.git/leg1-control/crates/stylex-enums)
   Compiling stylex_ast v0.18.6-rc.1 (/Users/vladislavbuinovski/Projects/Facebook/stylex-swc-plugin.git/leg1-control/crates/stylex-ast)
   Compiling stylex_css_parser v0.18.6-rc.1 (/Users/vladislavbuinovski/Projects/Facebook/stylex-swc-plugin.git/leg1-control/crates/stylex-css-parser)
   Compiling stylex_js v0.18.6-rc.1 (/Users/vladislavbuinovski/Projects/Facebook/stylex-swc-plugin.git/leg1-control/crates/stylex-js)
   Compiling stylex_structures v0.18.6-rc.1 (/Users/vladislavbuinovski/Projects/Facebook/stylex-swc-plugin.git/leg1-control/crates/stylex-structures)
   Compiling stylex_state_index v0.18.6-rc.1 (/Users/vladislavbuinovski/Projects/Facebook/stylex-swc-plugin.git/leg1-control/crates/stylex-state-index)
   Compiling stylex_atoms v0.18.6-rc.1 (/Users/vladislavbuinovski/Projects/Facebook/stylex-swc-plugin.git/leg1-control/crates/stylex-atoms)
   Compiling stylex_types v0.18.6-rc.1 (/Users/vladislavbuinovski/Projects/Facebook/stylex-swc-plugin.git/leg1-control/crates/stylex-types)
   Compiling stylex_nested_config v0.18.6-rc.1 (/Users/vladislavbuinovski/Projects/Facebook/stylex-swc-plugin.git/leg1-control/crates/stylex-nested-config)
   Compiling stylex_evaluator v0.18.6-rc.1 (/Users/vladislavbuinovski/Projects/Facebook/stylex-swc-plugin.git/leg1-control/crates/stylex-evaluator)
   Compiling stylex_css v0.18.6-rc.1 (/Users/vladislavbuinovski/Projects/Facebook/stylex-swc-plugin.git/leg1-control/crates/stylex-css)
   Compiling stylex_diagnostics v0.18.6-rc.1 (/Users/vladislavbuinovski/Projects/Facebook/stylex-swc-plugin.git/leg1-control/crates/stylex-diagnostics)
   Compiling stylex_state v0.18.6-rc.1 (/Users/vladislavbuinovski/Projects/Facebook/stylex-swc-plugin.git/leg1-control/crates/stylex-state)
   Compiling stylex_declarations v0.18.6-rc.1 (/Users/vladislavbuinovski/Projects/Facebook/stylex-swc-plugin.git/leg1-control/crates/stylex-declarations)
   Compiling stylex_transform v0.18.6-rc.1 (/Users/vladislavbuinovski/Projects/Facebook/stylex-swc-plugin.git/leg1-control/crates/stylex-transform)
    Finished `bench` profile [optimized + debuginfo] target(s) in 7m 17s
     Running benches/concatenation_chain_bench.rs (/Users/vladislavbuinovski/Projects/Facebook/stylex-swc-plugin.git/target-leg1c3/release/deps/concatenation_chain_bench-87810beb62479547)
Benchmarking ConcatenationChain/links/2
Benchmarking ConcatenationChain/links/2: Warming up for 2.0000 s
Benchmarking ConcatenationChain/links/2: Collecting 20 samples in estimated 4.0050 s (5460 iterations)
Benchmarking ConcatenationChain/links/2: Analyzing
ConcatenationChain/links/2
                        time:   [720.84 µs 731.82 µs 743.28 µs]
                        change: [−2.2798% −0.9917% +0.2467%] (p = 0.16 > 0.05)
                        No change in performance detected.
Found 2 outliers among 20 measurements (10.00%)
  2 (10.00%) high severe
Benchmarking ConcatenationChain/links/5
Benchmarking ConcatenationChain/links/5: Warming up for 2.0000 s
Benchmarking ConcatenationChain/links/5: Collecting 20 samples in estimated 4.1849 s (4200 iterations)
Benchmarking ConcatenationChain/links/5: Analyzing
ConcatenationChain/links/5
                        time:   [980.03 µs 985.44 µs 989.55 µs]
                        change: [−5.7208% −3.3715% −1.7560%] (p = 0.00 < 0.05)
                        Performance has improved.
Benchmarking ConcatenationChain/links/10
Benchmarking ConcatenationChain/links/10: Warming up for 2.0000 s
Benchmarking ConcatenationChain/links/10: Collecting 20 samples in estimated 4.2540 s (3150 iterations)
Benchmarking ConcatenationChain/links/10: Analyzing
ConcatenationChain/links/10
                        time:   [1.3245 ms 1.3452 ms 1.3813 ms]
                        change: [−5.0941% −1.8276% +1.6305%] (p = 0.34 > 0.05)
                        No change in performance detected.
Found 2 outliers among 20 measurements (10.00%)
  2 (10.00%) high severe
Benchmarking ConcatenationChain/links/20
Benchmarking ConcatenationChain/links/20: Warming up for 2.0000 s
Benchmarking ConcatenationChain/links/20: Collecting 20 samples in estimated 4.1936 s (2100 iterations)
Benchmarking ConcatenationChain/links/20: Analyzing
ConcatenationChain/links/20
                        time:   [1.9824 ms 1.9951 ms 2.0196 ms]
                        change: [−12.432% −5.0774% −0.1286%] (p = 0.18 > 0.05)
                        No change in performance detected.
Found 2 outliers among 20 measurements (10.00%)
  1 (5.00%) high mild
  1 (5.00%) high severe

   Compiling stylex_transform v0.18.6-rc.1 (/Users/vladislavbuinovski/Projects/Facebook/stylex-swc-plugin.git/leg1-control/crates/stylex-transform)
    Finished `bench` profile [optimized + debuginfo] target(s) in 4m 42s
     Running benches/engine_fold_bench.rs (/Users/vladislavbuinovski/Projects/Facebook/stylex-swc-plugin.git/target-leg1c3/release/deps/engine_fold_bench-f72214407a7ade6e)
Benchmarking EngineFoldColdStart/build-and-answer
Benchmarking EngineFoldColdStart/build-and-answer: Warming up for 2.0000 s
Benchmarking EngineFoldColdStart/build-and-answer: Collecting 20 samples in estimated 4.0275 s (25k iterations)
Benchmarking EngineFoldColdStart/build-and-answer: Analyzing
EngineFoldColdStart/build-and-answer
                        time:   [159.59 µs 160.20 µs 160.90 µs]
                        change: [−3.9385% −2.5194% −1.2349%] (p = 0.00 < 0.05)
                        Performance has improved.
Found 2 outliers among 20 measurements (10.00%)
  2 (10.00%) high mild

Benchmarking EngineFoldRoundTrip/engine/string
Benchmarking EngineFoldRoundTrip/engine/string: Warming up for 2.0000 s
Benchmarking EngineFoldRoundTrip/engine/string: Collecting 20 samples in estimated 4.0004 s (1.7M iterations)
Benchmarking EngineFoldRoundTrip/engine/string: Analyzing
EngineFoldRoundTrip/engine/string
                        time:   [2.3101 µs 2.3180 µs 2.3254 µs]
                        change: [−3.0564% −2.0949% −1.2065%] (p = 0.00 < 0.05)
                        Performance has improved.
Found 1 outliers among 20 measurements (5.00%)
  1 (5.00%) high mild
Benchmarking EngineFoldRoundTrip/fold/string
Benchmarking EngineFoldRoundTrip/fold/string: Warming up for 2.0000 s
Benchmarking EngineFoldRoundTrip/fold/string: Collecting 20 samples in estimated 4.0000 s (4.0M iterations)
Benchmarking EngineFoldRoundTrip/fold/string: Analyzing
EngineFoldRoundTrip/fold/string
                        time:   [757.94 ns 761.76 ns 766.67 ns]
                        change: [−2.3527% −1.7321% −1.0951%] (p = 0.00 < 0.05)
                        Performance has improved.
Found 1 outliers among 20 measurements (5.00%)
  1 (5.00%) high mild
Benchmarking EngineFoldRoundTrip/engine/callback
Benchmarking EngineFoldRoundTrip/engine/callback: Warming up for 2.0000 s
Benchmarking EngineFoldRoundTrip/engine/callback: Collecting 20 samples in estimated 4.0007 s (355k iterations)
Benchmarking EngineFoldRoundTrip/engine/callback: Analyzing
EngineFoldRoundTrip/engine/callback
                        time:   [11.088 µs 11.208 µs 11.361 µs]
                        change: [−0.0948% +1.0951% +2.5229%] (p = 0.14 > 0.05)
                        No change in performance detected.
Found 1 outliers among 20 measurements (5.00%)
  1 (5.00%) high severe
Benchmarking EngineFoldRoundTrip/fold/callback
Benchmarking EngineFoldRoundTrip/fold/callback: Warming up for 2.0000 s
Benchmarking EngineFoldRoundTrip/fold/callback: Collecting 20 samples in estimated 4.0004 s (756k iterations)
Benchmarking EngineFoldRoundTrip/fold/callback: Analyzing
EngineFoldRoundTrip/fold/callback
                        time:   [5.0176 µs 5.0553 µs 5.1255 µs]
                        change: [−1.1367% +0.2168% +1.7062%] (p = 0.82 > 0.05)
                        No change in performance detected.
Found 2 outliers among 20 measurements (10.00%)
  1 (5.00%) high mild
  1 (5.00%) high severe
Benchmarking EngineFoldRoundTrip/engine/chain
Benchmarking EngineFoldRoundTrip/engine/chain: Warming up for 2.0000 s
Benchmarking EngineFoldRoundTrip/engine/chain: Collecting 20 samples in estimated 4.0003 s (682k iterations)
Benchmarking EngineFoldRoundTrip/engine/chain: Analyzing
EngineFoldRoundTrip/engine/chain
                        time:   [5.8520 µs 5.9043 µs 6.0011 µs]
                        change: [−3.9047% −1.5708% +0.6391%] (p = 0.21 > 0.05)
                        No change in performance detected.
Found 1 outliers among 20 measurements (5.00%)
  1 (5.00%) high severe
Benchmarking EngineFoldRoundTrip/fold/chain
Benchmarking EngineFoldRoundTrip/fold/chain: Warming up for 2.0000 s
Benchmarking EngineFoldRoundTrip/fold/chain: Collecting 20 samples in estimated 4.0001 s (2.0M iterations)
Benchmarking EngineFoldRoundTrip/fold/chain: Analyzing
EngineFoldRoundTrip/fold/chain
                        time:   [1.7746 µs 1.7903 µs 1.8164 µs]
                        change: [−1.3644% +0.6889% +3.0592%] (p = 0.59 > 0.05)
                        No change in performance detected.
Found 3 outliers among 20 measurements (15.00%)
  3 (15.00%) high mild
Benchmarking EngineFoldRoundTrip/engine/array-answer
Benchmarking EngineFoldRoundTrip/engine/array-answer: Warming up for 2.0000 s
Benchmarking EngineFoldRoundTrip/engine/array-answer: Collecting 20 samples in estimated 4.0008 s (708k iterations)
Benchmarking EngineFoldRoundTrip/engine/array-answer: Analyzing
EngineFoldRoundTrip/engine/array-answer
                        time:   [5.6786 µs 5.7223 µs 5.8028 µs]
                        change: [−4.0569% −2.6694% −0.7506%] (p = 0.00 < 0.05)
                        Change within noise threshold.
Found 3 outliers among 20 measurements (15.00%)
  2 (10.00%) high mild
  1 (5.00%) high severe
Benchmarking EngineFoldRoundTrip/fold/array-answer
Benchmarking EngineFoldRoundTrip/fold/array-answer: Warming up for 2.0000 s
Benchmarking EngineFoldRoundTrip/fold/array-answer: Collecting 20 samples in estimated 4.0004 s (1.6M iterations)
Benchmarking EngineFoldRoundTrip/fold/array-answer: Analyzing
EngineFoldRoundTrip/fold/array-answer
                        time:   [2.2805 µs 2.2967 µs 2.3270 µs]
                        change: [−2.1773% −0.8313% +0.8487%] (p = 0.35 > 0.05)
                        No change in performance detected.
Found 1 outliers among 20 measurements (5.00%)
  1 (5.00%) high severe
Benchmarking EngineFoldRoundTrip/fold-distinct
Benchmarking EngineFoldRoundTrip/fold-distinct: Warming up for 2.0000 s
Benchmarking EngineFoldRoundTrip/fold-distinct: Collecting 20 samples in estimated 4.0005 s (633k iterations)
Benchmarking EngineFoldRoundTrip/fold-distinct: Analyzing
EngineFoldRoundTrip/fold-distinct
                        time:   [5.2594 µs 5.3723 µs 5.4889 µs]
                        change: [−7.7814% −4.2002% +1.0680%] (p = 0.08 > 0.05)
                        No change in performance detected.
Found 1 outliers among 20 measurements (5.00%)
  1 (5.00%) high severe

   Compiling stylex_transform v0.18.6-rc.1 (/Users/vladislavbuinovski/Projects/Facebook/stylex-swc-plugin.git/leg1-control/crates/stylex-transform)
    Finished `bench` profile [optimized + debuginfo] target(s) in 4m 26s
     Running benches/evaluate_bench.rs (/Users/vladislavbuinovski/Projects/Facebook/stylex-swc-plugin.git/target-leg1c3/release/deps/evaluate_bench-8f9af56a1e473d3d)
Benchmarking EvaluatePerfFixtures/colors.stylex.js
Benchmarking EvaluatePerfFixtures/colors.stylex.js: Warming up for 2.0000 s
Benchmarking EvaluatePerfFixtures/colors.stylex.js: Collecting 20 samples in estimated 4.0070 s (115k iterations)
Benchmarking EvaluatePerfFixtures/colors.stylex.js: Analyzing
EvaluatePerfFixtures/colors.stylex.js
                        time:   [29.367 µs 29.510 µs 29.710 µs]
                        change: [−2.1266% −1.1188% −0.0860%] (p = 0.04 < 0.05)
                        Change within noise threshold.
Benchmarking EvaluatePerfFixtures/sizes.stylex.js
Benchmarking EvaluatePerfFixtures/sizes.stylex.js: Warming up for 2.0000 s
Benchmarking EvaluatePerfFixtures/sizes.stylex.js: Collecting 20 samples in estimated 4.0041 s (198k iterations)
Benchmarking EvaluatePerfFixtures/sizes.stylex.js: Analyzing
EvaluatePerfFixtures/sizes.stylex.js
                        time:   [17.028 µs 17.175 µs 17.330 µs]
                        change: [−2.0016% −0.5784% +0.7332%] (p = 0.43 > 0.05)
                        No change in performance detected.
Benchmarking EvaluatePerfFixtures/create-basic.js
Benchmarking EvaluatePerfFixtures/create-basic.js: Warming up for 2.0000 s
Benchmarking EvaluatePerfFixtures/create-basic.js: Collecting 20 samples in estimated 4.0008 s (345k iterations)
Benchmarking EvaluatePerfFixtures/create-basic.js: Analyzing
EvaluatePerfFixtures/create-basic.js
                        time:   [9.0731 µs 9.1285 µs 9.1859 µs]
                        change: [+0.8601% +1.8725% +2.9815%] (p = 0.00 < 0.05)
                        Change within noise threshold.
Benchmarking EvaluatePerfFixtures/create-complex.js
Benchmarking EvaluatePerfFixtures/create-complex.js: Warming up for 2.0000 s
Benchmarking EvaluatePerfFixtures/create-complex.js: Collecting 20 samples in estimated 4.0055 s (106k iterations)
Benchmarking EvaluatePerfFixtures/create-complex.js: Analyzing
EvaluatePerfFixtures/create-complex.js
                        time:   [19.404 µs 19.510 µs 19.628 µs]
                        change: [+0.0149% +1.5816% +3.1719%] (p = 0.07 > 0.05)
                        No change in performance detected.
Found 2 outliers among 20 measurements (10.00%)
  2 (10.00%) low mild
Benchmarking EvaluatePerfFixtures/createTheme-basic.js
Benchmarking EvaluatePerfFixtures/createTheme-basic.js: Warming up for 2.0000 s
Benchmarking EvaluatePerfFixtures/createTheme-basic.js: Collecting 20 samples in estimated 4.0049 s (123k iterations)
Benchmarking EvaluatePerfFixtures/createTheme-basic.js: Analyzing
EvaluatePerfFixtures/createTheme-basic.js
                        time:   [24.811 µs 24.939 µs 25.091 µs]
                        change: [−0.3012% +0.9187% +1.9984%] (p = 0.12 > 0.05)
                        No change in performance detected.
Found 1 outliers among 20 measurements (5.00%)
  1 (5.00%) high mild
Benchmarking EvaluatePerfFixtures/createTheme-complex.js
Benchmarking EvaluatePerfFixtures/createTheme-complex.js: Warming up for 2.0000 s
Benchmarking EvaluatePerfFixtures/createTheme-complex.js: Collecting 20 samples in estimated 4.0220 s (1260 iterations)
Benchmarking EvaluatePerfFixtures/createTheme-complex.js: Analyzing
EvaluatePerfFixtures/createTheme-complex.js
                        time:   [3.0859 ms 3.1131 ms 3.1582 ms]
                        change: [−0.4360% +0.3523% +1.3227%] (p = 0.51 > 0.05)
                        No change in performance detected.
Found 1 outliers among 20 measurements (5.00%)
  1 (5.00%) high severe
Benchmarking EvaluatePerfFixtures/dynamic-param-shadows-import
Benchmarking EvaluatePerfFixtures/dynamic-param-shadows-import: Warming up for 2.0000 s
Benchmarking EvaluatePerfFixtures/dynamic-param-shadows-import: Collecting 20 samples in estimated 4.0007 s (1.0M iterations)
Benchmarking EvaluatePerfFixtures/dynamic-param-shadows-import: Analyzing
EvaluatePerfFixtures/dynamic-param-shadows-import
                        time:   [2.6295 µs 2.6566 µs 2.6956 µs]
                        change: [+0.7348% +3.8646% +6.8820%] (p = 0.02 < 0.05)
                        Change within noise threshold.
Found 2 outliers among 20 measurements (10.00%)
  1 (5.00%) low mild
  1 (5.00%) high severe
Benchmarking EvaluatePerfFixtures/dynamic-param-shadows-import-edges
Benchmarking EvaluatePerfFixtures/dynamic-param-shadows-import-edges: Warming up for 2.0000 s
Benchmarking EvaluatePerfFixtures/dynamic-param-shadows-import-edges: Collecting 20 samples in estimated 4.0027 s (280k iterations)
Benchmarking EvaluatePerfFixtures/dynamic-param-shadows-import-edges: Analyzing
EvaluatePerfFixtures/dynamic-param-shadows-import-edges
                        time:   [7.8705 µs 7.9751 µs 8.0946 µs]
                        change: [−0.6093% +2.4509% +5.5337%] (p = 0.16 > 0.05)
                        No change in performance detected.
Found 3 outliers among 20 measurements (15.00%)
  2 (10.00%) low mild
  1 (5.00%) high severe

   Compiling stylex_transform v0.18.6-rc.1 (/Users/vladislavbuinovski/Projects/Facebook/stylex-swc-plugin.git/leg1-control/crates/stylex-transform)
    Finished `bench` profile [optimized + debuginfo] target(s) in 4m 37s
     Running benches/evaluate_depth_bench.rs (/Users/vladislavbuinovski/Projects/Facebook/stylex-swc-plugin.git/target-leg1c3/release/deps/evaluate_depth_bench-afac56535e8840a0)
Benchmarking EvaluateDepth/arithmetic/30
Benchmarking EvaluateDepth/arithmetic/30: Warming up for 2.0000 s
Benchmarking EvaluateDepth/arithmetic/30: Collecting 20 samples in estimated 4.0007 s (220k iterations)
Benchmarking EvaluateDepth/arithmetic/30: Analyzing
EvaluateDepth/arithmetic/30
                        time:   [17.406 µs 17.494 µs 17.602 µs]
                        change: [−5.2245% −3.2354% −1.6692%] (p = 0.00 < 0.05)
                        Performance has improved.
Benchmarking EvaluateDepth/arithmetic/60
Benchmarking EvaluateDepth/arithmetic/60: Warming up for 2.0000 s
Benchmarking EvaluateDepth/arithmetic/60: Collecting 20 samples in estimated 4.0104 s (68k iterations)
Benchmarking EvaluateDepth/arithmetic/60: Analyzing
EvaluateDepth/arithmetic/60
                        time:   [58.104 µs 58.379 µs 58.756 µs]
                        change: [−5.3394% −4.0957% −3.0613%] (p = 0.00 < 0.05)
                        Performance has improved.
Found 1 outliers among 20 measurements (5.00%)
  1 (5.00%) high mild
Benchmarking EvaluateDepth/arithmetic/120
Benchmarking EvaluateDepth/arithmetic/120: Warming up for 2.0000 s
Benchmarking EvaluateDepth/arithmetic/120: Collecting 20 samples in estimated 4.0225 s (19k iterations)
Benchmarking EvaluateDepth/arithmetic/120: Analyzing
EvaluateDepth/arithmetic/120
                        time:   [205.95 µs 206.82 µs 207.89 µs]
                        change: [−4.8795% −3.3628% −2.3383%] (p = 0.00 < 0.05)
                        Performance has improved.
Benchmarking EvaluateDepth/arithmetic/240
Benchmarking EvaluateDepth/arithmetic/240: Warming up for 2.0000 s
Benchmarking EvaluateDepth/arithmetic/240: Collecting 20 samples in estimated 4.1342 s (5250 iterations)
Benchmarking EvaluateDepth/arithmetic/240: Analyzing
EvaluateDepth/arithmetic/240
                        time:   [776.44 µs 779.46 µs 783.21 µs]
                        change: [−4.2442% −3.4607% −2.7708%] (p = 0.00 < 0.05)
                        Performance has improved.

Benchmarking StructuralKeyDepth/arithmetic/30
Benchmarking StructuralKeyDepth/arithmetic/30: Warming up for 2.0000 s
Benchmarking StructuralKeyDepth/arithmetic/30: Collecting 20 samples in estimated 4.0001 s (6.3M iterations)
Benchmarking StructuralKeyDepth/arithmetic/30: Analyzing
StructuralKeyDepth/arithmetic/30
                        time:   [622.08 ns 623.53 ns 624.98 ns]
                        change: [−4.4477% −2.9556% −1.5711%] (p = 0.00 < 0.05)
                        Performance has improved.
Found 2 outliers among 20 measurements (10.00%)
  2 (10.00%) high mild
Benchmarking StructuralKeyDepth/arithmetic/60
Benchmarking StructuralKeyDepth/arithmetic/60: Warming up for 2.0000 s
Benchmarking StructuralKeyDepth/arithmetic/60: Collecting 20 samples in estimated 4.0000 s (2.6M iterations)
Benchmarking StructuralKeyDepth/arithmetic/60: Analyzing
StructuralKeyDepth/arithmetic/60
                        time:   [1.5159 µs 1.5293 µs 1.5434 µs]
                        change: [−2.3131% −1.2401% −0.3609%] (p = 0.01 < 0.05)
                        Change within noise threshold.
Found 1 outliers among 20 measurements (5.00%)
  1 (5.00%) high mild
Benchmarking StructuralKeyDepth/arithmetic/120
Benchmarking StructuralKeyDepth/arithmetic/120: Warming up for 2.0000 s
Benchmarking StructuralKeyDepth/arithmetic/120: Collecting 20 samples in estimated 4.0006 s (1.3M iterations)
Benchmarking StructuralKeyDepth/arithmetic/120: Analyzing
StructuralKeyDepth/arithmetic/120
                        time:   [3.0150 µs 3.0206 µs 3.0292 µs]
                        change: [−5.3890% −3.1164% −1.6582%] (p = 0.00 < 0.05)
                        Performance has improved.
Found 1 outliers among 20 measurements (5.00%)
  1 (5.00%) high severe
Benchmarking StructuralKeyDepth/arithmetic/240
Benchmarking StructuralKeyDepth/arithmetic/240: Warming up for 2.0000 s
Benchmarking StructuralKeyDepth/arithmetic/240: Collecting 20 samples in estimated 4.0000 s (635k iterations)
Benchmarking StructuralKeyDepth/arithmetic/240: Analyzing
StructuralKeyDepth/arithmetic/240
                        time:   [6.2115 µs 6.2246 µs 6.2399 µs]
                        change: [−1.6191% −1.3241% −1.0092%] (p = 0.00 < 0.05)
                        Performance has improved.
Found 1 outliers among 20 measurements (5.00%)
  1 (5.00%) high mild

Benchmarking StructuralKeyFallback/object/128
Benchmarking StructuralKeyFallback/object/128: Warming up for 2.0000 s
Benchmarking StructuralKeyFallback/object/128: Collecting 20 samples in estimated 4.0005 s (1.6M iterations)
Benchmarking StructuralKeyFallback/object/128: Analyzing
StructuralKeyFallback/object/128
                        time:   [2.5390 µs 2.5431 µs 2.5481 µs]
                        change: [−1.5551% −1.2061% −0.8779%] (p = 0.00 < 0.05)
                        Change within noise threshold.
Found 1 outliers among 20 measurements (5.00%)
  1 (5.00%) high severe
Benchmarking StructuralKeyFallback/object/129
Benchmarking StructuralKeyFallback/object/129: Warming up for 2.0000 s
Benchmarking StructuralKeyFallback/object/129: Collecting 20 samples in estimated 4.0012 s (467k iterations)
Benchmarking StructuralKeyFallback/object/129: Analyzing
StructuralKeyFallback/object/129
                        time:   [8.4913 µs 8.5022 µs 8.5144 µs]
                        change: [−1.1736% −0.9100% −0.6518%] (p = 0.00 < 0.05)
                        Change within noise threshold.
Found 1 outliers among 20 measurements (5.00%)
  1 (5.00%) high mild

   Compiling stylex_transform v0.18.6-rc.1 (/Users/vladislavbuinovski/Projects/Facebook/stylex-swc-plugin.git/leg1-control/crates/stylex-transform)
    Finished `bench` profile [optimized + debuginfo] target(s) in 6m 10s
     Running benches/module_path_bench.rs (/Users/vladislavbuinovski/Projects/Facebook/stylex-swc-plugin.git/target-leg1c3/release/deps/module_path_bench-a4e0b54900e6a781)
Benchmarking ModuleWalk/calls/1x
Benchmarking ModuleWalk/calls/1x: Warming up for 2.0000 s
Benchmarking ModuleWalk/calls/1x: Collecting 20 samples in estimated 4.0406 s (19k iterations)
Benchmarking ModuleWalk/calls/1x: Analyzing
ModuleWalk/calls/1x     time:   [152.65 µs 153.33 µs 153.98 µs]
                        change: [−10.777% −8.4669% −6.6701%] (p = 0.00 < 0.05)
                        Performance has improved.
Benchmarking ModuleWalk/no-calls/1x
Benchmarking ModuleWalk/no-calls/1x: Warming up for 2.0000 s
Benchmarking ModuleWalk/no-calls/1x: Collecting 20 samples in estimated 4.0048 s (62k iterations)
Benchmarking ModuleWalk/no-calls/1x: Analyzing
ModuleWalk/no-calls/1x  time:   [22.122 µs 22.306 µs 22.513 µs]
                        change: [−10.429% −7.3767% −4.6183%] (p = 0.00 < 0.05)
                        Performance has improved.
Found 1 outliers among 20 measurements (5.00%)
  1 (5.00%) high mild
Benchmarking ModuleWalk/imported/1x
Benchmarking ModuleWalk/imported/1x: Warming up for 2.0000 s
Benchmarking ModuleWalk/imported/1x: Collecting 20 samples in estimated 4.0391 s (14k iterations)
Benchmarking ModuleWalk/imported/1x: Analyzing
ModuleWalk/imported/1x  time:   [227.51 µs 228.85 µs 230.11 µs]
                        change: [−11.951% −7.7236% −3.8342%] (p = 0.00 < 0.05)
                        Performance has improved.
Found 1 outliers among 20 measurements (5.00%)
  1 (5.00%) low mild
Benchmarking ModuleWalk/calls/4x
Benchmarking ModuleWalk/calls/4x: Warming up for 2.0000 s
Benchmarking ModuleWalk/calls/4x: Collecting 20 samples in estimated 4.1426 s (5040 iterations)
Benchmarking ModuleWalk/calls/4x: Analyzing
ModuleWalk/calls/4x     time:   [605.94 µs 630.87 µs 655.09 µs]
                        change: [−6.2415% −3.4553% −0.2657%] (p = 0.03 < 0.05)
                        Change within noise threshold.
Found 4 outliers among 20 measurements (20.00%)
  4 (20.00%) high severe
Benchmarking ModuleWalk/no-calls/4x
Benchmarking ModuleWalk/no-calls/4x: Warming up for 2.0000 s
Benchmarking ModuleWalk/no-calls/4x: Collecting 20 samples in estimated 4.0517 s (16k iterations)
Benchmarking ModuleWalk/no-calls/4x: Analyzing
ModuleWalk/no-calls/4x  time:   [81.834 µs 82.779 µs 83.456 µs]
                        change: [−20.442% −12.775% −7.0023%] (p = 0.00 < 0.05)
                        Performance has improved.
Benchmarking ModuleWalk/imported/4x
Benchmarking ModuleWalk/imported/4x: Warming up for 2.0000 s
Benchmarking ModuleWalk/imported/4x: Collecting 20 samples in estimated 4.0353 s (3780 iterations)
Benchmarking ModuleWalk/imported/4x: Analyzing
ModuleWalk/imported/4x  time:   [844.99 µs 849.21 µs 854.36 µs]
                        change: [−5.2705% −2.4292% +1.4107%] (p = 0.17 > 0.05)
                        No change in performance detected.
Found 1 outliers among 20 measurements (5.00%)
  1 (5.00%) high severe

Benchmarking SeenModuleSource/kept/calls/1x
Benchmarking SeenModuleSource/kept/calls/1x: Warming up for 2.0000 s
Benchmarking SeenModuleSource/kept/calls/1x: Collecting 20 samples in estimated 4.0232 s (15k iterations)
Benchmarking SeenModuleSource/kept/calls/1x: Analyzing
SeenModuleSource/kept/calls/1x
                        time:   [204.17 µs 205.24 µs 206.49 µs]
                        change: [−10.990% −6.0403% −2.4591%] (p = 0.01 < 0.05)
                        Performance has improved.
Found 2 outliers among 20 measurements (10.00%)
  1 (5.00%) high mild
  1 (5.00%) high severe
Benchmarking SeenModuleSource/kept/no-calls/1x
Benchmarking SeenModuleSource/kept/no-calls/1x: Warming up for 2.0000 s
Benchmarking SeenModuleSource/kept/no-calls/1x: Collecting 20 samples in estimated 4.0173 s (39k iterations)
Benchmarking SeenModuleSource/kept/no-calls/1x: Analyzing
SeenModuleSource/kept/no-calls/1x
                        time:   [60.619 µs 60.995 µs 61.372 µs]
                        change: [−6.9841% −4.9782% −3.4767%] (p = 0.00 < 0.05)
                        Performance has improved.
Found 2 outliers among 20 measurements (10.00%)
  2 (10.00%) high mild
Benchmarking SeenModuleSource/kept/calls/4x
Benchmarking SeenModuleSource/kept/calls/4x: Warming up for 2.0000 s
Benchmarking SeenModuleSource/kept/calls/4x: Collecting 20 samples in estimated 4.1317 s (3990 iterations)
Benchmarking SeenModuleSource/kept/calls/4x: Analyzing
SeenModuleSource/kept/calls/4x
                        time:   [808.23 µs 811.54 µs 815.93 µs]
                        change: [−1.5663% −0.7671% −0.0175%] (p = 0.07 > 0.05)
                        No change in performance detected.
Benchmarking SeenModuleSource/kept/no-calls/4x
Benchmarking SeenModuleSource/kept/no-calls/4x: Warming up for 2.0000 s
Benchmarking SeenModuleSource/kept/no-calls/4x: Collecting 20 samples in estimated 4.0667 s (10k iterations)
Benchmarking SeenModuleSource/kept/no-calls/4x: Analyzing
SeenModuleSource/kept/no-calls/4x
                        time:   [239.91 µs 248.24 µs 260.16 µs]
                        change: [−2.4965% +0.1633% +3.3083%] (p = 0.92 > 0.05)
                        No change in performance detected.
Found 2 outliers among 20 measurements (10.00%)
  2 (10.00%) high severe

Benchmarking StructuralKey/call/shallow
Benchmarking StructuralKey/call/shallow: Warming up for 2.0000 s
Benchmarking StructuralKey/call/shallow: Collecting 20 samples in estimated 4.0000 s (69M iterations)
Benchmarking StructuralKey/call/shallow: Analyzing
StructuralKey/call/shallow
                        time:   [58.567 ns 58.657 ns 58.787 ns]
                        change: [−0.9128% −0.6430% −0.3615%] (p = 0.00 < 0.05)
                        Change within noise threshold.
Found 2 outliers among 20 measurements (10.00%)
  2 (10.00%) high mild
Benchmarking StructuralKey/call/member
Benchmarking StructuralKey/call/member: Warming up for 2.0000 s
Benchmarking StructuralKey/call/member: Collecting 20 samples in estimated 4.0000 s (62M iterations)
Benchmarking StructuralKey/call/member: Analyzing
StructuralKey/call/member
                        time:   [64.772 ns 64.842 ns 64.919 ns]
                        change: [−1.4097% −1.0042% −0.6134%] (p = 0.00 < 0.05)
                        Change within noise threshold.
Found 2 outliers among 20 measurements (10.00%)
  2 (10.00%) high mild
Benchmarking StructuralKey/call/nested
Benchmarking StructuralKey/call/nested: Warming up for 2.0000 s
Benchmarking StructuralKey/call/nested: Collecting 20 samples in estimated 4.0000 s (32M iterations)
Benchmarking StructuralKey/call/nested: Analyzing
StructuralKey/call/nested
                        time:   [124.47 ns 124.64 ns 124.84 ns]
                        change: [−5.3515% −2.4286% −0.6260%] (p = 0.05 > 0.05)
                        No change in performance detected.
Found 2 outliers among 20 measurements (10.00%)
  2 (10.00%) high mild

Benchmarking StateManager/new
Benchmarking StateManager/new: Warming up for 2.0000 s
Benchmarking StateManager/new: Collecting 20 samples in estimated 4.0001 s (9.1M iterations)
Benchmarking StateManager/new: Analyzing
StateManager/new        time:   [172.60 ns 175.77 ns 181.66 ns]
                        change: [−4.8138% −2.2342% +0.7599%] (p = 0.13 > 0.05)
                        No change in performance detected.
Found 1 outliers among 20 measurements (5.00%)
  1 (5.00%) high mild

Benchmarking FullPipeline/calls/1x
Benchmarking FullPipeline/calls/1x: Warming up for 2.0000 s
Benchmarking FullPipeline/calls/1x: Collecting 20 samples in estimated 4.0661 s (13k iterations)
Benchmarking FullPipeline/calls/1x: Analyzing
FullPipeline/calls/1x   time:   [294.73 µs 295.60 µs 296.59 µs]
                        change: [−3.5223% −2.9254% −2.3743%] (p = 0.00 < 0.05)
                        Performance has improved.
Found 1 outliers among 20 measurements (5.00%)
  1 (5.00%) high mild
Benchmarking FullPipeline/no-calls/1x
Benchmarking FullPipeline/no-calls/1x: Warming up for 2.0000 s
Benchmarking FullPipeline/no-calls/1x: Collecting 20 samples in estimated 4.0029 s (25k iterations)
Benchmarking FullPipeline/no-calls/1x: Analyzing
FullPipeline/no-calls/1x
                        time:   [141.48 µs 142.34 µs 143.26 µs]
                        change: [−2.3281% −1.7417% −1.0488%] (p = 0.00 < 0.05)
                        Performance has improved.
Found 3 outliers among 20 measurements (15.00%)
  1 (5.00%) low mild
  1 (5.00%) high mild
  1 (5.00%) high severe
Benchmarking FullPipeline/imported/1x
Benchmarking FullPipeline/imported/1x: Warming up for 2.0000 s
Benchmarking FullPipeline/imported/1x: Collecting 20 samples in estimated 4.0446 s (10k iterations)
Benchmarking FullPipeline/imported/1x: Analyzing
FullPipeline/imported/1x
                        time:   [365.36 µs 366.67 µs 368.53 µs]
                        change: [−5.0894% −3.8458% −2.8572%] (p = 0.00 < 0.05)
                        Performance has improved.
Found 2 outliers among 20 measurements (10.00%)
  2 (10.00%) high mild
Benchmarking FullPipeline/calls/4x
Benchmarking FullPipeline/calls/4x: Warming up for 2.0000 s
Benchmarking FullPipeline/calls/4x: Collecting 20 samples in estimated 4.2424 s (3360 iterations)
Benchmarking FullPipeline/calls/4x: Analyzing
FullPipeline/calls/4x   time:   [1.1565 ms 1.1586 ms 1.1620 ms]
                        change: [−6.1328% −4.0980% −2.6084%] (p = 0.00 < 0.05)
                        Performance has improved.
Benchmarking FullPipeline/no-calls/4x
Benchmarking FullPipeline/no-calls/4x: Warming up for 2.0000 s
Benchmarking FullPipeline/no-calls/4x: Collecting 20 samples in estimated 4.1021 s (6510 iterations)
Benchmarking FullPipeline/no-calls/4x: Analyzing
FullPipeline/no-calls/4x
                        time:   [549.32 µs 550.98 µs 553.43 µs]
                        change: [−2.5272% −1.9492% −1.3866%] (p = 0.00 < 0.05)
                        Performance has improved.
Found 3 outliers among 20 measurements (15.00%)
  1 (5.00%) low mild
  2 (10.00%) high severe
Benchmarking FullPipeline/imported/4x
Benchmarking FullPipeline/imported/4x: Warming up for 2.0000 s
Benchmarking FullPipeline/imported/4x: Collecting 20 samples in estimated 4.0965 s (2730 iterations)
Benchmarking FullPipeline/imported/4x: Analyzing
FullPipeline/imported/4x
                        time:   [1.3879 ms 1.3903 ms 1.3939 ms]
                        change: [−5.8407% −5.1327% −4.4359%] (p = 0.00 < 0.05)
                        Performance has improved.
Found 1 outliers among 20 measurements (5.00%)
  1 (5.00%) high severe

