   Compiling proc-macro2 v1.0.106
   Compiling quote v1.0.47
   Compiling unicode-ident v1.0.24
   Compiling cfg-if v1.0.4
   Compiling serde_core v1.0.229
   Compiling memchr v2.8.0
   Compiling allocator-api2 v0.2.21
   Compiling libc v0.2.186
   Compiling once_cell v1.21.4
   Compiling stable_deref_trait v1.2.1
   Compiling serde v1.0.229
   Compiling foldhash v0.2.0
   Compiling equivalent v1.0.2
   Compiling itoa v1.0.18
   Compiling version_check v0.9.5
   Compiling smallvec v1.15.1
   Compiling rustc-hash v2.1.3
   Compiling writeable v0.6.4
   Compiling hashbrown v0.17.1
   Compiling autocfg v1.5.0
   Compiling siphasher v1.0.2
   Compiling litemap v0.8.2
   Compiling pin-project-lite v0.2.17
   Compiling zmij v1.0.21
   Compiling serde_json v1.0.151
   Compiling zerocopy v0.8.48
   Compiling num-traits v0.2.19
   Compiling ahash v0.8.12
   Compiling icu_properties_data v2.3.0
   Compiling utf8_iter v1.0.4
   Compiling syn v2.0.117
   Compiling syn v3.0.4
   Compiling icu_normalizer_data v2.3.0
   Compiling write16 v1.0.0
   Compiling utf16_iter v1.0.5
   Compiling parking_lot_core v0.9.12
   Compiling anyhow v1.0.104
   Compiling either v1.15.0
   Compiling scopeguard v1.2.0
   Compiling lock_api v0.4.14
   Compiling percent-encoding v2.3.2
   Compiling tracing-core v0.1.36
   Compiling radium v0.7.0
   Compiling shlex v1.3.0
   Compiling tap v1.0.1
   Compiling num-integer v0.1.47
   Compiling find-msvc-tools v0.1.9
   Compiling bitflags v2.13.1
   Compiling cc v1.2.61
   Compiling wyz v0.5.1
   Compiling form_urlencoded v1.2.2
   Compiling new_debug_unreachable v1.0.6
   Compiling bytes v1.11.1
   Compiling indexmap v2.14.0
   Compiling vsimd v0.8.0
   Compiling uuid v1.23.1
   Compiling funty v2.0.0
   Compiling termcolor v1.4.1
   Compiling outref v0.5.2
   Compiling base64-simd v0.8.0
   Compiling bitvec v1.0.1
   Compiling if_chain v1.0.3
   Compiling unicode-width v0.2.2
   Compiling unicode-id-start v1.4.0
   Compiling data-encoding v2.11.0
   Compiling aho-corasick v1.1.4
   Compiling scoped-tls v1.0.1
   Compiling heck v0.5.0
   Compiling synstructure v0.13.2
   Compiling swc_macros_common v1.0.1
   Compiling cbor4ii v1.2.2
   Compiling regex-syntax v0.8.10
   Compiling better_scoped_tls v1.0.1
   Compiling swc_visit v2.0.1
   Compiling parking_lot v0.12.5
   Compiling hashbrown v0.14.5
   Compiling crossbeam-utils v0.8.21
   Compiling siphasher v0.3.11
   Compiling serde_derive v1.0.229
   Compiling zerofrom-derive v0.1.7
   Compiling yoke-derive v0.8.2
   Compiling displaydoc v0.2.5
   Compiling zerovec-derive v0.11.6
   Compiling tracing-attributes v0.1.31
   Compiling regex-automata v0.4.16
   Compiling from_variant v3.0.0
   Compiling zerofrom v0.1.7
   Compiling yoke v0.8.3
   Compiling swc_eq_ignore_macros v1.0.1
   Compiling ast_node v6.1.0
   Compiling zerovec v0.11.8
   Compiling zerotrie v0.2.5
   Compiling static_assertions v1.1.0
   Compiling rustversion v1.0.22
   Compiling tracing v0.1.44
   Compiling rand_core v0.6.4
   Compiling rand v0.8.6
   Compiling phf_shared v0.11.3
   Compiling tinystr v0.8.4
   Compiling potential_utf v0.1.5
   Compiling phf_generator v0.11.3
   Compiling icu_locale_core v2.3.0
   Compiling icu_collections v2.3.0
   Compiling phf_macros v0.11.3
   Compiling object v0.37.3
   Compiling ryu v1.0.23
   Compiling is-macro v0.3.7
   Compiling debugid v0.8.0
   Compiling triomphe v0.1.15
   Compiling bytes-str v0.2.7
   Compiling num-bigint v0.4.6
   Compiling phf v0.11.3
   Compiling hstr v4.0.0
   Compiling string_enum v1.0.2
   Compiling castaway v0.2.4
   Compiling fastrand v2.3.0
   Compiling hashbrown v0.16.1
   Compiling typenum v1.19.0
   Compiling swc_atoms v10.0.0
   Compiling icu_provider v2.3.1
   Compiling regex v1.12.3
   Compiling generic-array v0.14.9
   Compiling icu_properties v2.3.0
   Compiling icu_normalizer v2.3.0
   Compiling dragonbox_ecma v0.1.12
   Compiling stacker v0.1.24
   Compiling idna_adapter v1.2.2
   Compiling idna v1.1.0
   Compiling par-core v2.0.0
   Compiling log v0.4.33
   Compiling url v2.5.8
   Compiling ar_archive_writer v0.5.1
   Compiling compact_str v0.7.1
   Compiling dashmap v6.2.1
   Compiling swc_sourcemap v10.0.2
   Compiling num_cpus v1.17.0
   Compiling phf_shared v0.14.0
   Compiling regress v0.11.1
   Compiling psm v0.1.31
   Compiling seq-macro v0.3.6
   Compiling phf_generator v0.14.0
   Compiling crypto-common v0.1.6
   Compiling block-buffer v0.10.4
   Compiling phf_macros v0.14.0
   Compiling owo-colors v4.2.2
   Compiling rustix v1.1.4
   Compiling swc_common v24.0.0
   Compiling digest v0.10.7
   Compiling phf v0.14.0
   Compiling cpufeatures v0.2.17
   Compiling errno v0.3.14
   Compiling bstr v1.12.1
   Compiling unicode-linebreak v0.1.5
   Compiling thiserror v1.0.69
   Compiling camino v1.1.11
   Compiling textwrap v0.16.2
   Compiling globset v0.4.18
   Compiling miette-derive v7.6.0
   Compiling swc_ecma_ast v27.0.0
   Compiling swc_config_macro v1.0.1
   Compiling thiserror-impl v1.0.69
   Compiling bumpalo v3.20.2
   Compiling unicode-width v0.1.14
   Compiling lazy_static v1.5.0
   Compiling getrandom v0.3.4
   Compiling miette v7.6.0
   Compiling sharded-slab v0.1.7
   Compiling swc_allocator v5.0.0
   Compiling swc_config v6.0.0
   Compiling tracing-log v0.2.0
   Compiling matchers v0.2.0
   Compiling cargo-platform v0.1.9
   Compiling swc_ecma_codegen_macros v2.0.2
   Compiling semver v1.0.28
   Compiling thread_local v1.1.9
   Compiling base64 v0.22.1
   Compiling nu-ansi-term v0.50.1
   Compiling glob v0.3.4
   Compiling yansi v1.0.1
   Compiling ascii v1.1.0
   Compiling diff v0.1.13
   Compiling relative-path v1.9.3
   Compiling tracing-subscriber v0.3.20
   Compiling testing_macros v1.0.1
   Compiling pretty_assertions v1.4.1
   Compiling cargo_metadata v0.18.1
   Compiling swc_error_reporters v26.0.0
   Compiling difference v2.0.0
   Compiling swc_ecma_visit v27.0.0
   Compiling tempfile v3.21.0
   Compiling testing v25.0.0
   Compiling sha1 v0.10.6
   Compiling sha2 v0.10.9
   Compiling hex v0.4.3
   Compiling swc_ecma_testing v25.0.0
   Compiling stylex_constants v0.18.6-rc.1 (/Users/vladislavbuinovski/Projects/Facebook/stylex-swc-plugin.git/leg1-control/crates/stylex-constants)
   Compiling swc_core v75.0.0
   Compiling ansi_term v0.12.1
   Compiling swc_plugin_proxy v28.0.0
   Compiling swc_transform_common v18.0.0
   Compiling swc_plugin_macro v1.1.1
   Compiling swc_plugin v1.0.1
   Compiling colored v3.1.1
   Compiling swc_ecma_utils v33.0.0
   Compiling swc_ecma_parser v43.0.0
   Compiling swc_ecma_hooks v0.11.0
   Compiling swc_ecma_codegen v30.0.0
   Compiling radix_fmt v1.0.0
   Compiling stylex_macros v0.18.6-rc.1 (/Users/vladislavbuinovski/Projects/Facebook/stylex-swc-plugin.git/leg1-control/crates/stylex-macros)
   Compiling arrayvec v0.7.8
   Compiling xxhash-rust v0.8.18
   Compiling murmur2 v0.1.0
   Compiling futures-core v0.3.32
   Compiling unicode-segmentation v1.13.2
   Compiling ryu-js v1.0.3
   Compiling futures-io v0.3.32
   Compiling strsim v0.11.1
   Compiling thiserror v2.0.20
   Compiling fnv v1.0.7
   Compiling ident_case v1.0.1
   Compiling thiserror-impl v2.0.20
   Compiling darling_core v0.20.11
   Compiling fixedbitset v0.5.7
   Compiling futures-sink v0.3.32
   Compiling futures-channel v0.3.32
   Compiling futures-macro v0.3.32
   Compiling futures-task v0.3.32
   Compiling icu_locale_fallback_data v2.3.0
   Compiling bit-vec v0.8.0
   Compiling crc32fast v1.5.0
   Compiling slab v0.4.12
   Compiling bit-set v0.8.0
   Compiling link-section v0.19.2
   Compiling napi-build v2.4.0
   Compiling linktime-proc-macro v0.2.2
   Compiling zlib-rs v0.5.4
   Compiling futures-util v0.3.32
   Compiling swc_ecma_transforms_base v47.0.0
   Compiling libm v0.2.16
   Compiling pathdiff v0.2.3
   Compiling napi v3.12.0
   Compiling fancy-regex v0.19.0
   Compiling ctor v1.0.12
   Compiling petgraph v0.7.1
   Compiling convert_case v0.10.0
   Compiling convert_case v0.11.0
   Compiling halfbrown v0.4.0
   Compiling darling_macro v0.20.11
   Compiling swc_ecma_transforms_react v53.0.0
   Compiling swc_ecma_transforms_testing v51.0.0
   Compiling darling v0.20.11
   Compiling derive_builder_core v0.20.2
   Compiling swc_ecma_transforms_typescript v53.0.0
   Compiling libz-rs-sys v0.5.4
   Compiling futures-executor v0.3.32
   Compiling synstructure v0.14.0
   Compiling float-cmp v0.10.0
   Compiling phf_shared v0.13.1
   Compiling nibble_vec v0.1.0
   Compiling libloading v0.9.0
   Compiling winnow v1.0.4
   Compiling unicode-xid v0.2.6
   Compiling fast-float2 v0.2.4
   Compiling cow-utils v0.1.3
   Compiling pastey v0.2.3
   Compiling endian-type v0.2.0
   Compiling parking v2.2.1
   Compiling radix_trie v0.3.0
   Compiling boa_macros v0.22.0
   Compiling boa_string v0.22.0
   Compiling toml_parser v1.1.3+spec-1.1.0
   Compiling derive_more-impl v2.1.1
   Compiling napi-sys v3.3.0
   Compiling phf_generator v0.13.1
   Compiling value-trait v0.12.1
   Compiling futures v0.3.32
   Compiling flate2 v1.1.5
   Compiling derive_builder_macro v0.20.2
   Compiling swc_ecma_transforms_optimization v50.0.0
   Compiling napi-derive-backend v6.1.1
   Compiling icu_locale_fallback v2.3.0
   Compiling par-iter v2.0.0
   Compiling is-terminal v0.4.15
   Compiling concurrent_lru v0.2.0
   Compiling humantime v2.1.0
   Compiling icu_calendar_data v2.3.0
   Compiling nohash-hasher v0.2.0
   Compiling thin-vec v0.2.19
   Compiling crossbeam-epoch v0.9.20
   Compiling nodejs-built-in-modules v1.0.0
   Compiling toml_datetime v1.1.1+spec-1.1.0
   Compiling simdutf8 v0.1.5
   Compiling byteorder v1.5.0
   Compiling simd-json v0.17.0
   Compiling pnp v0.12.11
   Compiling toml_edit v0.25.13+spec-1.1.0
   Compiling napi-derive v3.6.2
   Compiling swc_ecma_minifier v59.0.0
   Compiling boa_gc v0.22.0
   Compiling core_maths v0.1.1
   Compiling env_logger v0.10.2
   Compiling derive_more v2.1.1
   Compiling stylex_regex v0.18.6-rc.1 (/Users/vladislavbuinovski/Projects/Facebook/stylex-swc-plugin.git/leg1-control/crates/stylex-regex)
   Compiling derive_builder v0.20.2
   Compiling phf_macros v0.13.1
   Compiling rustc_version v0.4.1
   Compiling fast-glob v1.0.0
   Compiling compact_str v0.9.0
   Compiling strum_macros v0.28.0
   Compiling json-strip-comments v3.1.0
   Compiling getrandom v0.4.3
   Compiling self_cell v1.2.1
   Compiling rand_core v0.10.1
   Compiling dtoa v1.0.10
   Compiling icu_collator_data v2.3.0
   Compiling dtoa-short v0.3.5
   Compiling oxc_resolver v11.24.2
   Compiling phf v0.13.1
   Compiling float16 v0.1.7
   Compiling package-json v0.5.0
   Compiling pretty_env_logger v0.5.0
   Compiling strum v0.28.0
   Compiling calendrical_calculations v0.2.4
   Compiling boa_interner v0.22.0
   Compiling proc-macro-crate v3.5.0
   Compiling event-listener v5.4.2
   Compiling swc_compiler_base v62.0.0
   Compiling num-bigint v0.5.1
   Compiling cssparser-macros v0.7.0
   Compiling pin-project-internal v1.1.13
   Compiling equator-macro v0.4.2
   Compiling libmimalloc-sys v0.1.49
   Compiling portable-atomic v1.15.0
   Compiling num-conv v0.2.2
   Compiling path-clean v1.0.1
   Compiling rayon-core v1.13.0
   Compiling time-core v0.1.9
   Compiling time-macros v0.2.32
   Compiling equator v0.4.2
   Compiling pin-project v1.1.13
   Compiling boa_ast v0.22.0
   Compiling cssparser v0.37.0
   Compiling event-listener-strategy v0.5.4
   Compiling num_enum_derive v0.7.6
   Compiling crossbeam-deque v0.8.6
   Compiling icu_calendar v2.3.0
   Compiling chacha20 v0.10.2
   Compiling futures-lite v2.6.1
   Compiling stylex_styleq v0.18.6-rc.1 (/Users/vladislavbuinovski/Projects/Facebook/stylex-swc-plugin.git/leg1-control/crates/stylex-styleq)
   Compiling timezone_provider v0.2.6
   Compiling concurrent-queue v2.5.0
   Compiling dynify-macros v0.1.2
   Compiling bytemuck_derive v1.12.0
   Compiling alloca v0.4.0
   Compiling num_threads v0.1.7
   Compiling regress v0.12.0
   Compiling half v2.6.0
   Compiling ixdtf v0.6.6
   Compiling clap_lex v1.0.0
   Compiling ciborium-io v0.2.2
   Compiling plotters-backend v0.3.7
   Compiling deranged v0.5.8
   Compiling anstyle v1.0.14
   Compiling powerfmt v0.2.0
   Compiling plotters-svg v0.3.7
   Compiling clap_builder v4.6.6
   Compiling stylex_path_resolver v0.18.6-rc.1 (/Users/vladislavbuinovski/Projects/Facebook/stylex-swc-plugin.git/leg1-control/crates/stylex-path-resolver)
   Compiling bytemuck v1.25.2
   Compiling ciborium-ll v0.2.2
   Compiling time v0.3.55
   Compiling temporal_rs v0.2.6
   Compiling boa_parser v0.22.0
   Compiling dynify v0.1.2
   Compiling futures-concurrency v7.7.1
   Compiling async-channel v2.5.0
   Compiling rand v0.10.2
   Compiling icu_collator v2.3.1
   Compiling num_enum v0.7.6
   Compiling aligned-vec v0.6.4
   Compiling small_btree v0.1.0
   Compiling itertools v0.15.0
   Compiling itertools v0.13.0
   Compiling cast v0.3.0
   Compiling postcss_value_parser v0.18.6-rc.1 (/Users/vladislavbuinovski/Projects/Facebook/stylex-swc-plugin.git/leg1-control/crates/postcss-value-parser)
   Compiling intrusive-collections v0.10.3
   Compiling tag_ptr v0.1.0
   Compiling same-file v1.0.6
   Compiling xsum v0.1.6
   Compiling oneshot v0.2.1
   Compiling walkdir v2.5.0
   Compiling rayon v1.11.0
   Compiling criterion-plot v0.8.2
   Compiling mimalloc v0.1.52
   Compiling clap v4.6.6
   Compiling ciborium v0.2.2
   Compiling plotters v0.3.7
   Compiling tinytemplate v1.2.1
   Compiling console v0.16.3
   Compiling page_size v0.6.0
   Compiling similar v2.7.0
   Compiling oorandom v11.1.5
   Compiling anes v0.1.6
   Compiling swc_malloc v1.2.5
   Compiling insta v1.48.0
   Compiling boa_engine v0.22.0
   Compiling criterion v0.8.2
   Compiling stylex_utils v0.18.6-rc.1 (/Users/vladislavbuinovski/Projects/Facebook/stylex-swc-plugin.git/leg1-control/crates/stylex-utils)
   Compiling stylex_enums v0.18.6-rc.1 (/Users/vladislavbuinovski/Projects/Facebook/stylex-swc-plugin.git/leg1-control/crates/stylex-enums)
   Compiling stylex_ast v0.18.6-rc.1 (/Users/vladislavbuinovski/Projects/Facebook/stylex-swc-plugin.git/leg1-control/crates/stylex-ast)
   Compiling stylex_css_parser v0.18.6-rc.1 (/Users/vladislavbuinovski/Projects/Facebook/stylex-swc-plugin.git/leg1-control/crates/stylex-css-parser)
   Compiling stylex_js v0.18.6-rc.1 (/Users/vladislavbuinovski/Projects/Facebook/stylex-swc-plugin.git/leg1-control/crates/stylex-js)
   Compiling stylex_structures v0.18.6-rc.1 (/Users/vladislavbuinovski/Projects/Facebook/stylex-swc-plugin.git/leg1-control/crates/stylex-structures)
   Compiling stylex_state_index v0.18.6-rc.1 (/Users/vladislavbuinovski/Projects/Facebook/stylex-swc-plugin.git/leg1-control/crates/stylex-state-index)
   Compiling stylex_atoms v0.18.6-rc.1 (/Users/vladislavbuinovski/Projects/Facebook/stylex-swc-plugin.git/leg1-control/crates/stylex-atoms)
   Compiling stylex_types v0.18.6-rc.1 (/Users/vladislavbuinovski/Projects/Facebook/stylex-swc-plugin.git/leg1-control/crates/stylex-types)
   Compiling stylex_evaluator v0.18.6-rc.1 (/Users/vladislavbuinovski/Projects/Facebook/stylex-swc-plugin.git/leg1-control/crates/stylex-evaluator)
   Compiling stylex_nested_config v0.18.6-rc.1 (/Users/vladislavbuinovski/Projects/Facebook/stylex-swc-plugin.git/leg1-control/crates/stylex-nested-config)
   Compiling stylex_css v0.18.6-rc.1 (/Users/vladislavbuinovski/Projects/Facebook/stylex-swc-plugin.git/leg1-control/crates/stylex-css)
   Compiling stylex_diagnostics v0.18.6-rc.1 (/Users/vladislavbuinovski/Projects/Facebook/stylex-swc-plugin.git/leg1-control/crates/stylex-diagnostics)
   Compiling stylex_state v0.18.6-rc.1 (/Users/vladislavbuinovski/Projects/Facebook/stylex-swc-plugin.git/leg1-control/crates/stylex-state)
   Compiling stylex_declarations v0.18.6-rc.1 (/Users/vladislavbuinovski/Projects/Facebook/stylex-swc-plugin.git/leg1-control/crates/stylex-declarations)
   Compiling stylex_transform v0.18.6-rc.1 (/Users/vladislavbuinovski/Projects/Facebook/stylex-swc-plugin.git/leg1-control/crates/stylex-transform)
    Finished `bench` profile [optimized + debuginfo] target(s) in 7m 13s
     Running benches/concatenation_chain_bench.rs (/Users/vladislavbuinovski/Projects/Facebook/stylex-swc-plugin.git/target-leg1c4/release/deps/concatenation_chain_bench-87810beb62479547)
Benchmarking ConcatenationChain/links/2
Benchmarking ConcatenationChain/links/2: Warming up for 2.0000 s
Benchmarking ConcatenationChain/links/2: Collecting 20 samples in estimated 4.1260 s (5670 iterations)
Benchmarking ConcatenationChain/links/2: Analyzing
ConcatenationChain/links/2
                        time:   [718.15 µs 722.58 µs 726.90 µs]
                        change: [−2.7860% −1.7337% −0.8610%] (p = 0.00 < 0.05)
                        Change within noise threshold.
Found 1 outliers among 20 measurements (5.00%)
  1 (5.00%) high mild
Benchmarking ConcatenationChain/links/5
Benchmarking ConcatenationChain/links/5: Warming up for 2.0000 s
Benchmarking ConcatenationChain/links/5: Collecting 20 samples in estimated 4.1115 s (4200 iterations)
Benchmarking ConcatenationChain/links/5: Analyzing
ConcatenationChain/links/5
                        time:   [971.59 µs 975.03 µs 977.77 µs]
                        change: [−6.2106% −3.8727% −2.1955%] (p = 0.00 < 0.05)
                        Performance has improved.
Found 1 outliers among 20 measurements (5.00%)
  1 (5.00%) high severe
Benchmarking ConcatenationChain/links/10
Benchmarking ConcatenationChain/links/10: Warming up for 2.0000 s
Benchmarking ConcatenationChain/links/10: Collecting 20 samples in estimated 4.2125 s (3150 iterations)
Benchmarking ConcatenationChain/links/10: Analyzing
ConcatenationChain/links/10
                        time:   [1.3171 ms 1.3201 ms 1.3224 ms]
                        change: [−6.2554% −3.9201% −2.0277%] (p = 0.00 < 0.05)
                        Performance has improved.
Benchmarking ConcatenationChain/links/20
Benchmarking ConcatenationChain/links/20: Warming up for 2.0000 s
Benchmarking ConcatenationChain/links/20: Collecting 20 samples in estimated 4.1645 s (2100 iterations)
Benchmarking ConcatenationChain/links/20: Analyzing
ConcatenationChain/links/20
                        time:   [1.9842 ms 1.9877 ms 1.9904 ms]
                        change: [−12.580% −5.8338% −1.8179%] (p = 0.07 > 0.05)
                        No change in performance detected.
Found 2 outliers among 20 measurements (10.00%)
  1 (5.00%) low severe
  1 (5.00%) low mild

   Compiling stylex_transform v0.18.6-rc.1 (/Users/vladislavbuinovski/Projects/Facebook/stylex-swc-plugin.git/leg1-control/crates/stylex-transform)
    Finished `bench` profile [optimized + debuginfo] target(s) in 4m 54s
     Running benches/engine_fold_bench.rs (/Users/vladislavbuinovski/Projects/Facebook/stylex-swc-plugin.git/target-leg1c4/release/deps/engine_fold_bench-f72214407a7ade6e)
Benchmarking EngineFoldColdStart/build-and-answer
Benchmarking EngineFoldColdStart/build-and-answer: Warming up for 2.0000 s
Benchmarking EngineFoldColdStart/build-and-answer: Collecting 20 samples in estimated 4.0309 s (25k iterations)
Benchmarking EngineFoldColdStart/build-and-answer: Analyzing
EngineFoldColdStart/build-and-answer
                        time:   [161.06 µs 161.73 µs 162.50 µs]
                        change: [−3.1825% −1.7347% −0.2751%] (p = 0.03 < 0.05)
                        Change within noise threshold.
Found 2 outliers among 20 measurements (10.00%)
  1 (5.00%) high mild
  1 (5.00%) high severe

Benchmarking EngineFoldRoundTrip/engine/string
Benchmarking EngineFoldRoundTrip/engine/string: Warming up for 2.0000 s
Benchmarking EngineFoldRoundTrip/engine/string: Collecting 20 samples in estimated 4.0001 s (1.7M iterations)
Benchmarking EngineFoldRoundTrip/engine/string: Analyzing
EngineFoldRoundTrip/engine/string
                        time:   [2.3039 µs 2.3141 µs 2.3277 µs]
                        change: [−3.2386% −2.2549% −1.3155%] (p = 0.00 < 0.05)
                        Performance has improved.
Found 1 outliers among 20 measurements (5.00%)
  1 (5.00%) high mild
Benchmarking EngineFoldRoundTrip/fold/string
Benchmarking EngineFoldRoundTrip/fold/string: Warming up for 2.0000 s
Benchmarking EngineFoldRoundTrip/fold/string: Collecting 20 samples in estimated 4.0001 s (4.0M iterations)
Benchmarking EngineFoldRoundTrip/fold/string: Analyzing
EngineFoldRoundTrip/fold/string
                        time:   [758.01 ns 761.88 ns 766.73 ns]
                        change: [−2.4109% −1.8573% −1.2407%] (p = 0.00 < 0.05)
                        Performance has improved.
Found 3 outliers among 20 measurements (15.00%)
  2 (10.00%) high mild
  1 (5.00%) high severe
Benchmarking EngineFoldRoundTrip/engine/callback
Benchmarking EngineFoldRoundTrip/engine/callback: Warming up for 2.0000 s
Benchmarking EngineFoldRoundTrip/engine/callback: Collecting 20 samples in estimated 4.0005 s (359k iterations)
Benchmarking EngineFoldRoundTrip/engine/callback: Analyzing
EngineFoldRoundTrip/engine/callback
                        time:   [11.051 µs 11.107 µs 11.156 µs]
                        change: [−0.9147% −0.2800% +0.3334%] (p = 0.42 > 0.05)
                        No change in performance detected.
Found 1 outliers among 20 measurements (5.00%)
  1 (5.00%) high mild
Benchmarking EngineFoldRoundTrip/fold/callback
Benchmarking EngineFoldRoundTrip/fold/callback: Warming up for 2.0000 s
Benchmarking EngineFoldRoundTrip/fold/callback: Collecting 20 samples in estimated 4.0004 s (756k iterations)
Benchmarking EngineFoldRoundTrip/fold/callback: Analyzing
EngineFoldRoundTrip/fold/callback
                        time:   [5.0390 µs 5.0639 µs 5.0898 µs]
                        change: [−1.5557% −1.0311% −0.5239%] (p = 0.00 < 0.05)
                        Change within noise threshold.
Found 1 outliers among 20 measurements (5.00%)
  1 (5.00%) high mild
Benchmarking EngineFoldRoundTrip/engine/chain
Benchmarking EngineFoldRoundTrip/engine/chain: Warming up for 2.0000 s
Benchmarking EngineFoldRoundTrip/engine/chain: Collecting 20 samples in estimated 4.0005 s (686k iterations)
Benchmarking EngineFoldRoundTrip/engine/chain: Analyzing
EngineFoldRoundTrip/engine/chain
                        time:   [5.8316 µs 5.8558 µs 5.8912 µs]
                        change: [−5.3071% −3.6265% −2.2089%] (p = 0.00 < 0.05)
                        Performance has improved.
Found 2 outliers among 20 measurements (10.00%)
  2 (10.00%) high mild
Benchmarking EngineFoldRoundTrip/fold/chain
Benchmarking EngineFoldRoundTrip/fold/chain: Warming up for 2.0000 s
Benchmarking EngineFoldRoundTrip/fold/chain: Collecting 20 samples in estimated 4.0003 s (2.0M iterations)
Benchmarking EngineFoldRoundTrip/fold/chain: Analyzing
EngineFoldRoundTrip/fold/chain
                        time:   [1.7637 µs 1.7689 µs 1.7761 µs]
                        change: [−2.7578% −2.0251% −1.2703%] (p = 0.00 < 0.05)
                        Performance has improved.
Found 3 outliers among 20 measurements (15.00%)
  1 (5.00%) low mild
  2 (10.00%) high mild
Benchmarking EngineFoldRoundTrip/engine/array-answer
Benchmarking EngineFoldRoundTrip/engine/array-answer: Warming up for 2.0000 s
Benchmarking EngineFoldRoundTrip/engine/array-answer: Collecting 20 samples in estimated 4.0010 s (714k iterations)
Benchmarking EngineFoldRoundTrip/engine/array-answer: Analyzing
EngineFoldRoundTrip/engine/array-answer
                        time:   [5.6458 µs 5.6601 µs 5.6818 µs]
                        change: [−4.8776% −3.9832% −2.8100%] (p = 0.00 < 0.05)
                        Performance has improved.
Found 3 outliers among 20 measurements (15.00%)
  1 (5.00%) low mild
  1 (5.00%) high mild
  1 (5.00%) high severe
Benchmarking EngineFoldRoundTrip/fold/array-answer
Benchmarking EngineFoldRoundTrip/fold/array-answer: Warming up for 2.0000 s
Benchmarking EngineFoldRoundTrip/fold/array-answer: Collecting 20 samples in estimated 4.0001 s (1.6M iterations)
Benchmarking EngineFoldRoundTrip/fold/array-answer: Analyzing
EngineFoldRoundTrip/fold/array-answer
                        time:   [2.2817 µs 2.2896 µs 2.3004 µs]
                        change: [−1.7164% −0.9328% −0.1185%] (p = 0.03 < 0.05)
                        Change within noise threshold.
Found 1 outliers among 20 measurements (5.00%)
  1 (5.00%) high mild
Benchmarking EngineFoldRoundTrip/fold-distinct
Benchmarking EngineFoldRoundTrip/fold-distinct: Warming up for 2.0000 s
Benchmarking EngineFoldRoundTrip/fold-distinct: Collecting 20 samples in estimated 4.0002 s (641k iterations)
Benchmarking EngineFoldRoundTrip/fold-distinct: Analyzing
EngineFoldRoundTrip/fold-distinct
                        time:   [5.1721 µs 5.3140 µs 5.4258 µs]
                        change: [−9.9572% −7.9169% −5.5941%] (p = 0.00 < 0.05)
                        Performance has improved.

   Compiling stylex_transform v0.18.6-rc.1 (/Users/vladislavbuinovski/Projects/Facebook/stylex-swc-plugin.git/leg1-control/crates/stylex-transform)
    Finished `bench` profile [optimized + debuginfo] target(s) in 4m 27s
     Running benches/evaluate_bench.rs (/Users/vladislavbuinovski/Projects/Facebook/stylex-swc-plugin.git/target-leg1c4/release/deps/evaluate_bench-8f9af56a1e473d3d)
Benchmarking EvaluatePerfFixtures/colors.stylex.js
Benchmarking EvaluatePerfFixtures/colors.stylex.js: Warming up for 2.0000 s
Benchmarking EvaluatePerfFixtures/colors.stylex.js: Collecting 20 samples in estimated 4.0021 s (116k iterations)
Benchmarking EvaluatePerfFixtures/colors.stylex.js: Analyzing
EvaluatePerfFixtures/colors.stylex.js
                        time:   [29.565 µs 29.682 µs 29.784 µs]
                        change: [−2.3367% −1.3761% −0.4446%] (p = 0.01 < 0.05)
                        Change within noise threshold.
Found 1 outliers among 20 measurements (5.00%)
  1 (5.00%) high mild
Benchmarking EvaluatePerfFixtures/sizes.stylex.js
Benchmarking EvaluatePerfFixtures/sizes.stylex.js: Warming up for 2.0000 s
Benchmarking EvaluatePerfFixtures/sizes.stylex.js: Collecting 20 samples in estimated 4.0016 s (200k iterations)
Benchmarking EvaluatePerfFixtures/sizes.stylex.js: Analyzing
EvaluatePerfFixtures/sizes.stylex.js
                        time:   [17.118 µs 17.213 µs 17.297 µs]
                        change: [−2.2219% −0.9598% +0.2507%] (p = 0.15 > 0.05)
                        No change in performance detected.
Benchmarking EvaluatePerfFixtures/create-basic.js
Benchmarking EvaluatePerfFixtures/create-basic.js: Warming up for 2.0000 s
Benchmarking EvaluatePerfFixtures/create-basic.js: Collecting 20 samples in estimated 4.0000 s (346k iterations)
Benchmarking EvaluatePerfFixtures/create-basic.js: Analyzing
EvaluatePerfFixtures/create-basic.js
                        time:   [9.1109 µs 9.1692 µs 9.2308 µs]
                        change: [+0.4929% +1.6146% +2.7482%] (p = 0.01 < 0.05)
                        Change within noise threshold.
Benchmarking EvaluatePerfFixtures/create-complex.js
Benchmarking EvaluatePerfFixtures/create-complex.js: Warming up for 2.0000 s
Benchmarking EvaluatePerfFixtures/create-complex.js: Collecting 20 samples in estimated 4.0005 s (106k iterations)
Benchmarking EvaluatePerfFixtures/create-complex.js: Analyzing
EvaluatePerfFixtures/create-complex.js
                        time:   [19.538 µs 19.739 µs 19.922 µs]
                        change: [+0.6198% +2.2026% +3.7941%] (p = 0.01 < 0.05)
                        Change within noise threshold.
Benchmarking EvaluatePerfFixtures/createTheme-basic.js
Benchmarking EvaluatePerfFixtures/createTheme-basic.js: Warming up for 2.0000 s
Benchmarking EvaluatePerfFixtures/createTheme-basic.js: Collecting 20 samples in estimated 4.0009 s (125k iterations)
Benchmarking EvaluatePerfFixtures/createTheme-basic.js: Analyzing
EvaluatePerfFixtures/createTheme-basic.js
                        time:   [24.767 µs 24.917 µs 25.048 µs]
                        change: [−1.1198% −0.1289% +0.8697%] (p = 0.80 > 0.05)
                        No change in performance detected.
Benchmarking EvaluatePerfFixtures/createTheme-complex.js
Benchmarking EvaluatePerfFixtures/createTheme-complex.js: Warming up for 2.0000 s
Benchmarking EvaluatePerfFixtures/createTheme-complex.js: Collecting 20 samples in estimated 4.6604 s (1470 iterations)
Benchmarking EvaluatePerfFixtures/createTheme-complex.js: Analyzing
EvaluatePerfFixtures/createTheme-complex.js
                        time:   [3.0929 ms 3.0988 ms 3.1069 ms]
                        change: [−0.6716% −0.2355% +0.1887%] (p = 0.31 > 0.05)
                        No change in performance detected.
Found 2 outliers among 20 measurements (10.00%)
  1 (5.00%) high mild
  1 (5.00%) high severe
Benchmarking EvaluatePerfFixtures/dynamic-param-shadows-import
Benchmarking EvaluatePerfFixtures/dynamic-param-shadows-import: Warming up for 2.0000 s
Benchmarking EvaluatePerfFixtures/dynamic-param-shadows-import: Collecting 20 samples in estimated 4.0004 s (1.1M iterations)
Benchmarking EvaluatePerfFixtures/dynamic-param-shadows-import: Analyzing
EvaluatePerfFixtures/dynamic-param-shadows-import
                        time:   [2.6106 µs 2.6285 µs 2.6456 µs]
                        change: [−0.2151% +2.0963% +4.3969%] (p = 0.09 > 0.05)
                        No change in performance detected.
Found 1 outliers among 20 measurements (5.00%)
  1 (5.00%) low mild
Benchmarking EvaluatePerfFixtures/dynamic-param-shadows-import-edges
Benchmarking EvaluatePerfFixtures/dynamic-param-shadows-import-edges: Warming up for 2.0000 s
Benchmarking EvaluatePerfFixtures/dynamic-param-shadows-import-edges: Collecting 20 samples in estimated 4.0030 s (282k iterations)
Benchmarking EvaluatePerfFixtures/dynamic-param-shadows-import-edges: Analyzing
EvaluatePerfFixtures/dynamic-param-shadows-import-edges
                        time:   [7.8578 µs 7.9468 µs 8.0428 µs]
                        change: [−1.6331% +0.6313% +2.8553%] (p = 0.61 > 0.05)
                        No change in performance detected.

   Compiling stylex_transform v0.18.6-rc.1 (/Users/vladislavbuinovski/Projects/Facebook/stylex-swc-plugin.git/leg1-control/crates/stylex-transform)
    Finished `bench` profile [optimized + debuginfo] target(s) in 4m 38s
     Running benches/evaluate_depth_bench.rs (/Users/vladislavbuinovski/Projects/Facebook/stylex-swc-plugin.git/target-leg1c4/release/deps/evaluate_depth_bench-afac56535e8840a0)
Benchmarking EvaluateDepth/arithmetic/30
Benchmarking EvaluateDepth/arithmetic/30: Warming up for 2.0000 s
Benchmarking EvaluateDepth/arithmetic/30: Collecting 20 samples in estimated 4.0022 s (217k iterations)
Benchmarking EvaluateDepth/arithmetic/30: Analyzing
EvaluateDepth/arithmetic/30
                        time:   [17.525 µs 17.582 µs 17.662 µs]
                        change: [−5.1171% −3.1616% −1.6630%] (p = 0.00 < 0.05)
                        Performance has improved.
Found 2 outliers among 20 measurements (10.00%)
  2 (10.00%) high mild
Benchmarking EvaluateDepth/arithmetic/60
Benchmarking EvaluateDepth/arithmetic/60: Warming up for 2.0000 s
Benchmarking EvaluateDepth/arithmetic/60: Collecting 20 samples in estimated 4.0106 s (68k iterations)
Benchmarking EvaluateDepth/arithmetic/60: Analyzing
EvaluateDepth/arithmetic/60
                        time:   [58.368 µs 58.485 µs 58.599 µs]
                        change: [−4.9384% −3.7114% −2.7082%] (p = 0.00 < 0.05)
                        Performance has improved.
Found 1 outliers among 20 measurements (5.00%)
  1 (5.00%) high severe
Benchmarking EvaluateDepth/arithmetic/120
Benchmarking EvaluateDepth/arithmetic/120: Warming up for 2.0000 s
Benchmarking EvaluateDepth/arithmetic/120: Collecting 20 samples in estimated 4.0253 s (19k iterations)
Benchmarking EvaluateDepth/arithmetic/120: Analyzing
EvaluateDepth/arithmetic/120
                        time:   [207.15 µs 207.49 µs 207.88 µs]
                        change: [−4.7163% −3.2453% −2.3226%] (p = 0.00 < 0.05)
                        Performance has improved.
Found 1 outliers among 20 measurements (5.00%)
  1 (5.00%) low mild
Benchmarking EvaluateDepth/arithmetic/240
Benchmarking EvaluateDepth/arithmetic/240: Warming up for 2.0000 s
Benchmarking EvaluateDepth/arithmetic/240: Collecting 20 samples in estimated 4.1228 s (5250 iterations)
Benchmarking EvaluateDepth/arithmetic/240: Analyzing
EvaluateDepth/arithmetic/240
                        time:   [783.30 µs 784.73 µs 786.81 µs]
                        change: [−3.3925% −2.4868% −1.5735%] (p = 0.00 < 0.05)
                        Performance has improved.
Found 4 outliers among 20 measurements (20.00%)
  1 (5.00%) low mild
  2 (10.00%) high mild
  1 (5.00%) high severe

Benchmarking StructuralKeyDepth/arithmetic/30
Benchmarking StructuralKeyDepth/arithmetic/30: Warming up for 2.0000 s
Benchmarking StructuralKeyDepth/arithmetic/30: Collecting 20 samples in estimated 4.0001 s (6.4M iterations)
Benchmarking StructuralKeyDepth/arithmetic/30: Analyzing
StructuralKeyDepth/arithmetic/30
                        time:   [623.59 ns 625.08 ns 627.04 ns]
                        change: [−4.2978% −2.8061% −1.4220%] (p = 0.00 < 0.05)
                        Performance has improved.
Found 5 outliers among 20 measurements (25.00%)
  1 (5.00%) low severe
  2 (10.00%) high mild
  2 (10.00%) high severe
Benchmarking StructuralKeyDepth/arithmetic/60
Benchmarking StructuralKeyDepth/arithmetic/60: Warming up for 2.0000 s
Benchmarking StructuralKeyDepth/arithmetic/60: Collecting 20 samples in estimated 4.0001 s (2.6M iterations)
Benchmarking StructuralKeyDepth/arithmetic/60: Analyzing
StructuralKeyDepth/arithmetic/60
                        time:   [1.5198 µs 1.5229 µs 1.5264 µs]
                        change: [−2.1973% −1.1840% −0.5131%] (p = 0.01 < 0.05)
                        Change within noise threshold.
Benchmarking StructuralKeyDepth/arithmetic/120
Benchmarking StructuralKeyDepth/arithmetic/120: Warming up for 2.0000 s
Benchmarking StructuralKeyDepth/arithmetic/120: Collecting 20 samples in estimated 4.0001 s (1.3M iterations)
Benchmarking StructuralKeyDepth/arithmetic/120: Analyzing
StructuralKeyDepth/arithmetic/120
                        time:   [3.0321 µs 3.0382 µs 3.0450 µs]
                        change: [−4.8922% −2.7079% −1.3508%] (p = 0.01 < 0.05)
                        Performance has improved.
Found 1 outliers among 20 measurements (5.00%)
  1 (5.00%) high mild
Benchmarking StructuralKeyDepth/arithmetic/240
Benchmarking StructuralKeyDepth/arithmetic/240: Warming up for 2.0000 s
Benchmarking StructuralKeyDepth/arithmetic/240: Collecting 20 samples in estimated 4.0003 s (639k iterations)
Benchmarking StructuralKeyDepth/arithmetic/240: Analyzing
StructuralKeyDepth/arithmetic/240
                        time:   [6.2469 µs 6.2612 µs 6.2769 µs]
                        change: [−0.6855% −0.3911% −0.0950%] (p = 0.02 < 0.05)
                        Change within noise threshold.
Found 1 outliers among 20 measurements (5.00%)
  1 (5.00%) high mild

Benchmarking StructuralKeyFallback/object/128
Benchmarking StructuralKeyFallback/object/128: Warming up for 2.0000 s
Benchmarking StructuralKeyFallback/object/128: Collecting 20 samples in estimated 4.0004 s (1.6M iterations)
Benchmarking StructuralKeyFallback/object/128: Analyzing
StructuralKeyFallback/object/128
                        time:   [2.5452 µs 2.5485 µs 2.5513 µs]
                        change: [−1.4147% −1.0869% −0.7798%] (p = 0.00 < 0.05)
                        Change within noise threshold.
Found 1 outliers among 20 measurements (5.00%)
  1 (5.00%) high severe
Benchmarking StructuralKeyFallback/object/129
Benchmarking StructuralKeyFallback/object/129: Warming up for 2.0000 s
Benchmarking StructuralKeyFallback/object/129: Collecting 20 samples in estimated 4.0013 s (473k iterations)
Benchmarking StructuralKeyFallback/object/129: Analyzing
StructuralKeyFallback/object/129
                        time:   [8.3990 µs 8.4041 µs 8.4088 µs]
                        change: [−2.2797% −2.0567% −1.8241%] (p = 0.00 < 0.05)
                        Performance has improved.
Found 2 outliers among 20 measurements (10.00%)
  2 (10.00%) high severe

   Compiling stylex_transform v0.18.6-rc.1 (/Users/vladislavbuinovski/Projects/Facebook/stylex-swc-plugin.git/leg1-control/crates/stylex-transform)
    Finished `bench` profile [optimized + debuginfo] target(s) in 6m 11s
     Running benches/module_path_bench.rs (/Users/vladislavbuinovski/Projects/Facebook/stylex-swc-plugin.git/target-leg1c4/release/deps/module_path_bench-a4e0b54900e6a781)
Benchmarking ModuleWalk/calls/1x
Benchmarking ModuleWalk/calls/1x: Warming up for 2.0000 s
Benchmarking ModuleWalk/calls/1x: Collecting 20 samples in estimated 4.0272 s (20k iterations)
Benchmarking ModuleWalk/calls/1x: Analyzing
ModuleWalk/calls/1x     time:   [152.51 µs 153.09 µs 153.65 µs]
                        change: [−10.862% −8.5694% −6.7887%] (p = 0.00 < 0.05)
                        Performance has improved.
Benchmarking ModuleWalk/no-calls/1x
Benchmarking ModuleWalk/no-calls/1x: Warming up for 2.0000 s
Benchmarking ModuleWalk/no-calls/1x: Collecting 20 samples in estimated 4.0063 s (64k iterations)
Benchmarking ModuleWalk/no-calls/1x: Analyzing
ModuleWalk/no-calls/1x  time:   [22.170 µs 22.282 µs 22.352 µs]
                        change: [−10.777% −7.8848% −5.2059%] (p = 0.00 < 0.05)
                        Performance has improved.
Benchmarking ModuleWalk/imported/1x
Benchmarking ModuleWalk/imported/1x: Warming up for 2.0000 s
Benchmarking ModuleWalk/imported/1x: Collecting 20 samples in estimated 4.0244 s (14k iterations)
Benchmarking ModuleWalk/imported/1x: Analyzing
ModuleWalk/imported/1x  time:   [227.75 µs 228.67 µs 229.28 µs]
                        change: [−12.207% −7.9913% −4.1061%] (p = 0.00 < 0.05)
                        Performance has improved.
Benchmarking ModuleWalk/calls/4x
Benchmarking ModuleWalk/calls/4x: Warming up for 2.0000 s
Benchmarking ModuleWalk/calls/4x: Collecting 20 samples in estimated 4.1028 s (5040 iterations)
Benchmarking ModuleWalk/calls/4x: Analyzing
ModuleWalk/calls/4x     time:   [599.30 µs 604.20 µs 610.92 µs]
                        change: [−7.3464% −5.7985% −4.4692%] (p = 0.00 < 0.05)
                        Performance has improved.
Found 2 outliers among 20 measurements (10.00%)
  2 (10.00%) high mild
Benchmarking ModuleWalk/no-calls/4x
Benchmarking ModuleWalk/no-calls/4x: Warming up for 2.0000 s
Benchmarking ModuleWalk/no-calls/4x: Collecting 20 samples in estimated 4.0442 s (17k iterations)
Benchmarking ModuleWalk/no-calls/4x: Analyzing
ModuleWalk/no-calls/4x  time:   [81.971 µs 82.316 µs 82.527 µs]
                        change: [−20.647% −13.011% −7.2335%] (p = 0.00 < 0.05)
                        Performance has improved.
Benchmarking ModuleWalk/imported/4x
Benchmarking ModuleWalk/imported/4x: Warming up for 2.0000 s
Benchmarking ModuleWalk/imported/4x: Collecting 20 samples in estimated 4.2200 s (3990 iterations)
Benchmarking ModuleWalk/imported/4x: Analyzing
ModuleWalk/imported/4x  time:   [828.99 µs 832.13 µs 835.53 µs]
                        change: [−8.1068% −6.1280% −4.1024%] (p = 0.00 < 0.05)
                        Performance has improved.
Found 1 outliers among 20 measurements (5.00%)
  1 (5.00%) high mild

Benchmarking SeenModuleSource/kept/calls/1x
Benchmarking SeenModuleSource/kept/calls/1x: Warming up for 2.0000 s
Benchmarking SeenModuleSource/kept/calls/1x: Collecting 20 samples in estimated 4.0176 s (16k iterations)
Benchmarking SeenModuleSource/kept/calls/1x: Analyzing
SeenModuleSource/kept/calls/1x
                        time:   [203.08 µs 203.70 µs 204.38 µs]
                        change: [−11.592% −6.7394% −3.3594%] (p = 0.00 < 0.05)
                        Performance has improved.
Benchmarking SeenModuleSource/kept/no-calls/1x
Benchmarking SeenModuleSource/kept/no-calls/1x: Warming up for 2.0000 s
Benchmarking SeenModuleSource/kept/no-calls/1x: Collecting 20 samples in estimated 4.0144 s (40k iterations)
Benchmarking SeenModuleSource/kept/no-calls/1x: Analyzing
SeenModuleSource/kept/no-calls/1x
                        time:   [60.622 µs 61.127 µs 61.507 µs]
                        change: [−7.2204% −5.1879% −3.5817%] (p = 0.00 < 0.05)
                        Performance has improved.
Benchmarking SeenModuleSource/kept/calls/4x
Benchmarking SeenModuleSource/kept/calls/4x: Warming up for 2.0000 s
Benchmarking SeenModuleSource/kept/calls/4x: Collecting 20 samples in estimated 4.0901 s (3990 iterations)
Benchmarking SeenModuleSource/kept/calls/4x: Analyzing
SeenModuleSource/kept/calls/4x
                        time:   [799.16 µs 801.08 µs 803.01 µs]
                        change: [−3.1091% −2.3591% −1.6586%] (p = 0.00 < 0.05)
                        Performance has improved.
Found 3 outliers among 20 measurements (15.00%)
  1 (5.00%) low mild
  2 (10.00%) high mild
Benchmarking SeenModuleSource/kept/no-calls/4x
Benchmarking SeenModuleSource/kept/no-calls/4x: Warming up for 2.0000 s
Benchmarking SeenModuleSource/kept/no-calls/4x: Collecting 20 samples in estimated 4.0278 s (10k iterations)
Benchmarking SeenModuleSource/kept/no-calls/4x: Analyzing
SeenModuleSource/kept/no-calls/4x
                        time:   [237.11 µs 238.42 µs 239.68 µs]
                        change: [−3.7265% −2.1305% −0.6384%] (p = 0.01 < 0.05)
                        Change within noise threshold.
Found 1 outliers among 20 measurements (5.00%)
  1 (5.00%) high mild

Benchmarking StructuralKey/call/shallow
Benchmarking StructuralKey/call/shallow: Warming up for 2.0000 s
Benchmarking StructuralKey/call/shallow: Collecting 20 samples in estimated 4.0000 s (69M iterations)
Benchmarking StructuralKey/call/shallow: Analyzing
StructuralKey/call/shallow
                        time:   [58.020 ns 58.082 ns 58.139 ns]
                        change: [−1.9636% −1.7831% −1.5940%] (p = 0.00 < 0.05)
                        Performance has improved.
Found 1 outliers among 20 measurements (5.00%)
  1 (5.00%) high severe
Benchmarking StructuralKey/call/member
Benchmarking StructuralKey/call/member: Warming up for 2.0000 s
Benchmarking StructuralKey/call/member: Collecting 20 samples in estimated 4.0000 s (62M iterations)
Benchmarking StructuralKey/call/member: Analyzing
StructuralKey/call/member
                        time:   [64.096 ns 64.158 ns 64.220 ns]
                        change: [−2.5175% −2.1739% −1.8409%] (p = 0.00 < 0.05)
                        Performance has improved.
Benchmarking StructuralKey/call/nested
Benchmarking StructuralKey/call/nested: Warming up for 2.0000 s
Benchmarking StructuralKey/call/nested: Collecting 20 samples in estimated 4.0000 s (32M iterations)
Benchmarking StructuralKey/call/nested: Analyzing
StructuralKey/call/nested
                        time:   [123.49 ns 123.93 ns 124.90 ns]
                        change: [−6.0781% −3.0609% −1.0375%] (p = 0.02 < 0.05)
                        Performance has improved.
Found 1 outliers among 20 measurements (5.00%)
  1 (5.00%) high severe

Benchmarking StateManager/new
Benchmarking StateManager/new: Warming up for 2.0000 s
Benchmarking StateManager/new: Collecting 20 samples in estimated 4.0000 s (9.3M iterations)
Benchmarking StateManager/new: Analyzing
StateManager/new        time:   [172.47 ns 174.60 ns 177.95 ns]
                        change: [−5.3410% −3.1132% −0.9705%] (p = 0.01 < 0.05)
                        Change within noise threshold.

Benchmarking FullPipeline/calls/1x
Benchmarking FullPipeline/calls/1x: Warming up for 2.0000 s
Benchmarking FullPipeline/calls/1x: Collecting 20 samples in estimated 4.0380 s (13k iterations)
Benchmarking FullPipeline/calls/1x: Analyzing
FullPipeline/calls/1x   time:   [291.69 µs 292.61 µs 293.44 µs]
                        change: [−4.5904% −4.0180% −3.4930%] (p = 0.00 < 0.05)
                        Performance has improved.
Found 1 outliers among 20 measurements (5.00%)
  1 (5.00%) high mild
Benchmarking FullPipeline/no-calls/1x
Benchmarking FullPipeline/no-calls/1x: Warming up for 2.0000 s
Benchmarking FullPipeline/no-calls/1x: Collecting 20 samples in estimated 4.0307 s (25k iterations)
Benchmarking FullPipeline/no-calls/1x: Analyzing
FullPipeline/no-calls/1x
                        time:   [140.54 µs 140.89 µs 141.38 µs]
                        change: [−3.3514% −2.7410% −2.0929%] (p = 0.00 < 0.05)
                        Performance has improved.
Found 1 outliers among 20 measurements (5.00%)
  1 (5.00%) high severe
Benchmarking FullPipeline/imported/1x
Benchmarking FullPipeline/imported/1x: Warming up for 2.0000 s
Benchmarking FullPipeline/imported/1x: Collecting 20 samples in estimated 4.0138 s (10k iterations)
Benchmarking FullPipeline/imported/1x: Analyzing
FullPipeline/imported/1x
                        time:   [363.66 µs 373.80 µs 384.48 µs]
                        change: [−5.1713% −3.5407% −1.6480%] (p = 0.00 < 0.05)
                        Performance has improved.
Found 2 outliers among 20 measurements (10.00%)
  2 (10.00%) high severe
Benchmarking FullPipeline/calls/4x
Benchmarking FullPipeline/calls/4x: Warming up for 2.0000 s
Benchmarking FullPipeline/calls/4x: Collecting 20 samples in estimated 4.2612 s (3360 iterations)
Benchmarking FullPipeline/calls/4x: Analyzing
FullPipeline/calls/4x   time:   [1.1576 ms 1.1614 ms 1.1666 ms]
                        change: [−5.3377% −3.1516% −1.3660%] (p = 0.00 < 0.05)
                        Performance has improved.
Found 1 outliers among 20 measurements (5.00%)
  1 (5.00%) high mild
Benchmarking FullPipeline/no-calls/4x
Benchmarking FullPipeline/no-calls/4x: Warming up for 2.0000 s
Benchmarking FullPipeline/no-calls/4x: Collecting 20 samples in estimated 4.1223 s (6510 iterations)
Benchmarking FullPipeline/no-calls/4x: Analyzing
FullPipeline/no-calls/4x
                        time:   [551.04 µs 552.86 µs 554.53 µs]
                        change: [−2.3982% −1.8087% −1.2507%] (p = 0.00 < 0.05)
                        Performance has improved.
Benchmarking FullPipeline/imported/4x
Benchmarking FullPipeline/imported/4x: Warming up for 2.0000 s
Benchmarking FullPipeline/imported/4x: Collecting 20 samples in estimated 4.0952 s (2730 iterations)
Benchmarking FullPipeline/imported/4x: Analyzing
FullPipeline/imported/4x
                        time:   [1.3862 ms 1.3908 ms 1.3970 ms]
                        change: [−6.1367% −5.4337% −4.7176%] (p = 0.00 < 0.05)
                        Performance has improved.
Found 2 outliers among 20 measurements (10.00%)
  2 (10.00%) high mild

