   Compiling proc-macro2 v1.0.106
   Compiling quote v1.0.47
   Compiling unicode-ident v1.0.24
   Compiling cfg-if v1.0.4
   Compiling serde_core v1.0.229
   Compiling memchr v2.8.0
   Compiling allocator-api2 v0.2.21
   Compiling libc v0.2.186
   Compiling once_cell v1.21.4
   Compiling stable_deref_trait v1.2.1
   Compiling serde v1.0.229
   Compiling foldhash v0.2.0
   Compiling equivalent v1.0.2
   Compiling itoa v1.0.18
   Compiling version_check v0.9.5
   Compiling smallvec v1.15.1
   Compiling hashbrown v0.17.1
   Compiling rustc-hash v2.1.3
   Compiling autocfg v1.5.0
   Compiling writeable v0.6.4
   Compiling siphasher v1.0.2
   Compiling litemap v0.8.2
   Compiling pin-project-lite v0.2.17
   Compiling zmij v1.0.21
   Compiling zerocopy v0.8.48
   Compiling serde_json v1.0.151
   Compiling num-traits v0.2.19
   Compiling ahash v0.8.12
   Compiling icu_properties_data v2.3.0
   Compiling utf8_iter v1.0.4
   Compiling syn v2.0.117
   Compiling syn v3.0.4
   Compiling icu_normalizer_data v2.3.0
   Compiling anyhow v1.0.104
   Compiling either v1.15.0
   Compiling write16 v1.0.0
   Compiling utf16_iter v1.0.5
   Compiling parking_lot_core v0.9.12
   Compiling scopeguard v1.2.0
   Compiling percent-encoding v2.3.2
   Compiling lock_api v0.4.14
   Compiling tracing-core v0.1.36
   Compiling radium v0.7.0
   Compiling shlex v1.3.0
   Compiling find-msvc-tools v0.1.9
   Compiling num-integer v0.1.47
   Compiling tap v1.0.1
   Compiling cc v1.2.61
   Compiling bitflags v2.13.1
   Compiling wyz v0.5.1
   Compiling form_urlencoded v1.2.2
   Compiling termcolor v1.4.1
   Compiling indexmap v2.14.0
   Compiling vsimd v0.8.0
   Compiling uuid v1.23.1
   Compiling funty v2.0.0
   Compiling bytes v1.11.1
   Compiling new_debug_unreachable v1.0.6
   Compiling outref v0.5.2
   Compiling base64-simd v0.8.0
   Compiling data-encoding v2.11.0
   Compiling unicode-id-start v1.4.0
   Compiling bitvec v1.0.1
   Compiling unicode-width v0.2.2
   Compiling if_chain v1.0.3
   Compiling aho-corasick v1.1.4
   Compiling heck v0.5.0
   Compiling scoped-tls v1.0.1
   Compiling regex-syntax v0.8.10
   Compiling cbor4ii v1.2.2
   Compiling synstructure v0.13.2
   Compiling swc_macros_common v1.0.1
   Compiling better_scoped_tls v1.0.1
   Compiling hashbrown v0.14.5
   Compiling swc_visit v2.0.1
   Compiling parking_lot v0.12.5
   Compiling crossbeam-utils v0.8.21
   Compiling siphasher v0.3.11
   Compiling static_assertions v1.1.0
   Compiling rustversion v1.0.22
   Compiling zerofrom-derive v0.1.7
   Compiling yoke-derive v0.8.2
   Compiling serde_derive v1.0.229
   Compiling zerovec-derive v0.11.6
   Compiling displaydoc v0.2.5
   Compiling tracing-attributes v0.1.31
   Compiling regex-automata v0.4.16
   Compiling from_variant v3.0.0
   Compiling swc_eq_ignore_macros v1.0.1
   Compiling zerofrom v0.1.7
   Compiling yoke v0.8.3
   Compiling ast_node v6.1.0
   Compiling rand_core v0.6.4
   Compiling zerovec v0.11.8
   Compiling zerotrie v0.2.5
   Compiling rand v0.8.6
   Compiling tracing v0.1.44
   Compiling phf_shared v0.11.3
   Compiling phf_generator v0.11.3
   Compiling phf_macros v0.11.3
   Compiling object v0.37.3
   Compiling tinystr v0.8.4
   Compiling potential_utf v0.1.5
   Compiling icu_locale_core v2.3.0
   Compiling icu_collections v2.3.0
   Compiling ryu v1.0.23
   Compiling is-macro v0.3.7
   Compiling phf v0.11.3
   Compiling string_enum v1.0.2
   Compiling castaway v0.2.4
   Compiling debugid v0.8.0
   Compiling bytes-str v0.2.7
   Compiling triomphe v0.1.15
   Compiling num-bigint v0.4.6
   Compiling fastrand v2.3.0
   Compiling hashbrown v0.16.1
   Compiling typenum v1.19.0
   Compiling generic-array v0.14.9
   Compiling hstr v4.0.0
   Compiling dragonbox_ecma v0.1.12
   Compiling icu_provider v2.3.1
   Compiling swc_atoms v10.0.0
   Compiling regex v1.12.3
   Compiling icu_properties v2.3.0
   Compiling icu_normalizer v2.3.0
   Compiling stacker v0.1.24
   Compiling par-core v2.0.0
   Compiling log v0.4.33
   Compiling idna_adapter v1.2.2
   Compiling idna v1.1.0
   Compiling compact_str v0.7.1
   Compiling url v2.5.8
   Compiling ar_archive_writer v0.5.1
   Compiling dashmap v6.2.1
   Compiling num_cpus v1.17.0
   Compiling phf_shared v0.14.0
   Compiling regress v0.11.1
   Compiling swc_sourcemap v10.0.2
   Compiling phf_generator v0.14.0
   Compiling seq-macro v0.3.6
   Compiling psm v0.1.31
   Compiling phf_macros v0.14.0
   Compiling swc_common v24.0.0
   Compiling crypto-common v0.1.6
   Compiling block-buffer v0.10.4
   Compiling owo-colors v4.2.2
   Compiling rustix v1.1.4
   Compiling phf v0.14.0
   Compiling digest v0.10.7
   Compiling cpufeatures v0.2.17
   Compiling errno v0.3.14
   Compiling bstr v1.12.1
   Compiling thiserror v1.0.69
   Compiling unicode-linebreak v0.1.5
   Compiling camino v1.1.11
   Compiling textwrap v0.16.2
   Compiling globset v0.4.18
   Compiling swc_ecma_ast v27.0.0
   Compiling thiserror-impl v1.0.69
   Compiling miette-derive v7.6.0
   Compiling swc_config_macro v1.0.1
   Compiling bumpalo v3.20.2
   Compiling unicode-width v0.1.14
   Compiling getrandom v0.3.4
   Compiling lazy_static v1.5.0
   Compiling sharded-slab v0.1.7
   Compiling swc_config v6.0.0
   Compiling miette v7.6.0
   Compiling swc_allocator v5.0.0
   Compiling tracing-log v0.2.0
   Compiling matchers v0.2.0
   Compiling cargo-platform v0.1.9
   Compiling swc_ecma_codegen_macros v2.0.2
   Compiling semver v1.0.28
   Compiling thread_local v1.1.9
   Compiling ascii v1.1.0
   Compiling diff v0.1.13
   Compiling relative-path v1.9.3
   Compiling glob v0.3.4
   Compiling base64 v0.22.1
   Compiling yansi v1.0.1
   Compiling nu-ansi-term v0.50.1
   Compiling tracing-subscriber v0.3.20
   Compiling testing_macros v1.0.1
   Compiling pretty_assertions v1.4.1
   Compiling cargo_metadata v0.18.1
   Compiling swc_error_reporters v26.0.0
   Compiling difference v2.0.0
   Compiling swc_ecma_visit v27.0.0
   Compiling testing v25.0.0
   Compiling tempfile v3.21.0
   Compiling sha1 v0.10.6
   Compiling sha2 v0.10.9
   Compiling hex v0.4.3
   Compiling stylex_constants v0.18.6-rc.1 (/Users/vladislavbuinovski/Projects/Facebook/stylex-swc-plugin.git/leg1-control/crates/stylex-constants)
   Compiling swc_ecma_testing v25.0.0
   Compiling ansi_term v0.12.1
   Compiling swc_core v75.0.0
   Compiling swc_plugin_proxy v28.0.0
   Compiling swc_transform_common v18.0.0
   Compiling swc_plugin_macro v1.1.1
   Compiling swc_plugin v1.0.1
   Compiling colored v3.1.1
   Compiling radix_fmt v1.0.0
   Compiling murmur2 v0.1.0
   Compiling swc_ecma_utils v33.0.0
   Compiling swc_ecma_parser v43.0.0
   Compiling swc_ecma_hooks v0.11.0
   Compiling stylex_macros v0.18.6-rc.1 (/Users/vladislavbuinovski/Projects/Facebook/stylex-swc-plugin.git/leg1-control/crates/stylex-macros)
   Compiling xxhash-rust v0.8.18
   Compiling swc_ecma_codegen v30.0.0
   Compiling arrayvec v0.7.8
   Compiling futures-core v0.3.32
   Compiling unicode-segmentation v1.13.2
   Compiling ryu-js v1.0.3
   Compiling futures-io v0.3.32
   Compiling strsim v0.11.1
   Compiling thiserror v2.0.20
   Compiling ident_case v1.0.1
   Compiling fnv v1.0.7
   Compiling darling_core v0.20.11
   Compiling thiserror-impl v2.0.20
   Compiling fixedbitset v0.5.7
   Compiling futures-sink v0.3.32
   Compiling futures-channel v0.3.32
   Compiling futures-macro v0.3.32
   Compiling bit-vec v0.8.0
   Compiling icu_locale_fallback_data v2.3.0
   Compiling slab v0.4.12
   Compiling futures-task v0.3.32
   Compiling crc32fast v1.5.0
   Compiling bit-set v0.8.0
   Compiling link-section v0.19.2
   Compiling futures-util v0.3.32
   Compiling napi-build v2.4.0
   Compiling libm v0.2.16
   Compiling pathdiff v0.2.3
   Compiling zlib-rs v0.5.4
   Compiling linktime-proc-macro v0.2.2
   Compiling napi v3.12.0
   Compiling fancy-regex v0.19.0
   Compiling petgraph v0.7.1
   Compiling ctor v1.0.12
   Compiling convert_case v0.10.0
   Compiling darling_macro v0.20.11
   Compiling convert_case v0.11.0
   Compiling halfbrown v0.4.0
   Compiling swc_ecma_transforms_base v47.0.0
   Compiling darling v0.20.11
   Compiling derive_builder_core v0.20.2
   Compiling synstructure v0.14.0
   Compiling float-cmp v0.10.0
   Compiling phf_shared v0.13.1
   Compiling nibble_vec v0.1.0
   Compiling libloading v0.9.0
   Compiling futures-executor v0.3.32
   Compiling endian-type v0.2.0
   Compiling fast-float2 v0.2.4
   Compiling winnow v1.0.4
   Compiling parking v2.2.1
   Compiling pastey v0.2.3
   Compiling swc_ecma_transforms_react v53.0.0
   Compiling swc_ecma_transforms_testing v51.0.0
   Compiling unicode-xid v0.2.6
   Compiling libz-rs-sys v0.5.4
   Compiling cow-utils v0.1.3
   Compiling boa_macros v0.22.0
   Compiling toml_parser v1.1.3+spec-1.1.0
   Compiling swc_ecma_transforms_typescript v53.0.0
   Compiling flate2 v1.1.5
   Compiling boa_string v0.22.0
   Compiling derive_more-impl v2.1.1
   Compiling swc_ecma_transforms_optimization v50.0.0
   Compiling futures v0.3.32
   Compiling radix_trie v0.3.0
   Compiling derive_builder_macro v0.20.2
   Compiling napi-sys v3.3.0
   Compiling phf_generator v0.13.1
   Compiling value-trait v0.12.1
   Compiling napi-derive-backend v6.1.1
   Compiling icu_locale_fallback v2.3.0
   Compiling par-iter v2.0.0
   Compiling is-terminal v0.4.15
   Compiling concurrent_lru v0.2.0
   Compiling byteorder v1.5.0
   Compiling nohash-hasher v0.2.0
   Compiling humantime v2.1.0
   Compiling thin-vec v0.2.19
   Compiling simdutf8 v0.1.5
   Compiling crossbeam-epoch v0.9.20
   Compiling nodejs-built-in-modules v1.0.0
   Compiling toml_datetime v1.1.1+spec-1.1.0
   Compiling icu_calendar_data v2.3.0
   Compiling toml_edit v0.25.13+spec-1.1.0
   Compiling pnp v0.12.11
   Compiling napi-derive v3.6.2
   Compiling swc_ecma_minifier v59.0.0
   Compiling boa_gc v0.22.0
   Compiling simd-json v0.17.0
   Compiling env_logger v0.10.2
   Compiling core_maths v0.1.1
   Compiling stylex_regex v0.18.6-rc.1 (/Users/vladislavbuinovski/Projects/Facebook/stylex-swc-plugin.git/leg1-control/crates/stylex-regex)
   Compiling phf_macros v0.13.1
   Compiling derive_builder v0.20.2
   Compiling derive_more v2.1.1
   Compiling rustc_version v0.4.1
   Compiling fast-glob v1.0.0
   Compiling compact_str v0.9.0
   Compiling strum_macros v0.28.0
   Compiling json-strip-comments v3.1.0
   Compiling rand_core v0.10.1
   Compiling icu_collator_data v2.3.0
   Compiling dtoa v1.0.10
   Compiling self_cell v1.2.1
   Compiling getrandom v0.4.3
   Compiling oxc_resolver v11.24.2
   Compiling dtoa-short v0.3.5
   Compiling phf v0.13.1
   Compiling float16 v0.1.7
   Compiling package-json v0.5.0
   Compiling strum v0.28.0
   Compiling calendrical_calculations v0.2.4
   Compiling pretty_env_logger v0.5.0
   Compiling boa_interner v0.22.0
   Compiling swc_compiler_base v62.0.0
   Compiling proc-macro-crate v3.5.0
   Compiling event-listener v5.4.2
   Compiling num-bigint v0.5.1
   Compiling cssparser-macros v0.7.0
   Compiling equator-macro v0.4.2
   Compiling pin-project-internal v1.1.13
   Compiling libmimalloc-sys v0.1.49
   Compiling portable-atomic v1.15.0
   Compiling rayon-core v1.13.0
   Compiling path-clean v1.0.1
   Compiling num-conv v0.2.2
   Compiling time-core v0.1.9
   Compiling pin-project v1.1.13
   Compiling boa_ast v0.22.0
   Compiling time-macros v0.2.32
   Compiling equator v0.4.2
   Compiling cssparser v0.37.0
   Compiling crossbeam-deque v0.8.6
   Compiling event-listener-strategy v0.5.4
   Compiling icu_calendar v2.3.0
   Compiling num_enum_derive v0.7.6
   Compiling chacha20 v0.10.2
   Compiling futures-lite v2.6.1
   Compiling stylex_styleq v0.18.6-rc.1 (/Users/vladislavbuinovski/Projects/Facebook/stylex-swc-plugin.git/leg1-control/crates/stylex-styleq)
   Compiling timezone_provider v0.2.6
   Compiling concurrent-queue v2.5.0
   Compiling bytemuck_derive v1.12.0
   Compiling dynify-macros v0.1.2
   Compiling alloca v0.4.0
   Compiling num_threads v0.1.7
   Compiling regress v0.12.0
   Compiling half v2.6.0
   Compiling clap_lex v1.0.0
   Compiling powerfmt v0.2.0
   Compiling anstyle v1.0.14
   Compiling ciborium-io v0.2.2
   Compiling ixdtf v0.6.6
   Compiling plotters-backend v0.3.7
   Compiling deranged v0.5.8
   Compiling clap_builder v4.6.6
   Compiling temporal_rs v0.2.6
   Compiling plotters-svg v0.3.7
   Compiling ciborium-ll v0.2.2
   Compiling bytemuck v1.25.2
   Compiling time v0.3.55
   Compiling dynify v0.1.2
   Compiling stylex_path_resolver v0.18.6-rc.1 (/Users/vladislavbuinovski/Projects/Facebook/stylex-swc-plugin.git/leg1-control/crates/stylex-path-resolver)
   Compiling boa_parser v0.22.0
   Compiling futures-concurrency v7.7.1
   Compiling async-channel v2.5.0
   Compiling rand v0.10.2
   Compiling icu_collator v2.3.1
   Compiling num_enum v0.7.6
   Compiling aligned-vec v0.6.4
   Compiling small_btree v0.1.0
   Compiling itertools v0.15.0
   Compiling itertools v0.13.0
   Compiling xsum v0.1.6
   Compiling same-file v1.0.6
   Compiling tag_ptr v0.1.0
   Compiling oneshot v0.2.1
   Compiling intrusive-collections v0.10.3
   Compiling cast v0.3.0
   Compiling postcss_value_parser v0.18.6-rc.1 (/Users/vladislavbuinovski/Projects/Facebook/stylex-swc-plugin.git/leg1-control/crates/postcss-value-parser)
   Compiling walkdir v2.5.0
   Compiling rayon v1.11.0
   Compiling clap v4.6.6
   Compiling criterion-plot v0.8.2
   Compiling mimalloc v0.1.52
   Compiling ciborium v0.2.2
   Compiling plotters v0.3.7
   Compiling tinytemplate v1.2.1
   Compiling console v0.16.3
   Compiling page_size v0.6.0
   Compiling similar v2.7.0
   Compiling oorandom v11.1.5
   Compiling anes v0.1.6
   Compiling insta v1.48.0
   Compiling swc_malloc v1.2.5
   Compiling criterion v0.8.2
   Compiling boa_engine v0.22.0
   Compiling stylex_utils v0.18.6-rc.1 (/Users/vladislavbuinovski/Projects/Facebook/stylex-swc-plugin.git/leg1-control/crates/stylex-utils)
   Compiling stylex_enums v0.18.6-rc.1 (/Users/vladislavbuinovski/Projects/Facebook/stylex-swc-plugin.git/leg1-control/crates/stylex-enums)
   Compiling stylex_ast v0.18.6-rc.1 (/Users/vladislavbuinovski/Projects/Facebook/stylex-swc-plugin.git/leg1-control/crates/stylex-ast)
   Compiling stylex_css_parser v0.18.6-rc.1 (/Users/vladislavbuinovski/Projects/Facebook/stylex-swc-plugin.git/leg1-control/crates/stylex-css-parser)
   Compiling stylex_js v0.18.6-rc.1 (/Users/vladislavbuinovski/Projects/Facebook/stylex-swc-plugin.git/leg1-control/crates/stylex-js)
   Compiling stylex_structures v0.18.6-rc.1 (/Users/vladislavbuinovski/Projects/Facebook/stylex-swc-plugin.git/leg1-control/crates/stylex-structures)
   Compiling stylex_state_index v0.18.6-rc.1 (/Users/vladislavbuinovski/Projects/Facebook/stylex-swc-plugin.git/leg1-control/crates/stylex-state-index)
   Compiling stylex_atoms v0.18.6-rc.1 (/Users/vladislavbuinovski/Projects/Facebook/stylex-swc-plugin.git/leg1-control/crates/stylex-atoms)
   Compiling stylex_types v0.18.6-rc.1 (/Users/vladislavbuinovski/Projects/Facebook/stylex-swc-plugin.git/leg1-control/crates/stylex-types)
   Compiling stylex_evaluator v0.18.6-rc.1 (/Users/vladislavbuinovski/Projects/Facebook/stylex-swc-plugin.git/leg1-control/crates/stylex-evaluator)
   Compiling stylex_nested_config v0.18.6-rc.1 (/Users/vladislavbuinovski/Projects/Facebook/stylex-swc-plugin.git/leg1-control/crates/stylex-nested-config)
   Compiling stylex_css v0.18.6-rc.1 (/Users/vladislavbuinovski/Projects/Facebook/stylex-swc-plugin.git/leg1-control/crates/stylex-css)
   Compiling stylex_diagnostics v0.18.6-rc.1 (/Users/vladislavbuinovski/Projects/Facebook/stylex-swc-plugin.git/leg1-control/crates/stylex-diagnostics)
   Compiling stylex_state v0.18.6-rc.1 (/Users/vladislavbuinovski/Projects/Facebook/stylex-swc-plugin.git/leg1-control/crates/stylex-state)
   Compiling stylex_declarations v0.18.6-rc.1 (/Users/vladislavbuinovski/Projects/Facebook/stylex-swc-plugin.git/leg1-control/crates/stylex-declarations)
   Compiling stylex_transform v0.18.6-rc.1 (/Users/vladislavbuinovski/Projects/Facebook/stylex-swc-plugin.git/leg1-control/crates/stylex-transform)
    Finished `bench` profile [optimized + debuginfo] target(s) in 7m 10s
     Running benches/concatenation_chain_bench.rs (/Users/vladislavbuinovski/Projects/Facebook/stylex-swc-plugin.git/target-leg1c2/release/deps/concatenation_chain_bench-87810beb62479547)
Benchmarking ConcatenationChain/links/2
Benchmarking ConcatenationChain/links/2: Warming up for 2.0000 s
Benchmarking ConcatenationChain/links/2: Collecting 20 samples in estimated 4.0877 s (5670 iterations)
Benchmarking ConcatenationChain/links/2: Analyzing
ConcatenationChain/links/2
                        time:   [716.00 µs 719.51 µs 727.01 µs]
                        change: [−2.2063% −0.5661% +1.4785%] (p = 0.59 > 0.05)
                        No change in performance detected.
Found 2 outliers among 20 measurements (10.00%)
  1 (5.00%) high mild
  1 (5.00%) high severe
Benchmarking ConcatenationChain/links/5
Benchmarking ConcatenationChain/links/5: Warming up for 2.0000 s
Benchmarking ConcatenationChain/links/5: Collecting 20 samples in estimated 4.0852 s (4200 iterations)
Benchmarking ConcatenationChain/links/5: Analyzing
ConcatenationChain/links/5
                        time:   [966.87 µs 970.93 µs 975.24 µs]
                        change: [−6.9134% −4.6114% −3.0270%] (p = 0.00 < 0.05)
                        Performance has improved.
Found 1 outliers among 20 measurements (5.00%)
  1 (5.00%) high mild
Benchmarking ConcatenationChain/links/10
Benchmarking ConcatenationChain/links/10: Warming up for 2.0000 s
Benchmarking ConcatenationChain/links/10: Collecting 20 samples in estimated 4.1405 s (3150 iterations)
Benchmarking ConcatenationChain/links/10: Analyzing
ConcatenationChain/links/10
                        time:   [1.3030 ms 1.3060 ms 1.3089 ms]
                        change: [−7.2450% −4.9090% −3.0183%] (p = 0.00 < 0.05)
                        Performance has improved.
Found 2 outliers among 20 measurements (10.00%)
  1 (5.00%) high mild
  1 (5.00%) high severe
Benchmarking ConcatenationChain/links/20
Benchmarking ConcatenationChain/links/20: Warming up for 2.0000 s
Benchmarking ConcatenationChain/links/20: Collecting 20 samples in estimated 4.1256 s (2100 iterations)
Benchmarking ConcatenationChain/links/20: Analyzing
ConcatenationChain/links/20
                        time:   [1.9684 ms 1.9766 ms 1.9854 ms]
                        change: [−13.273% −6.5212% −2.4497%] (p = 0.05 < 0.05)
                        Performance has improved.

   Compiling stylex_transform v0.18.6-rc.1 (/Users/vladislavbuinovski/Projects/Facebook/stylex-swc-plugin.git/leg1-control/crates/stylex-transform)
    Finished `bench` profile [optimized + debuginfo] target(s) in 4m 41s
     Running benches/engine_fold_bench.rs (/Users/vladislavbuinovski/Projects/Facebook/stylex-swc-plugin.git/target-leg1c2/release/deps/engine_fold_bench-f72214407a7ade6e)
Benchmarking EngineFoldColdStart/build-and-answer
Benchmarking EngineFoldColdStart/build-and-answer: Warming up for 2.0000 s
Benchmarking EngineFoldColdStart/build-and-answer: Collecting 20 samples in estimated 4.0249 s (25k iterations)
Benchmarking EngineFoldColdStart/build-and-answer: Analyzing
EngineFoldColdStart/build-and-answer
                        time:   [158.40 µs 159.16 µs 159.87 µs]
                        change: [−4.7164% −3.4017% −2.1684%] (p = 0.00 < 0.05)
                        Performance has improved.
Found 2 outliers among 20 measurements (10.00%)
  1 (5.00%) low mild
  1 (5.00%) high severe

Benchmarking EngineFoldRoundTrip/engine/string
Benchmarking EngineFoldRoundTrip/engine/string: Warming up for 2.0000 s
Benchmarking EngineFoldRoundTrip/engine/string: Collecting 20 samples in estimated 4.0002 s (1.7M iterations)
Benchmarking EngineFoldRoundTrip/engine/string: Analyzing
EngineFoldRoundTrip/engine/string
                        time:   [2.2989 µs 2.3159 µs 2.3395 µs]
                        change: [−3.5877% −2.1675% −0.6175%] (p = 0.01 < 0.05)
                        Change within noise threshold.
Found 1 outliers among 20 measurements (5.00%)
  1 (5.00%) high severe
Benchmarking EngineFoldRoundTrip/fold/string
Benchmarking EngineFoldRoundTrip/fold/string: Warming up for 2.0000 s
Benchmarking EngineFoldRoundTrip/fold/string: Collecting 20 samples in estimated 4.0002 s (4.1M iterations)
Benchmarking EngineFoldRoundTrip/fold/string: Analyzing
EngineFoldRoundTrip/fold/string
                        time:   [755.65 ns 761.08 ns 770.66 ns]
                        change: [−2.9732% −1.7873% +0.0396%] (p = 0.03 < 0.05)
                        Change within noise threshold.
Found 1 outliers among 20 measurements (5.00%)
  1 (5.00%) high severe
Benchmarking EngineFoldRoundTrip/engine/callback
Benchmarking EngineFoldRoundTrip/engine/callback: Warming up for 2.0000 s
Benchmarking EngineFoldRoundTrip/engine/callback: Collecting 20 samples in estimated 4.0010 s (363k iterations)
Benchmarking EngineFoldRoundTrip/engine/callback: Analyzing
EngineFoldRoundTrip/engine/callback
                        time:   [10.896 µs 10.974 µs 11.094 µs]
                        change: [−2.4293% −1.3145% +0.2464%] (p = 0.07 > 0.05)
                        No change in performance detected.
Found 1 outliers among 20 measurements (5.00%)
  1 (5.00%) high severe
Benchmarking EngineFoldRoundTrip/fold/callback
Benchmarking EngineFoldRoundTrip/fold/callback: Warming up for 2.0000 s
Benchmarking EngineFoldRoundTrip/fold/callback: Collecting 20 samples in estimated 4.0003 s (762k iterations)
Benchmarking EngineFoldRoundTrip/fold/callback: Analyzing
EngineFoldRoundTrip/fold/callback
                        time:   [5.0476 µs 5.0918 µs 5.1721 µs]
                        change: [−0.4233% +0.9499% +2.6918%] (p = 0.31 > 0.05)
                        No change in performance detected.
Found 1 outliers among 20 measurements (5.00%)
  1 (5.00%) high severe
Benchmarking EngineFoldRoundTrip/engine/chain
Benchmarking EngineFoldRoundTrip/engine/chain: Warming up for 2.0000 s
Benchmarking EngineFoldRoundTrip/engine/chain: Collecting 20 samples in estimated 4.0007 s (686k iterations)
Benchmarking EngineFoldRoundTrip/engine/chain: Analyzing
EngineFoldRoundTrip/engine/chain
                        time:   [5.8176 µs 5.8764 µs 5.9548 µs]
                        change: [−5.3973% −3.2301% −1.0592%] (p = 0.00 < 0.05)
                        Performance has improved.
Found 1 outliers among 20 measurements (5.00%)
  1 (5.00%) high severe
Benchmarking EngineFoldRoundTrip/fold/chain
Benchmarking EngineFoldRoundTrip/fold/chain: Warming up for 2.0000 s
Benchmarking EngineFoldRoundTrip/fold/chain: Collecting 20 samples in estimated 4.0003 s (2.0M iterations)
Benchmarking EngineFoldRoundTrip/fold/chain: Analyzing
EngineFoldRoundTrip/fold/chain
                        time:   [1.7481 µs 1.7587 µs 1.7768 µs]
                        change: [−3.5607% −2.3990% −0.7539%] (p = 0.00 < 0.05)
                        Change within noise threshold.
Found 2 outliers among 20 measurements (10.00%)
  2 (10.00%) high severe
Benchmarking EngineFoldRoundTrip/engine/array-answer
Benchmarking EngineFoldRoundTrip/engine/array-answer: Warming up for 2.0000 s
Benchmarking EngineFoldRoundTrip/engine/array-answer: Collecting 20 samples in estimated 4.0011 s (707k iterations)
Benchmarking EngineFoldRoundTrip/engine/array-answer: Analyzing
EngineFoldRoundTrip/engine/array-answer
                        time:   [5.6204 µs 5.6493 µs 5.7029 µs]
                        change: [−5.1098% −4.0695% −2.7497%] (p = 0.00 < 0.05)
                        Performance has improved.
Found 1 outliers among 20 measurements (5.00%)
  1 (5.00%) high severe
Benchmarking EngineFoldRoundTrip/fold/array-answer
Benchmarking EngineFoldRoundTrip/fold/array-answer: Warming up for 2.0000 s
Benchmarking EngineFoldRoundTrip/fold/array-answer: Collecting 20 samples in estimated 4.0001 s (1.6M iterations)
Benchmarking EngineFoldRoundTrip/fold/array-answer: Analyzing
EngineFoldRoundTrip/fold/array-answer
                        time:   [2.2472 µs 2.2673 µs 2.3017 µs]
                        change: [−3.5326% −2.1495% −0.3534%] (p = 0.01 < 0.05)
                        Change within noise threshold.
Found 2 outliers among 20 measurements (10.00%)
  2 (10.00%) high severe
Benchmarking EngineFoldRoundTrip/fold-distinct
Benchmarking EngineFoldRoundTrip/fold-distinct: Warming up for 2.0000 s
Benchmarking EngineFoldRoundTrip/fold-distinct: Collecting 20 samples in estimated 4.0004 s (664k iterations)
Benchmarking EngineFoldRoundTrip/fold-distinct: Analyzing
EngineFoldRoundTrip/fold-distinct
                        time:   [5.1389 µs 5.2779 µs 5.4012 µs]
                        change: [−9.0963% −4.5362% +1.5117%] (p = 0.15 > 0.05)
                        No change in performance detected.
Found 1 outliers among 20 measurements (5.00%)
  1 (5.00%) high severe

   Compiling stylex_transform v0.18.6-rc.1 (/Users/vladislavbuinovski/Projects/Facebook/stylex-swc-plugin.git/leg1-control/crates/stylex-transform)
    Finished `bench` profile [optimized + debuginfo] target(s) in 4m 24s
     Running benches/evaluate_bench.rs (/Users/vladislavbuinovski/Projects/Facebook/stylex-swc-plugin.git/target-leg1c2/release/deps/evaluate_bench-8f9af56a1e473d3d)
Benchmarking EvaluatePerfFixtures/colors.stylex.js
Benchmarking EvaluatePerfFixtures/colors.stylex.js: Warming up for 2.0000 s
Benchmarking EvaluatePerfFixtures/colors.stylex.js: Collecting 20 samples in estimated 4.0042 s (116k iterations)
Benchmarking EvaluatePerfFixtures/colors.stylex.js: Analyzing
EvaluatePerfFixtures/colors.stylex.js
                        time:   [29.586 µs 29.890 µs 30.182 µs]
                        change: [−2.3152% −1.1838% −0.0446%] (p = 0.05 > 0.05)
                        No change in performance detected.
Benchmarking EvaluatePerfFixtures/sizes.stylex.js
Benchmarking EvaluatePerfFixtures/sizes.stylex.js: Warming up for 2.0000 s
Benchmarking EvaluatePerfFixtures/sizes.stylex.js: Collecting 20 samples in estimated 4.0015 s (198k iterations)
Benchmarking EvaluatePerfFixtures/sizes.stylex.js: Analyzing
EvaluatePerfFixtures/sizes.stylex.js
                        time:   [16.993 µs 17.056 µs 17.110 µs]
                        change: [−2.8477% −1.6441% −0.4728%] (p = 0.01 < 0.05)
                        Change within noise threshold.
Found 1 outliers among 20 measurements (5.00%)
  1 (5.00%) low mild
Benchmarking EvaluatePerfFixtures/create-basic.js
Benchmarking EvaluatePerfFixtures/create-basic.js: Warming up for 2.0000 s
Benchmarking EvaluatePerfFixtures/create-basic.js: Collecting 20 samples in estimated 4.0017 s (347k iterations)
Benchmarking EvaluatePerfFixtures/create-basic.js: Analyzing
EvaluatePerfFixtures/create-basic.js
                        time:   [9.1338 µs 9.2193 µs 9.3061 µs]
                        change: [+2.6940% +5.2630% +9.1272%] (p = 0.00 < 0.05)
                        Performance has regressed.
Found 1 outliers among 20 measurements (5.00%)
  1 (5.00%) high severe
Benchmarking EvaluatePerfFixtures/create-complex.js
Benchmarking EvaluatePerfFixtures/create-complex.js: Warming up for 2.0000 s
Benchmarking EvaluatePerfFixtures/create-complex.js: Collecting 20 samples in estimated 4.0006 s (104k iterations)
Benchmarking EvaluatePerfFixtures/create-complex.js: Analyzing
EvaluatePerfFixtures/create-complex.js
                        time:   [19.662 µs 19.924 µs 20.142 µs]
                        change: [+1.5207% +3.0845% +4.7129%] (p = 0.00 < 0.05)
                        Performance has regressed.
Benchmarking EvaluatePerfFixtures/createTheme-basic.js
Benchmarking EvaluatePerfFixtures/createTheme-basic.js: Warming up for 2.0000 s
Benchmarking EvaluatePerfFixtures/createTheme-basic.js: Collecting 20 samples in estimated 4.0026 s (121k iterations)
Benchmarking EvaluatePerfFixtures/createTheme-basic.js: Analyzing
EvaluatePerfFixtures/createTheme-basic.js
                        time:   [24.865 µs 25.179 µs 25.473 µs]
                        change: [−0.1141% +0.9249% +2.0496%] (p = 0.10 > 0.05)
                        No change in performance detected.
Found 1 outliers among 20 measurements (5.00%)
  1 (5.00%) high mild
Benchmarking EvaluatePerfFixtures/createTheme-complex.js
Benchmarking EvaluatePerfFixtures/createTheme-complex.js: Warming up for 2.0000 s
Benchmarking EvaluatePerfFixtures/createTheme-complex.js: Collecting 20 samples in estimated 4.0678 s (1260 iterations)
Benchmarking EvaluatePerfFixtures/createTheme-complex.js: Analyzing
EvaluatePerfFixtures/createTheme-complex.js
                        time:   [3.1204 ms 3.1280 ms 3.1369 ms]
                        change: [+0.2862% +0.7895% +1.2487%] (p = 0.00 < 0.05)
                        Change within noise threshold.
Benchmarking EvaluatePerfFixtures/dynamic-param-shadows-import
Benchmarking EvaluatePerfFixtures/dynamic-param-shadows-import: Warming up for 2.0000 s
Benchmarking EvaluatePerfFixtures/dynamic-param-shadows-import: Collecting 20 samples in estimated 4.0005 s (1.0M iterations)
Benchmarking EvaluatePerfFixtures/dynamic-param-shadows-import: Analyzing
EvaluatePerfFixtures/dynamic-param-shadows-import
                        time:   [2.6455 µs 2.6714 µs 2.6890 µs]
                        change: [+0.4479% +2.9454% +5.4921%] (p = 0.03 < 0.05)
                        Change within noise threshold.
Benchmarking EvaluatePerfFixtures/dynamic-param-shadows-import-edges
Benchmarking EvaluatePerfFixtures/dynamic-param-shadows-import-edges: Warming up for 2.0000 s
Benchmarking EvaluatePerfFixtures/dynamic-param-shadows-import-edges: Collecting 20 samples in estimated 4.0005 s (274k iterations)
Benchmarking EvaluatePerfFixtures/dynamic-param-shadows-import-edges: Analyzing
EvaluatePerfFixtures/dynamic-param-shadows-import-edges
                        time:   [7.9279 µs 8.0579 µs 8.1793 µs]
                        change: [−0.5779% +1.8369% +4.2527%] (p = 0.15 > 0.05)
                        No change in performance detected.

   Compiling stylex_transform v0.18.6-rc.1 (/Users/vladislavbuinovski/Projects/Facebook/stylex-swc-plugin.git/leg1-control/crates/stylex-transform)
    Finished `bench` profile [optimized + debuginfo] target(s) in 4m 39s
     Running benches/evaluate_depth_bench.rs (/Users/vladislavbuinovski/Projects/Facebook/stylex-swc-plugin.git/target-leg1c2/release/deps/evaluate_depth_bench-afac56535e8840a0)
Benchmarking EvaluateDepth/arithmetic/30
Benchmarking EvaluateDepth/arithmetic/30: Warming up for 2.0000 s
Benchmarking EvaluateDepth/arithmetic/30: Collecting 20 samples in estimated 4.0010 s (223k iterations)
Benchmarking EvaluateDepth/arithmetic/30: Analyzing
EvaluateDepth/arithmetic/30
                        time:   [17.191 µs 17.247 µs 17.296 µs]
                        change: [−6.8724% −4.9523% −3.4713%] (p = 0.00 < 0.05)
                        Performance has improved.
Benchmarking EvaluateDepth/arithmetic/60
Benchmarking EvaluateDepth/arithmetic/60: Warming up for 2.0000 s
Benchmarking EvaluateDepth/arithmetic/60: Collecting 20 samples in estimated 4.0096 s (68k iterations)
Benchmarking EvaluateDepth/arithmetic/60: Analyzing
EvaluateDepth/arithmetic/60
                        time:   [57.714 µs 57.850 µs 57.991 µs]
                        change: [−5.9889% −4.7959% −3.8210%] (p = 0.00 < 0.05)
                        Performance has improved.
Benchmarking EvaluateDepth/arithmetic/120
Benchmarking EvaluateDepth/arithmetic/120: Warming up for 2.0000 s
Benchmarking EvaluateDepth/arithmetic/120: Collecting 20 samples in estimated 4.0433 s (19k iterations)
Benchmarking EvaluateDepth/arithmetic/120: Analyzing
EvaluateDepth/arithmetic/120
                        time:   [206.02 µs 206.57 µs 207.21 µs]
                        change: [−4.9868% −3.4912% −2.5002%] (p = 0.00 < 0.05)
                        Performance has improved.
Benchmarking EvaluateDepth/arithmetic/240
Benchmarking EvaluateDepth/arithmetic/240: Warming up for 2.0000 s
Benchmarking EvaluateDepth/arithmetic/240: Collecting 20 samples in estimated 4.1491 s (5250 iterations)
Benchmarking EvaluateDepth/arithmetic/240: Analyzing
EvaluateDepth/arithmetic/240
                        time:   [782.20 µs 784.85 µs 787.34 µs]
                        change: [−3.6834% −2.9219% −2.3087%] (p = 0.00 < 0.05)
                        Performance has improved.

Benchmarking StructuralKeyDepth/arithmetic/30
Benchmarking StructuralKeyDepth/arithmetic/30: Warming up for 2.0000 s
Benchmarking StructuralKeyDepth/arithmetic/30: Collecting 20 samples in estimated 4.0001 s (6.4M iterations)
Benchmarking StructuralKeyDepth/arithmetic/30: Analyzing
StructuralKeyDepth/arithmetic/30
                        time:   [618.67 ns 620.17 ns 621.73 ns]
                        change: [−4.9746% −3.4837% −2.1001%] (p = 0.00 < 0.05)
                        Performance has improved.
Benchmarking StructuralKeyDepth/arithmetic/60
Benchmarking StructuralKeyDepth/arithmetic/60: Warming up for 2.0000 s
Benchmarking StructuralKeyDepth/arithmetic/60: Collecting 20 samples in estimated 4.0002 s (2.6M iterations)
Benchmarking StructuralKeyDepth/arithmetic/60: Analyzing
StructuralKeyDepth/arithmetic/60
                        time:   [1.5112 µs 1.5154 µs 1.5207 µs]
                        change: [−2.4497% −1.3876% −0.5576%] (p = 0.00 < 0.05)
                        Change within noise threshold.
Found 1 outliers among 20 measurements (5.00%)
  1 (5.00%) high mild
Benchmarking StructuralKeyDepth/arithmetic/120
Benchmarking StructuralKeyDepth/arithmetic/120: Warming up for 2.0000 s
Benchmarking StructuralKeyDepth/arithmetic/120: Collecting 20 samples in estimated 4.0003 s (1.3M iterations)
Benchmarking StructuralKeyDepth/arithmetic/120: Analyzing
StructuralKeyDepth/arithmetic/120
                        time:   [3.0021 µs 3.0089 µs 3.0176 µs]
                        change: [−5.8773% −3.6589% −2.2521%] (p = 0.00 < 0.05)
                        Performance has improved.
Found 3 outliers among 20 measurements (15.00%)
  2 (10.00%) high mild
  1 (5.00%) high severe
Benchmarking StructuralKeyDepth/arithmetic/240
Benchmarking StructuralKeyDepth/arithmetic/240: Warming up for 2.0000 s
Benchmarking StructuralKeyDepth/arithmetic/240: Collecting 20 samples in estimated 4.0005 s (640k iterations)
Benchmarking StructuralKeyDepth/arithmetic/240: Analyzing
StructuralKeyDepth/arithmetic/240
                        time:   [6.2088 µs 6.2289 µs 6.2501 µs]
                        change: [−1.6174% −1.2663% −0.8882%] (p = 0.00 < 0.05)
                        Change within noise threshold.
Found 1 outliers among 20 measurements (5.00%)
  1 (5.00%) high severe

Benchmarking StructuralKeyFallback/object/128
Benchmarking StructuralKeyFallback/object/128: Warming up for 2.0000 s
Benchmarking StructuralKeyFallback/object/128: Collecting 20 samples in estimated 4.0005 s (1.6M iterations)
Benchmarking StructuralKeyFallback/object/128: Analyzing
StructuralKeyFallback/object/128
                        time:   [2.5265 µs 2.5315 µs 2.5363 µs]
                        change: [−2.1073% −1.7713% −1.4358%] (p = 0.00 < 0.05)
                        Performance has improved.
Benchmarking StructuralKeyFallback/object/129
Benchmarking StructuralKeyFallback/object/129: Warming up for 2.0000 s
Benchmarking StructuralKeyFallback/object/129: Collecting 20 samples in estimated 4.0007 s (464k iterations)
Benchmarking StructuralKeyFallback/object/129: Analyzing
StructuralKeyFallback/object/129
                        time:   [8.5500 µs 8.5829 µs 8.6336 µs]
                        change: [+0.2327% +0.8864% +1.5990%] (p = 0.01 < 0.05)
                        Change within noise threshold.

   Compiling stylex_transform v0.18.6-rc.1 (/Users/vladislavbuinovski/Projects/Facebook/stylex-swc-plugin.git/leg1-control/crates/stylex-transform)
    Finished `bench` profile [optimized + debuginfo] target(s) in 6m 08s
     Running benches/module_path_bench.rs (/Users/vladislavbuinovski/Projects/Facebook/stylex-swc-plugin.git/target-leg1c2/release/deps/module_path_bench-a4e0b54900e6a781)
Benchmarking ModuleWalk/calls/1x
Benchmarking ModuleWalk/calls/1x: Warming up for 2.0000 s
Benchmarking ModuleWalk/calls/1x: Collecting 20 samples in estimated 4.0183 s (20k iterations)
Benchmarking ModuleWalk/calls/1x: Analyzing
ModuleWalk/calls/1x     time:   [149.68 µs 150.19 µs 150.73 µs]
                        change: [−12.536% −10.261% −8.5137%] (p = 0.00 < 0.05)
                        Performance has improved.
Found 1 outliers among 20 measurements (5.00%)
  1 (5.00%) low mild
Benchmarking ModuleWalk/no-calls/1x
Benchmarking ModuleWalk/no-calls/1x: Warming up for 2.0000 s
Benchmarking ModuleWalk/no-calls/1x: Collecting 20 samples in estimated 4.0121 s (63k iterations)
Benchmarking ModuleWalk/no-calls/1x: Analyzing
ModuleWalk/no-calls/1x  time:   [21.649 µs 21.838 µs 21.975 µs]
                        change: [−11.563% −8.5983% −6.0219%] (p = 0.00 < 0.05)
                        Performance has improved.
Benchmarking ModuleWalk/imported/1x
Benchmarking ModuleWalk/imported/1x: Warming up for 2.0000 s
Benchmarking ModuleWalk/imported/1x: Collecting 20 samples in estimated 4.0552 s (14k iterations)
Benchmarking ModuleWalk/imported/1x: Analyzing
ModuleWalk/imported/1x  time:   [223.96 µs 225.09 µs 226.22 µs]
                        change: [−13.522% −9.4240% −5.6453%] (p = 0.00 < 0.05)
                        Performance has improved.
Benchmarking ModuleWalk/calls/4x
Benchmarking ModuleWalk/calls/4x: Warming up for 2.0000 s
Benchmarking ModuleWalk/calls/4x: Collecting 20 samples in estimated 4.1107 s (5040 iterations)
Benchmarking ModuleWalk/calls/4x: Analyzing
ModuleWalk/calls/4x     time:   [592.99 µs 595.38 µs 597.84 µs]
                        change: [−9.0807% −7.6433% −6.4657%] (p = 0.00 < 0.05)
                        Performance has improved.
Benchmarking ModuleWalk/no-calls/4x
Benchmarking ModuleWalk/no-calls/4x: Warming up for 2.0000 s
Benchmarking ModuleWalk/no-calls/4x: Collecting 20 samples in estimated 4.0088 s (16k iterations)
Benchmarking ModuleWalk/no-calls/4x: Analyzing
ModuleWalk/no-calls/4x  time:   [80.969 µs 81.449 µs 81.880 µs]
                        change: [−21.422% −13.852% −8.1654%] (p = 0.00 < 0.05)
                        Performance has improved.
Benchmarking ModuleWalk/imported/4x
Benchmarking ModuleWalk/imported/4x: Warming up for 2.0000 s
Benchmarking ModuleWalk/imported/4x: Collecting 20 samples in estimated 4.2118 s (3990 iterations)
Benchmarking ModuleWalk/imported/4x: Analyzing
ModuleWalk/imported/4x  time:   [823.31 µs 824.71 µs 826.32 µs]
                        change: [−8.8225% −6.8841% −4.8782%] (p = 0.00 < 0.05)
                        Performance has improved.
Found 2 outliers among 20 measurements (10.00%)
  1 (5.00%) low mild
  1 (5.00%) high severe

Benchmarking SeenModuleSource/kept/calls/1x
Benchmarking SeenModuleSource/kept/calls/1x: Warming up for 2.0000 s
Benchmarking SeenModuleSource/kept/calls/1x: Collecting 20 samples in estimated 4.0365 s (16k iterations)
Benchmarking SeenModuleSource/kept/calls/1x: Analyzing
SeenModuleSource/kept/calls/1x
                        time:   [202.89 µs 204.13 µs 206.08 µs]
                        change: [−11.238% −6.2898% −2.4604%] (p = 0.01 < 0.05)
                        Performance has improved.
Found 2 outliers among 20 measurements (10.00%)
  2 (10.00%) high severe
Benchmarking SeenModuleSource/kept/no-calls/1x
Benchmarking SeenModuleSource/kept/no-calls/1x: Warming up for 2.0000 s
Benchmarking SeenModuleSource/kept/no-calls/1x: Collecting 20 samples in estimated 4.0153 s (39k iterations)
Benchmarking SeenModuleSource/kept/no-calls/1x: Analyzing
SeenModuleSource/kept/no-calls/1x
                        time:   [60.168 µs 60.342 µs 60.514 µs]
                        change: [−7.7252% −5.7032% −4.2397%] (p = 0.00 < 0.05)
                        Performance has improved.
Found 1 outliers among 20 measurements (5.00%)
  1 (5.00%) high mild
Benchmarking SeenModuleSource/kept/calls/4x
Benchmarking SeenModuleSource/kept/calls/4x: Warming up for 2.0000 s
Benchmarking SeenModuleSource/kept/calls/4x: Collecting 20 samples in estimated 4.0732 s (3990 iterations)
Benchmarking SeenModuleSource/kept/calls/4x: Analyzing
SeenModuleSource/kept/calls/4x
                        time:   [796.35 µs 797.97 µs 799.70 µs]
                        change: [−3.3454% −2.5908% −1.8983%] (p = 0.00 < 0.05)
                        Performance has improved.
Benchmarking SeenModuleSource/kept/no-calls/4x
Benchmarking SeenModuleSource/kept/no-calls/4x: Warming up for 2.0000 s
Benchmarking SeenModuleSource/kept/no-calls/4x: Collecting 20 samples in estimated 4.0570 s (10k iterations)
Benchmarking SeenModuleSource/kept/no-calls/4x: Analyzing
SeenModuleSource/kept/no-calls/4x
                        time:   [235.83 µs 237.05 µs 238.32 µs]
                        change: [−3.9845% −2.4649% −0.9920%] (p = 0.00 < 0.05)
                        Change within noise threshold.
Found 1 outliers among 20 measurements (5.00%)
  1 (5.00%) high mild

Benchmarking StructuralKey/call/shallow
Benchmarking StructuralKey/call/shallow: Warming up for 2.0000 s
Benchmarking StructuralKey/call/shallow: Collecting 20 samples in estimated 4.0000 s (66M iterations)
Benchmarking StructuralKey/call/shallow: Analyzing
StructuralKey/call/shallow
                        time:   [57.885 ns 58.032 ns 58.211 ns]
                        change: [−2.1828% −1.8587% −1.5063%] (p = 0.00 < 0.05)
                        Performance has improved.
Found 1 outliers among 20 measurements (5.00%)
  1 (5.00%) high mild
Benchmarking StructuralKey/call/member
Benchmarking StructuralKey/call/member: Warming up for 2.0000 s
Benchmarking StructuralKey/call/member: Collecting 20 samples in estimated 4.0000 s (62M iterations)
Benchmarking StructuralKey/call/member: Analyzing
StructuralKey/call/member
                        time:   [63.677 ns 63.855 ns 64.042 ns]
                        change: [−2.9276% −2.4407% −1.9795%] (p = 0.00 < 0.05)
                        Performance has improved.
Found 2 outliers among 20 measurements (10.00%)
  1 (5.00%) low mild
  1 (5.00%) high mild
Benchmarking StructuralKey/call/nested
Benchmarking StructuralKey/call/nested: Warming up for 2.0000 s
Benchmarking StructuralKey/call/nested: Collecting 20 samples in estimated 4.0000 s (32M iterations)
Benchmarking StructuralKey/call/nested: Analyzing
StructuralKey/call/nested
                        time:   [123.15 ns 123.33 ns 123.49 ns]
                        change: [−6.4835% −3.5889% −1.8007%] (p = 0.01 < 0.05)
                        Performance has improved.
Found 1 outliers among 20 measurements (5.00%)
  1 (5.00%) low mild

Benchmarking StateManager/new
Benchmarking StateManager/new: Warming up for 2.0000 s
Benchmarking StateManager/new: Collecting 20 samples in estimated 4.0001 s (9.2M iterations)
Benchmarking StateManager/new: Analyzing
StateManager/new        time:   [173.83 ns 177.67 ns 180.77 ns]
                        change: [−5.3831% −3.1064% −0.7600%] (p = 0.02 < 0.05)
                        Change within noise threshold.

Benchmarking FullPipeline/calls/1x
Benchmarking FullPipeline/calls/1x: Warming up for 2.0000 s
Benchmarking FullPipeline/calls/1x: Collecting 20 samples in estimated 4.0635 s (13k iterations)
Benchmarking FullPipeline/calls/1x: Analyzing
FullPipeline/calls/1x   time:   [292.29 µs 292.99 µs 293.98 µs]
                        change: [−4.3198% −3.7237% −3.1528%] (p = 0.00 < 0.05)
                        Performance has improved.
Found 2 outliers among 20 measurements (10.00%)
  2 (10.00%) high mild
Benchmarking FullPipeline/no-calls/1x
Benchmarking FullPipeline/no-calls/1x: Warming up for 2.0000 s
Benchmarking FullPipeline/no-calls/1x: Collecting 20 samples in estimated 4.0280 s (25k iterations)
Benchmarking FullPipeline/no-calls/1x: Analyzing
FullPipeline/no-calls/1x
                        time:   [140.31 µs 141.17 µs 142.45 µs]
                        change: [−3.3555% −2.5333% −1.5980%] (p = 0.00 < 0.05)
                        Performance has improved.
Found 3 outliers among 20 measurements (15.00%)
  1 (5.00%) high mild
  2 (10.00%) high severe
Benchmarking FullPipeline/imported/1x
Benchmarking FullPipeline/imported/1x: Warming up for 2.0000 s
Benchmarking FullPipeline/imported/1x: Collecting 20 samples in estimated 4.0629 s (10k iterations)
Benchmarking FullPipeline/imported/1x: Analyzing
FullPipeline/imported/1x
                        time:   [363.03 µs 364.16 µs 365.65 µs]
                        change: [−5.6455% −4.3689% −3.3210%] (p = 0.00 < 0.05)
                        Performance has improved.
Found 2 outliers among 20 measurements (10.00%)
  2 (10.00%) high mild
Benchmarking FullPipeline/calls/4x
Benchmarking FullPipeline/calls/4x: Warming up for 2.0000 s
Benchmarking FullPipeline/calls/4x: Collecting 20 samples in estimated 4.2657 s (3360 iterations)
Benchmarking FullPipeline/calls/4x: Analyzing
FullPipeline/calls/4x   time:   [1.1474 ms 1.1497 ms 1.1518 ms]
                        change: [−7.0823% −5.0582% −3.5898%] (p = 0.00 < 0.05)
                        Performance has improved.
Found 1 outliers among 20 measurements (5.00%)
  1 (5.00%) high mild
Benchmarking FullPipeline/no-calls/4x
Benchmarking FullPipeline/no-calls/4x: Warming up for 2.0000 s
Benchmarking FullPipeline/no-calls/4x: Collecting 20 samples in estimated 4.0811 s (6510 iterations)
Benchmarking FullPipeline/no-calls/4x: Analyzing
FullPipeline/no-calls/4x
                        time:   [544.37 µs 546.82 µs 550.00 µs]
                        change: [−3.4498% −1.3457% +1.9944%] (p = 0.53 > 0.05)
                        No change in performance detected.
Found 2 outliers among 20 measurements (10.00%)
  1 (5.00%) high mild
  1 (5.00%) high severe
Benchmarking FullPipeline/imported/4x
Benchmarking FullPipeline/imported/4x: Warming up for 2.0000 s
Benchmarking FullPipeline/imported/4x: Collecting 20 samples in estimated 4.0554 s (2730 iterations)
Benchmarking FullPipeline/imported/4x: Analyzing
FullPipeline/imported/4x
                        time:   [1.3804 ms 1.3851 ms 1.3910 ms]
                        change: [−6.5014% −5.7778% −5.0674%] (p = 0.00 < 0.05)
                        Performance has improved.
Found 1 outliers among 20 measurements (5.00%)
  1 (5.00%) high mild

