// Jest Snapshot v1, https://jestjs.io/docs/snapshot-testing

exports[`RSC render styles successfully 1`] = `
<div>
  <div
    class="x78zum5 xdt5ytf x8jxyw0 xh8yej3 xjn9wdj"
  >
    <header
      class="x78zum5 xdt5ytf x174rpm x6s0dn4 x1pbinxa x2b8uid"
    >
      <div
        class="xqcrz7y xrtaka1 x1jbjvx8 xu4xbrw x1xlr1w8 x9pfba7 xtvhhri x14jmrtd xgl9mlu x16w82hj x15fabq4"
      >
        React Server Components
      </div>
      <h1
        class="x1ghz6dp xuo8wet x1xlr1w8 x72az59 x1159mfc"
      >
        Server + Client,
        <span
          class="x4pahdu x1ta4xzc x19co3pv"
        >
           one stylesheet
        </span>
      </h1>
      <p
        class="x11gisft x1ghz6dp x10rd3nw xa7kkou x1wnytfk xc3d4o2"
      >
        The card on the left renders entirely on the server. The one on the right hydrates as an interactive client island. Both are styled with StyleX, compiled by the Rust compiler, and extracted into a single static CSS file — no runtime style injection anywhere.
      </p>
    </header>
    <div
      class="xrvj5dj x1o61qjw x1pm2qn7 xl8h7iu x7a106z"
    >
      <section
        class="x78zum5 xdt5ytf x174rpm x1uiqgbt x123a5s x14i5bq x1z0ncqe x1y0btm7 xmkeg23 x994veo x18s4fx8 x1qzuily xmn4e3e"
      >
        <div
          class="xqcrz7y xrtaka1 x1jbjvx8 xu4xbrw x1xlr1w8 x9pfba7 xtvhhri x14jmrtd x2abuud x1cj3xe0 xcsg0hm"
        >
          Server Component
        </div>
        <h2
          class="x1ghz6dp x1slvqsj x1s688f"
        >
          Zero-JS rendering
        </h2>
        <p
          class="x1ghz6dp x1yts6l2 x1dbl2gt x1wnytfk xc3d4o2"
        >
          No 
          <code
            class="xj29cd2 x1ffnvi7 xeb7xqv xuc7vwi x12oqio5"
          >
            'use client'
          </code>
           directive, no hydration, no bundle cost. The markup arrives fully styled because the CSS below was generated at build time.
        </p>
        <ul
          class="x78zum5 xdt5ytf x1axzz7l x1ghz6dp x1717udv xe8uvvx"
        >
          <li
            class="x78zum5 x1axzz7l x1pha0wt x1yts6l2 x1dbl2gt"
          >
            <span
              class="x1xlr1w8 x2abuud"
            >
              ✓
            </span>
            Styles compiled by the NAPI-RS StyleX compiler
          </li>
          <li
            class="x78zum5 x1axzz7l x1pha0wt x1yts6l2 x1dbl2gt"
          >
            <span
              class="x1xlr1w8 x2abuud"
            >
              ✓
            </span>
            Extracted through virtual CSS imports in the server graph
          </li>
          <li
            class="x78zum5 x1axzz7l x1pha0wt x1yts6l2 x1dbl2gt"
          >
            <span
              class="x1xlr1w8 x2abuud"
            >
              ✓
            </span>
            Mirrored into the client build — deduplicated, sorted, atomic
          </li>
        </ul>
        <pre
          class="x1ghz6dp x1eevxai x1ump4x1 xw2csxc x1ffnvi7 x1ksby8q x1dbl2gt x12mrs1y xcl3e9d"
        >
          <code>
            stylex.create({ card: { … } })
→ .x1a2b3c { … }  /* static CSS */
          </code>
        </pre>
      </section>
      <section
        class="x78zum5 xdt5ytf x174rpm x1uiqgbt x123a5s x14i5bq x1z0ncqe x1y0btm7 xmkeg23 x994veo x18s4fx8 x1arud27 xmn4e3e x1lz31oe x13dflua x16n73rl"
      >
        <div
          class="xqcrz7y xrtaka1 x1jbjvx8 xu4xbrw x1xlr1w8 x9pfba7 xtvhhri x14jmrtd x1nq7u67 x1mzcup"
        >
          Client Component
        </div>
        <h2
          class="x1ghz6dp x1slvqsj x1s688f"
        >
          Interactive island
        </h2>
        <p
          class="x1ghz6dp x1yts6l2 x1dbl2gt x1wnytfk xc3d4o2"
        >
          This card ships JavaScript: 
          <code
            class="xj29cd2 x1ffnvi7 xeb7xqv xuc7vwi x12oqio5"
          >
            useState
          </code>
          , event handlers, and conditional styles — all resolved from the same compile-time CSS.
        </p>
        <div
          class="x78zum5 xvpv3m0 x6s0dn4 xl56j7k x1ihn9jf"
        >
          <button
            aria-label="Decrement"
            class="x78zum5 x6s0dn4 xl56j7k x1useyqa xsdox4t x1rnljn9 xepzqcl x1iikomf x1nq7u67 x1ypdohk xjbqb8w x5ipom0 x1hohkd8 xzzlgki x1y0btm7 xmkeg23 xcl3e9d x1r0vdo7 xx6bhzk xuo13n2"
          >
            −
          </button>
          <output
            class="x17y4j5z x1ffnvi7 x15j1j6k x1ny7uwr x2b8uid x13dflua x1jbe559"
          >
            0
          </output>
          <button
            aria-label="Increment"
            class="x78zum5 x6s0dn4 xl56j7k x1useyqa xsdox4t x1rnljn9 xepzqcl x1iikomf x1nq7u67 x1ypdohk xjbqb8w x5ipom0 x1hohkd8 xzzlgki x1y0btm7 xmkeg23 xcl3e9d x1r0vdo7 xx6bhzk xuo13n2"
          >
            +
          </button>
        </div>
        <button
          class="xamitd3 xrtaka1 x110ps4x x1rnljn9 x1ksby8q x1wnytfk x1dpybvz x1ypdohk xjbqb8w x4dwmdg x1f1h3qa x1y0btm7 xmkeg23 xcl3e9d x13dflua x1hctx40 xg01cxk x47corl"
        >
          Reset
        </button>
      </section>
    </div>
    <footer
      class="x1d72a1h x1ksby8q x2b8uid x1t0544i xlvvj1s"
    >
      Rendered with 
      <span
        class="x1s688f x1nq7u67"
      >
        Next.js on Rspack
      </span>
       · StyleX extraction for Server and Client Components via
       
      <code
        class="xj29cd2 x1ffnvi7 xeb7xqv xuc7vwi x12oqio5"
      >
        @stylexswc/nextjs-plugin/rspack
      </code>
    </footer>
  </div>
</div>
`;
